#
# There is insufficient memory for the Java Runtime Environment to continue.
# Native memory allocation (malloc) failed to allocate 8256 bytes. Error detail: AllocateHeap
# Possible reasons:
#   The system is out of physical RAM or swap space
#   This process is running with CompressedOops enabled, and the Java Heap may be blocking the growth of the native heap
# Possible solutions:
#   Reduce memory load on the system
#   Increase physical memory or swap space
#   Check if swap backing store is full
#   Decrease Java heap size (-Xmx/-Xms)
#   Decrease number of Java threads
#   Decrease Java thread stack sizes (-Xss)
#   Set larger code cache with -XX:ReservedCodeCacheSize=
#   JVM is running with Unscaled Compressed Oops mode in which the Java heap is
#     placed in the first 4GB address space. The Java Heap base address is the
#     maximum limit for the native heap growth. Please use -XX:HeapBaseMinAddress
#     to set the Java Heap base and to place the Java Heap above 4GB virtual address.
# This output file may be truncated or incomplete.
#
#  Out of Memory Error (allocation.cpp:44), pid=27576, tid=13452
#
# JRE version: Java(TM) SE Runtime Environment (24.0.2+12) (build 24.0.2+12-54)
# Java VM: Java HotSpot(TM) 64-Bit Server VM (24.0.2+12-54, mixed mode, emulated-client, sharing, tiered, compressed oops, compressed class ptrs, g1 gc, windows-amd64)
# No core dump will be written. Minidumps are not enabled by default on client versions of Windows
#

---------------  S U M M A R Y ------------

Command Line: -Dcom.sun.management.jmxremote -Dcom.sun.management.jmxremote.port=51866 -Dcom.sun.management.jmxremote.authenticate=false -Dcom.sun.management.jmxremote.ssl=false -Djava.rmi.server.hostname=localhost -Dspring.jmx.enabled=true -Dmanagement.endpoints.jmx.exposure.include=* -Dspring.application.admin.enabled=true -Dspring.output.ansi.enabled=always -XX:TieredStopAtLevel=1 -Dspring.boot.project.name=repromarket-crane -Dfile.encoding=UTF-8 -Dstdout.encoding=UTF-8 -Dstderr.encoding=UTF-8 -XX:+ShowCodeDetailsInExceptionMessages org.code_studio.MainApplication

Host: Intel(R) Core(TM) i7-5500U CPU @ 2.40GHz, 4 cores, 7G,  Windows 10 , 64 bit Build 19041 (10.0.19041.7291)
Time: Wed May 20 14:24:47 2026 Central Europe Daylight Time elapsed time: 9.839454 seconds (0d 0h 0m 9s)

---------------  T H R E A D  ---------------

Current thread (0x000002704ee3c650):  JavaThread "C1 CompilerThread0" daemon [_thread_in_vm, id=13452, stack(0x000000bb7c900000,0x000000bb7ca00000) (1024K)]


Current CompileTask:
C1:9839 2127       1       java.lang.invoke.InvokerBytecodeGenerator::refKindOpcode (112 bytes)

Stack: [0x000000bb7c900000,0x000000bb7ca00000]
Native frames: (J=compiled Java code, j=interpreted, Vv=VM code, C=native code)
V  [jvm.dll+0x730829]  (no source info available)
V  [jvm.dll+0x8d9da3]  (no source info available)
V  [jvm.dll+0x8dc28d]  (no source info available)
V  [jvm.dll+0x8dc903]  (no source info available)
V  [jvm.dll+0x2a9f56]  (no source info available)
V  [jvm.dll+0xbe8f7]  (no source info available)
V  [jvm.dll+0x880a79]  (no source info available)
V  [jvm.dll+0x8814c9]  (no source info available)
V  [jvm.dll+0x880fde]  (no source info available)
V  [jvm.dll+0x8857ff]  (no source info available)
V  [jvm.dll+0x42f9f9]  (no source info available)
V  [jvm.dll+0x27e9e9]  (no source info available)
V  [jvm.dll+0x27f435]  (no source info available)
V  [jvm.dll+0x27c3c8]  (no source info available)
V  [jvm.dll+0x42f396]  (no source info available)
V  [jvm.dll+0x87d9eb]  (no source info available)
V  [jvm.dll+0x72ef45]  (no source info available)
C  [ucrtbase.dll+0x21bb2]  (no source info available)
C  [KERNEL32.DLL+0x17374]  (no source info available)
C  [ntdll.dll+0x4cc91]  (no source info available)

Lock stack of current Java thread (top to bottom):


---------------  P R O C E S S  ---------------

Threads class SMR info:
_java_thread_list=0x0000027094827290, length=14, elements={
0x000002703c75bff0, 0x000002704ee328c0, 0x000002704ee34f60, 0x000002704ee36970,
0x000002704ee3a4c0, 0x000002704ee3aff0, 0x000002704ee3bb20, 0x000002704ee3c650,
0x00000270940aef60, 0x00000270940af6a0, 0x0000027094979340, 0x000002709497efc0,
0x0000027094991b60, 0x00000270945e7340
}
_to_delete_list=0x0000027094a72e60, length=13, elements={
0x000002703c75bff0, 0x000002704ee328c0, 0x000002704ee34f60, 0x000002704ee36970,
0x000002704ee3a4c0, 0x000002704ee3aff0, 0x000002704ee3bb20, 0x000002704ee3c650,
0x00000270940aef60, 0x00000270940af6a0, 0x0000027094979340, 0x000002709497efc0,
0x0000027094991b60
}

Java Threads: ( => current thread )
  0x000002703c75bff0 JavaThread "main"                              [_thread_in_vm, id=3784, stack(0x000000bb7bb00000,0x000000bb7bc00000) (1024K)]
  0x000002704ee328c0 JavaThread "Reference Handler"          daemon [_thread_blocked, id=12260, stack(0x000000bb7c300000,0x000000bb7c400000) (1024K)]
  0x000002704ee34f60 JavaThread "Finalizer"                  daemon [_thread_blocked, id=24548, stack(0x000000bb7c400000,0x000000bb7c500000) (1024K)]
  0x000002704ee36970 JavaThread "Signal Dispatcher"          daemon [_thread_blocked, id=14752, stack(0x000000bb7c500000,0x000000bb7c600000) (1024K)]
  0x000002704ee3a4c0 JavaThread "Attach Listener"            daemon [_thread_blocked, id=10248, stack(0x000000bb7c600000,0x000000bb7c700000) (1024K)]
  0x000002704ee3aff0 JavaThread "Service Thread"             daemon [_thread_blocked, id=22876, stack(0x000000bb7c700000,0x000000bb7c800000) (1024K)]
  0x000002704ee3bb20 JavaThread "Monitor Deflation Thread"   daemon [_thread_blocked, id=10512, stack(0x000000bb7c800000,0x000000bb7c900000) (1024K)]
=>0x000002704ee3c650 JavaThread "C1 CompilerThread0"         daemon [_thread_in_vm, id=13452, stack(0x000000bb7c900000,0x000000bb7ca00000) (1024K)]
  0x00000270940aef60 JavaThread "Notification Thread"        daemon [_thread_blocked, id=488, stack(0x000000bb7cb00000,0x000000bb7cc00000) (1024K)]
  0x00000270940af6a0 JavaThread "Common-Cleaner"             daemon [_thread_blocked, id=28160, stack(0x000000bb7cc00000,0x000000bb7cd00000) (1024K)]
  0x0000027094979340 JavaThread "RMI TCP Accept-0"           daemon [_thread_in_native, id=10372, stack(0x000000bb7ce00000,0x000000bb7cf00000) (1024K)]
  0x000002709497efc0 JavaThread "RMI TCP Accept-51866"       daemon [_thread_in_native, id=29684, stack(0x000000bb7cf00000,0x000000bb7d000000) (1024K)]
  0x0000027094991b60 JavaThread "RMI TCP Accept-0"           daemon [_thread_in_native, id=30848, stack(0x000000bb7d000000,0x000000bb7d100000) (1024K)]
  0x00000270945e7340 JavaThread "C1 CompilerThread1"         daemon [_thread_new, id=30908, stack(0x0000000000000000,0x0000000000000000) (0B)]
Total: 14

Other Threads:
  0x000002704ee1e940 VMThread "VM Thread"                           [id=12732, stack(0x000000bb7c200000,0x000000bb7c300000) (1024K)]
  0x000002704ee13460 WatcherThread "VM Periodic Task Thread"        [id=7044, stack(0x000000bb7c100000,0x000000bb7c200000) (1024K)]
  0x000002703ea85dd0 WorkerThread "GC Thread#0"                     [id=26988, stack(0x000000bb7bc00000,0x000000bb7bd00000) (1024K)]
  0x0000027094ad9680 WorkerThread "GC Thread#1"                     [id=30108, stack(0x000000bb7d100000,0x000000bb7d200000) (1024K)]
  0x0000027094ad9a30 WorkerThread "GC Thread#2"                     [id=20956, stack(0x000000bb7d200000,0x000000bb7d300000) (1024K)]
  0x0000027094afa520 WorkerThread "GC Thread#3"                     [id=28896, stack(0x000000bb7d300000,0x000000bb7d400000) (1024K)]
  0x000002703ea9aa10 ConcurrentGCThread "G1 Main Marker"            [id=25400, stack(0x000000bb7bd00000,0x000000bb7be00000) (1024K)]
  0x000002703ea9b430 WorkerThread "G1 Conc#0"                       [id=1468, stack(0x000000bb7be00000,0x000000bb7bf00000) (1024K)]
  0x000002703eaed1a0 ConcurrentGCThread "G1 Refine#0"               [id=27752, stack(0x000000bb7bf00000,0x000000bb7c000000) (1024K)]
  0x000002703eaedc30 ConcurrentGCThread "G1 Service"                [id=29680, stack(0x000000bb7c000000,0x000000bb7c100000) (1024K)]
Total: 10

Threads with active compile tasks:
C1 CompilerThread0  9910 2127       1       java.lang.invoke.InvokerBytecodeGenerator::refKindOpcode (112 bytes)
Total: 1

VM state: not at safepoint (normal execution)

VM Mutex/Monitor currently owned by a thread:  ([mutex/lock_event])
[0x00007ffa9fc424f0] Metaspace_lock - owner thread: 0x000002703c75bff0
[0x00007ffa9fc43470] CompileThread_lock - owner thread: 0x000002704ee3c650
[0x00007ffa9fc444f0] Threads_lock - owner thread: 0x000002704ee3c650

Heap address: 0x0000000081400000, size: 2028 MB, Compressed Oops mode: 32-bit

CDS archive(s) mapped at: [0x000002704f000000-0x000002704fd40000-0x000002704fd40000), size 13893632, SharedBaseAddress: 0x000002704f000000, ArchiveRelocationMode: 1.
Compressed class space mapped at: 0x0000027050000000-0x0000027090000000, reserved size: 1073741824
UseCompressedClassPointers 1, UseCompactObjectHeaders 0
Narrow klass pointer bits 32, Max shift 3
Narrow klass base: 0x000002704f000000, Narrow klass shift: 0
Encoding Range: [0x000002704f000000 - 0x000002714f000000), (4294967296 bytes)
Klass Range:    [0x000002704f000000 - 0x0000027090000000), (1090519040 bytes)
Klass ID Range:  [8 - 1090519033) (1090519025)

GC Precious Log:
 CardTable entry size: 512
 Card Set container configuration: InlinePtr #cards 5 size 8 Array Of Cards #cards 10 size 36 Howl #buckets 4 coarsen threshold 1843 Howl Bitmap #cards 512 size 80 coarsen threshold 460 Card regions per heap region 1 cards per card region 2048
 CPUs: 4 total, 4 available
 Memory: 8111M
 Large Page Support: Disabled
 NUMA Support: Disabled
 Compressed Oops: Enabled (32-bit)
 Heap Region Size: 1M
 Heap Min Capacity: 8M
 Heap Initial Capacity: 128M
 Heap Max Capacity: 2028M
 Pre-touch: Disabled
 Parallel Workers: 4
 Concurrent Workers: 1
 Concurrent Refinement Workers: 4
 Periodic GC: Disabled

Heap:
 garbage-first heap   total reserved 2076672K, committed 133120K, used 23156K [0x0000000081400000, 0x0000000100000000)
  region size 1024K, 21 young (21504K), 4 survivors (4096K)
 Metaspace       used 11920K, committed 12160K, reserved 1114112K
  class space    used 1418K, committed 1536K, reserved 1048576K

Heap Regions: E=young(eden), S=young(survivor), O=old, HS=humongous(starts), HC=humongous(continues), CS=collection set, F=free, TAMS=top-at-mark-start, PB=parsable bottom
|   0|0x0000000081400000, 0x0000000081500000, 0x0000000081500000|100%| O|  |TAMS 0x0000000081400000| PB 0x0000000081400000| Untracked |  0
|   1|0x0000000081500000, 0x000000008157ff80, 0x0000000081600000| 49%| O|  |TAMS 0x0000000081500000| PB 0x0000000081500000| Untracked |  0
|   2|0x0000000081600000, 0x0000000081600000, 0x0000000081700000|  0%| F|  |TAMS 0x0000000081600000| PB 0x0000000081600000| Untracked |  0
|   3|0x0000000081700000, 0x0000000081700000, 0x0000000081800000|  0%| F|  |TAMS 0x0000000081700000| PB 0x0000000081700000| Untracked |  0
|   4|0x0000000081800000, 0x0000000081800000, 0x0000000081900000|  0%| F|  |TAMS 0x0000000081800000| PB 0x0000000081800000| Untracked |  0
|   5|0x0000000081900000, 0x0000000081900000, 0x0000000081a00000|  0%| F|  |TAMS 0x0000000081900000| PB 0x0000000081900000| Untracked |  0
|   6|0x0000000081a00000, 0x0000000081a00000, 0x0000000081b00000|  0%| F|  |TAMS 0x0000000081a00000| PB 0x0000000081a00000| Untracked |  0
|   7|0x0000000081b00000, 0x0000000081b00000, 0x0000000081c00000|  0%| F|  |TAMS 0x0000000081b00000| PB 0x0000000081b00000| Untracked |  0
|   8|0x0000000081c00000, 0x0000000081c00000, 0x0000000081d00000|  0%| F|  |TAMS 0x0000000081c00000| PB 0x0000000081c00000| Untracked |  0
|   9|0x0000000081d00000, 0x0000000081d00000, 0x0000000081e00000|  0%| F|  |TAMS 0x0000000081d00000| PB 0x0000000081d00000| Untracked |  0
|  10|0x0000000081e00000, 0x0000000081e00000, 0x0000000081f00000|  0%| F|  |TAMS 0x0000000081e00000| PB 0x0000000081e00000| Untracked |  0
|  11|0x0000000081f00000, 0x0000000081f00000, 0x0000000082000000|  0%| F|  |TAMS 0x0000000081f00000| PB 0x0000000081f00000| Untracked |  0
|  12|0x0000000082000000, 0x0000000082000000, 0x0000000082100000|  0%| F|  |TAMS 0x0000000082000000| PB 0x0000000082000000| Untracked |  0
|  13|0x0000000082100000, 0x0000000082100000, 0x0000000082200000|  0%| F|  |TAMS 0x0000000082100000| PB 0x0000000082100000| Untracked |  0
|  14|0x0000000082200000, 0x0000000082200000, 0x0000000082300000|  0%| F|  |TAMS 0x0000000082200000| PB 0x0000000082200000| Untracked |  0
|  15|0x0000000082300000, 0x0000000082300000, 0x0000000082400000|  0%| F|  |TAMS 0x0000000082300000| PB 0x0000000082300000| Untracked |  0
|  16|0x0000000082400000, 0x0000000082400000, 0x0000000082500000|  0%| F|  |TAMS 0x0000000082400000| PB 0x0000000082400000| Untracked |  0
|  17|0x0000000082500000, 0x0000000082500000, 0x0000000082600000|  0%| F|  |TAMS 0x0000000082500000| PB 0x0000000082500000| Untracked |  0
|  18|0x0000000082600000, 0x0000000082600000, 0x0000000082700000|  0%| F|  |TAMS 0x0000000082600000| PB 0x0000000082600000| Untracked |  0
|  19|0x0000000082700000, 0x0000000082700000, 0x0000000082800000|  0%| F|  |TAMS 0x0000000082700000| PB 0x0000000082700000| Untracked |  0
|  20|0x0000000082800000, 0x0000000082800000, 0x0000000082900000|  0%| F|  |TAMS 0x0000000082800000| PB 0x0000000082800000| Untracked |  0
|  21|0x0000000082900000, 0x0000000082900000, 0x0000000082a00000|  0%| F|  |TAMS 0x0000000082900000| PB 0x0000000082900000| Untracked |  0
|  22|0x0000000082a00000, 0x0000000082a00000, 0x0000000082b00000|  0%| F|  |TAMS 0x0000000082a00000| PB 0x0000000082a00000| Untracked |  0
|  23|0x0000000082b00000, 0x0000000082b00000, 0x0000000082c00000|  0%| F|  |TAMS 0x0000000082b00000| PB 0x0000000082b00000| Untracked |  0
|  24|0x0000000082c00000, 0x0000000082c00000, 0x0000000082d00000|  0%| F|  |TAMS 0x0000000082c00000| PB 0x0000000082c00000| Untracked |  0
|  25|0x0000000082d00000, 0x0000000082d00000, 0x0000000082e00000|  0%| F|  |TAMS 0x0000000082d00000| PB 0x0000000082d00000| Untracked |  0
|  26|0x0000000082e00000, 0x0000000082e00000, 0x0000000082f00000|  0%| F|  |TAMS 0x0000000082e00000| PB 0x0000000082e00000| Untracked |  0
|  27|0x0000000082f00000, 0x0000000082f00000, 0x0000000083000000|  0%| F|  |TAMS 0x0000000082f00000| PB 0x0000000082f00000| Untracked |  0
|  28|0x0000000083000000, 0x0000000083000000, 0x0000000083100000|  0%| F|  |TAMS 0x0000000083000000| PB 0x0000000083000000| Untracked |  0
|  29|0x0000000083100000, 0x0000000083100000, 0x0000000083200000|  0%| F|  |TAMS 0x0000000083100000| PB 0x0000000083100000| Untracked |  0
|  30|0x0000000083200000, 0x0000000083200000, 0x0000000083300000|  0%| F|  |TAMS 0x0000000083200000| PB 0x0000000083200000| Untracked |  0
|  31|0x0000000083300000, 0x0000000083300000, 0x0000000083400000|  0%| F|  |TAMS 0x0000000083300000| PB 0x0000000083300000| Untracked |  0
|  32|0x0000000083400000, 0x0000000083400000, 0x0000000083500000|  0%| F|  |TAMS 0x0000000083400000| PB 0x0000000083400000| Untracked |  0
|  33|0x0000000083500000, 0x0000000083500000, 0x0000000083600000|  0%| F|  |TAMS 0x0000000083500000| PB 0x0000000083500000| Untracked |  0
|  34|0x0000000083600000, 0x0000000083600000, 0x0000000083700000|  0%| F|  |TAMS 0x0000000083600000| PB 0x0000000083600000| Untracked |  0
|  35|0x0000000083700000, 0x0000000083700000, 0x0000000083800000|  0%| F|  |TAMS 0x0000000083700000| PB 0x0000000083700000| Untracked |  0
|  36|0x0000000083800000, 0x0000000083800000, 0x0000000083900000|  0%| F|  |TAMS 0x0000000083800000| PB 0x0000000083800000| Untracked |  0
|  37|0x0000000083900000, 0x0000000083900000, 0x0000000083a00000|  0%| F|  |TAMS 0x0000000083900000| PB 0x0000000083900000| Untracked |  0
|  38|0x0000000083a00000, 0x0000000083a00000, 0x0000000083b00000|  0%| F|  |TAMS 0x0000000083a00000| PB 0x0000000083a00000| Untracked |  0
|  39|0x0000000083b00000, 0x0000000083b00000, 0x0000000083c00000|  0%| F|  |TAMS 0x0000000083b00000| PB 0x0000000083b00000| Untracked |  0
|  40|0x0000000083c00000, 0x0000000083c00000, 0x0000000083d00000|  0%| F|  |TAMS 0x0000000083c00000| PB 0x0000000083c00000| Untracked |  0
|  41|0x0000000083d00000, 0x0000000083d00000, 0x0000000083e00000|  0%| F|  |TAMS 0x0000000083d00000| PB 0x0000000083d00000| Untracked |  0
|  42|0x0000000083e00000, 0x0000000083e00000, 0x0000000083f00000|  0%| F|  |TAMS 0x0000000083e00000| PB 0x0000000083e00000| Untracked |  0
|  43|0x0000000083f00000, 0x0000000083f00000, 0x0000000084000000|  0%| F|  |TAMS 0x0000000083f00000| PB 0x0000000083f00000| Untracked |  0
|  44|0x0000000084000000, 0x0000000084000000, 0x0000000084100000|  0%| F|  |TAMS 0x0000000084000000| PB 0x0000000084000000| Untracked |  0
|  45|0x0000000084100000, 0x0000000084100000, 0x0000000084200000|  0%| F|  |TAMS 0x0000000084100000| PB 0x0000000084100000| Untracked |  0
|  46|0x0000000084200000, 0x0000000084200000, 0x0000000084300000|  0%| F|  |TAMS 0x0000000084200000| PB 0x0000000084200000| Untracked |  0
|  47|0x0000000084300000, 0x0000000084300000, 0x0000000084400000|  0%| F|  |TAMS 0x0000000084300000| PB 0x0000000084300000| Untracked |  0
|  48|0x0000000084400000, 0x0000000084400000, 0x0000000084500000|  0%| F|  |TAMS 0x0000000084400000| PB 0x0000000084400000| Untracked |  0
|  49|0x0000000084500000, 0x0000000084500000, 0x0000000084600000|  0%| F|  |TAMS 0x0000000084500000| PB 0x0000000084500000| Untracked |  0
|  50|0x0000000084600000, 0x0000000084600000, 0x0000000084700000|  0%| F|  |TAMS 0x0000000084600000| PB 0x0000000084600000| Untracked |  0
|  51|0x0000000084700000, 0x0000000084700000, 0x0000000084800000|  0%| F|  |TAMS 0x0000000084700000| PB 0x0000000084700000| Untracked |  0
|  52|0x0000000084800000, 0x0000000084800000, 0x0000000084900000|  0%| F|  |TAMS 0x0000000084800000| PB 0x0000000084800000| Untracked |  0
|  53|0x0000000084900000, 0x0000000084900000, 0x0000000084a00000|  0%| F|  |TAMS 0x0000000084900000| PB 0x0000000084900000| Untracked |  0
|  54|0x0000000084a00000, 0x0000000084a00000, 0x0000000084b00000|  0%| F|  |TAMS 0x0000000084a00000| PB 0x0000000084a00000| Untracked |  0
|  55|0x0000000084b00000, 0x0000000084b00000, 0x0000000084c00000|  0%| F|  |TAMS 0x0000000084b00000| PB 0x0000000084b00000| Untracked |  0
|  56|0x0000000084c00000, 0x0000000084c00000, 0x0000000084d00000|  0%| F|  |TAMS 0x0000000084c00000| PB 0x0000000084c00000| Untracked |  0
|  57|0x0000000084d00000, 0x0000000084d00000, 0x0000000084e00000|  0%| F|  |TAMS 0x0000000084d00000| PB 0x0000000084d00000| Untracked |  0
|  58|0x0000000084e00000, 0x0000000084e00000, 0x0000000084f00000|  0%| F|  |TAMS 0x0000000084e00000| PB 0x0000000084e00000| Untracked |  0
|  59|0x0000000084f00000, 0x0000000084f00000, 0x0000000085000000|  0%| F|  |TAMS 0x0000000084f00000| PB 0x0000000084f00000| Untracked |  0
|  60|0x0000000085000000, 0x0000000085000000, 0x0000000085100000|  0%| F|  |TAMS 0x0000000085000000| PB 0x0000000085000000| Untracked |  0
|  61|0x0000000085100000, 0x0000000085100000, 0x0000000085200000|  0%| F|  |TAMS 0x0000000085100000| PB 0x0000000085100000| Untracked |  0
|  62|0x0000000085200000, 0x0000000085200000, 0x0000000085300000|  0%| F|  |TAMS 0x0000000085200000| PB 0x0000000085200000| Untracked |  0
|  63|0x0000000085300000, 0x0000000085300000, 0x0000000085400000|  0%| F|  |TAMS 0x0000000085300000| PB 0x0000000085300000| Untracked |  0
|  64|0x0000000085400000, 0x0000000085400000, 0x0000000085500000|  0%| F|  |TAMS 0x0000000085400000| PB 0x0000000085400000| Untracked |  0
|  65|0x0000000085500000, 0x0000000085500000, 0x0000000085600000|  0%| F|  |TAMS 0x0000000085500000| PB 0x0000000085500000| Untracked |  0
|  66|0x0000000085600000, 0x0000000085600000, 0x0000000085700000|  0%| F|  |TAMS 0x0000000085600000| PB 0x0000000085600000| Untracked |  0
|  67|0x0000000085700000, 0x0000000085700000, 0x0000000085800000|  0%| F|  |TAMS 0x0000000085700000| PB 0x0000000085700000| Untracked |  0
|  68|0x0000000085800000, 0x0000000085800000, 0x0000000085900000|  0%| F|  |TAMS 0x0000000085800000| PB 0x0000000085800000| Untracked |  0
|  69|0x0000000085900000, 0x0000000085900000, 0x0000000085a00000|  0%| F|  |TAMS 0x0000000085900000| PB 0x0000000085900000| Untracked |  0
|  70|0x0000000085a00000, 0x0000000085a00000, 0x0000000085b00000|  0%| F|  |TAMS 0x0000000085a00000| PB 0x0000000085a00000| Untracked |  0
|  71|0x0000000085b00000, 0x0000000085b00000, 0x0000000085c00000|  0%| F|  |TAMS 0x0000000085b00000| PB 0x0000000085b00000| Untracked |  0
|  72|0x0000000085c00000, 0x0000000085c00000, 0x0000000085d00000|  0%| F|  |TAMS 0x0000000085c00000| PB 0x0000000085c00000| Untracked |  0
|  73|0x0000000085d00000, 0x0000000085d00000, 0x0000000085e00000|  0%| F|  |TAMS 0x0000000085d00000| PB 0x0000000085d00000| Untracked |  0
|  74|0x0000000085e00000, 0x0000000085e00000, 0x0000000085f00000|  0%| F|  |TAMS 0x0000000085e00000| PB 0x0000000085e00000| Untracked |  0
|  75|0x0000000085f00000, 0x0000000085f00000, 0x0000000086000000|  0%| F|  |TAMS 0x0000000085f00000| PB 0x0000000085f00000| Untracked |  0
|  76|0x0000000086000000, 0x0000000086000000, 0x0000000086100000|  0%| F|  |TAMS 0x0000000086000000| PB 0x0000000086000000| Untracked |  0
|  77|0x0000000086100000, 0x0000000086100000, 0x0000000086200000|  0%| F|  |TAMS 0x0000000086100000| PB 0x0000000086100000| Untracked |  0
|  78|0x0000000086200000, 0x0000000086200000, 0x0000000086300000|  0%| F|  |TAMS 0x0000000086200000| PB 0x0000000086200000| Untracked |  0
|  79|0x0000000086300000, 0x0000000086300000, 0x0000000086400000|  0%| F|  |TAMS 0x0000000086300000| PB 0x0000000086300000| Untracked |  0
|  80|0x0000000086400000, 0x0000000086400000, 0x0000000086500000|  0%| F|  |TAMS 0x0000000086400000| PB 0x0000000086400000| Untracked |  0
|  81|0x0000000086500000, 0x0000000086500000, 0x0000000086600000|  0%| F|  |TAMS 0x0000000086500000| PB 0x0000000086500000| Untracked |  0
|  82|0x0000000086600000, 0x0000000086600000, 0x0000000086700000|  0%| F|  |TAMS 0x0000000086600000| PB 0x0000000086600000| Untracked |  0
|  83|0x0000000086700000, 0x0000000086700000, 0x0000000086800000|  0%| F|  |TAMS 0x0000000086700000| PB 0x0000000086700000| Untracked |  0
|  84|0x0000000086800000, 0x0000000086800000, 0x0000000086900000|  0%| F|  |TAMS 0x0000000086800000| PB 0x0000000086800000| Untracked |  0
|  85|0x0000000086900000, 0x0000000086900000, 0x0000000086a00000|  0%| F|  |TAMS 0x0000000086900000| PB 0x0000000086900000| Untracked |  0
|  86|0x0000000086a00000, 0x0000000086a00000, 0x0000000086b00000|  0%| F|  |TAMS 0x0000000086a00000| PB 0x0000000086a00000| Untracked |  0
|  87|0x0000000086b00000, 0x0000000086b00000, 0x0000000086c00000|  0%| F|  |TAMS 0x0000000086b00000| PB 0x0000000086b00000| Untracked |  0
|  88|0x0000000086c00000, 0x0000000086c00000, 0x0000000086d00000|  0%| F|  |TAMS 0x0000000086c00000| PB 0x0000000086c00000| Untracked |  0
|  89|0x0000000086d00000, 0x0000000086d00000, 0x0000000086e00000|  0%| F|  |TAMS 0x0000000086d00000| PB 0x0000000086d00000| Untracked |  0
|  90|0x0000000086e00000, 0x0000000086e00000, 0x0000000086f00000|  0%| F|  |TAMS 0x0000000086e00000| PB 0x0000000086e00000| Untracked |  0
|  91|0x0000000086f00000, 0x0000000086f00000, 0x0000000087000000|  0%| F|  |TAMS 0x0000000086f00000| PB 0x0000000086f00000| Untracked |  0
|  92|0x0000000087000000, 0x0000000087000000, 0x0000000087100000|  0%| F|  |TAMS 0x0000000087000000| PB 0x0000000087000000| Untracked |  0
|  93|0x0000000087100000, 0x0000000087100000, 0x0000000087200000|  0%| F|  |TAMS 0x0000000087100000| PB 0x0000000087100000| Untracked |  0
|  94|0x0000000087200000, 0x0000000087200000, 0x0000000087300000|  0%| F|  |TAMS 0x0000000087200000| PB 0x0000000087200000| Untracked |  0
|  95|0x0000000087300000, 0x0000000087300000, 0x0000000087400000|  0%| F|  |TAMS 0x0000000087300000| PB 0x0000000087300000| Untracked |  0
|  96|0x0000000087400000, 0x0000000087500000, 0x0000000087500000|100%| S|CS|TAMS 0x0000000087400000| PB 0x0000000087400000| Complete |  0
|  97|0x0000000087500000, 0x0000000087600000, 0x0000000087600000|100%| S|CS|TAMS 0x0000000087500000| PB 0x0000000087500000| Complete |  0
|  98|0x0000000087600000, 0x0000000087700000, 0x0000000087700000|100%| S|CS|TAMS 0x0000000087600000| PB 0x0000000087600000| Complete |  0
|  99|0x0000000087700000, 0x0000000087800000, 0x0000000087800000|100%| S|CS|TAMS 0x0000000087700000| PB 0x0000000087700000| Complete |  0
| 100|0x0000000087800000, 0x0000000087800000, 0x0000000087900000|  0%| F|  |TAMS 0x0000000087800000| PB 0x0000000087800000| Untracked |  0
| 101|0x0000000087900000, 0x0000000087900000, 0x0000000087a00000|  0%| F|  |TAMS 0x0000000087900000| PB 0x0000000087900000| Untracked |  0
| 102|0x0000000087a00000, 0x0000000087a00000, 0x0000000087b00000|  0%| F|  |TAMS 0x0000000087a00000| PB 0x0000000087a00000| Untracked |  0
| 103|0x0000000087b00000, 0x0000000087b00000, 0x0000000087c00000|  0%| F|  |TAMS 0x0000000087b00000| PB 0x0000000087b00000| Untracked |  0
| 104|0x0000000087c00000, 0x0000000087c00000, 0x0000000087d00000|  0%| F|  |TAMS 0x0000000087c00000| PB 0x0000000087c00000| Untracked |  0
| 105|0x0000000087d00000, 0x0000000087d00000, 0x0000000087e00000|  0%| F|  |TAMS 0x0000000087d00000| PB 0x0000000087d00000| Untracked |  0
| 106|0x0000000087e00000, 0x0000000087e00000, 0x0000000087f00000|  0%| F|  |TAMS 0x0000000087e00000| PB 0x0000000087e00000| Untracked |  0
| 107|0x0000000087f00000, 0x0000000087f00000, 0x0000000088000000|  0%| F|  |TAMS 0x0000000087f00000| PB 0x0000000087f00000| Untracked |  0
| 108|0x0000000088000000, 0x0000000088000000, 0x0000000088100000|  0%| F|  |TAMS 0x0000000088000000| PB 0x0000000088000000| Untracked |  0
| 109|0x0000000088100000, 0x0000000088100000, 0x0000000088200000|  0%| F|  |TAMS 0x0000000088100000| PB 0x0000000088100000| Untracked |  0
| 110|0x0000000088200000, 0x0000000088200000, 0x0000000088300000|  0%| F|  |TAMS 0x0000000088200000| PB 0x0000000088200000| Untracked |  0
| 111|0x0000000088300000, 0x00000000883707d8, 0x0000000088400000| 43%| E|  |TAMS 0x0000000088300000| PB 0x0000000088300000| Complete |  0
| 112|0x0000000088400000, 0x0000000088500000, 0x0000000088500000|100%| E|CS|TAMS 0x0000000088400000| PB 0x0000000088400000| Complete |  0
| 113|0x0000000088500000, 0x0000000088600000, 0x0000000088600000|100%| E|CS|TAMS 0x0000000088500000| PB 0x0000000088500000| Complete |  0
| 114|0x0000000088600000, 0x0000000088700000, 0x0000000088700000|100%| E|CS|TAMS 0x0000000088600000| PB 0x0000000088600000| Complete |  0
| 115|0x0000000088700000, 0x0000000088800000, 0x0000000088800000|100%| E|CS|TAMS 0x0000000088700000| PB 0x0000000088700000| Complete |  0
| 116|0x0000000088800000, 0x0000000088900000, 0x0000000088900000|100%| E|CS|TAMS 0x0000000088800000| PB 0x0000000088800000| Complete |  0
| 117|0x0000000088900000, 0x0000000088a00000, 0x0000000088a00000|100%| E|CS|TAMS 0x0000000088900000| PB 0x0000000088900000| Complete |  0
| 118|0x0000000088a00000, 0x0000000088b00000, 0x0000000088b00000|100%| E|CS|TAMS 0x0000000088a00000| PB 0x0000000088a00000| Complete |  0
| 119|0x0000000088b00000, 0x0000000088c00000, 0x0000000088c00000|100%| E|CS|TAMS 0x0000000088b00000| PB 0x0000000088b00000| Complete |  0
| 120|0x0000000088c00000, 0x0000000088d00000, 0x0000000088d00000|100%| E|CS|TAMS 0x0000000088c00000| PB 0x0000000088c00000| Complete |  0
| 121|0x0000000088d00000, 0x0000000088e00000, 0x0000000088e00000|100%| E|CS|TAMS 0x0000000088d00000| PB 0x0000000088d00000| Complete |  0
| 122|0x0000000088e00000, 0x0000000088f00000, 0x0000000088f00000|100%| E|CS|TAMS 0x0000000088e00000| PB 0x0000000088e00000| Complete |  0
| 123|0x0000000088f00000, 0x0000000089000000, 0x0000000089000000|100%| E|CS|TAMS 0x0000000088f00000| PB 0x0000000088f00000| Complete |  0
| 124|0x0000000089000000, 0x0000000089100000, 0x0000000089100000|100%| E|CS|TAMS 0x0000000089000000| PB 0x0000000089000000| Complete |  0
| 125|0x0000000089100000, 0x0000000089200000, 0x0000000089200000|100%| E|CS|TAMS 0x0000000089100000| PB 0x0000000089100000| Complete |  0
| 126|0x0000000089200000, 0x0000000089300000, 0x0000000089300000|100%| E|CS|TAMS 0x0000000089200000| PB 0x0000000089200000| Complete |  0
| 127|0x0000000089300000, 0x0000000089400000, 0x0000000089400000|100%| E|CS|TAMS 0x0000000089300000| PB 0x0000000089300000| Complete |  0
|2026|0x00000000ffe00000, 0x00000000fff00000, 0x00000000fff00000|100%| O|  |TAMS 0x00000000ffe00000| PB 0x00000000ffe00000| Untracked |  0
|2027|0x00000000fff00000, 0x00000000fff1d248, 0x0000000100000000| 11%| O|  |TAMS 0x00000000fff00000| PB 0x00000000fff00000| Untracked |  0

Card table byte_map: [0x000002704a6d0000,0x000002704aad0000] _byte_map_base: 0x000002704a2c6000

Marking Bits: (CMBitMap*) 0x000002703ea863f0
 Bits: [0x000002704aad0000, 0x000002704ca80000)

Polling page: 0x000002703ca30000

Metaspace:

Usage:
  Non-class:     10.26 MB used.
      Class:      1.38 MB used.
       Both:     11.64 MB used.

Virtual space:
  Non-class space:       64.00 MB reserved,      10.44 MB ( 16%) committed,  1 nodes.
      Class space:        1.00 GB reserved,       1.50 MB ( <1%) committed,  1 nodes.
             Both:        1.06 GB reserved,      11.94 MB (  1%) committed. 

Chunk freelists:
   Non-Class:  5.42 MB
       Class:  14.52 MB
        Both:  19.94 MB

MaxMetaspaceSize: unlimited
CompressedClassSpaceSize: 1.00 GB
Initial GC threshold: 21.00 MB
Current GC threshold: 21.00 MB
CDS: on
 - commit_granule_bytes: 65536.
 - commit_granule_words: 8192.
 - virtual_space_node_default_size: 8388608.
 - enlarge_chunks_in_place: 1.
UseCompressedClassPointers 1, UseCompactObjectHeaders 0
Narrow klass pointer bits 32, Max shift 3
Narrow klass base: 0x000002704f000000, Narrow klass shift: 0
Encoding Range: [0x000002704f000000 - 0x000002714f000000), (4294967296 bytes)
Klass Range:    [0x000002704f000000 - 0x0000027090000000), (1090519040 bytes)
Klass ID Range:  [8 - 1090519033) (1090519025)


Internal statistics:

num_allocs_failed_limit: 0.
num_arena_births: 198.
num_arena_deaths: 0.
num_vsnodes_births: 2.
num_vsnodes_deaths: 0.
num_space_committed: 191.
num_space_uncommitted: 0.
num_chunks_returned_to_freelist: 0.
num_chunks_taken_from_freelist: 484.
num_chunk_merges: 0.
num_chunk_splits: 297.
num_chunks_enlarged: 193.
num_inconsistent_stats: 0.

CodeCache: size=49152Kb used=3630Kb max_used=4368Kb free=45521Kb
 bounds [0x00000270472d0000, 0x0000027047720000, 0x000002704a2d0000]
 total_blobs=2621, nmethods=2125, adapters=422, full_count=0
Compilation: enabled, stopped_count=0, restarted_count=0

Compilation events (20 events):
Event: 9.796 Thread 0x000002704ee3c650 2117       1       java.util.ArrayDeque::size (17 bytes)
Event: 9.796 Thread 0x000002704ee3c650 nmethod 2117 0x000002704757a008 code [0x000002704757a120, 0x000002704757a200]
Event: 9.799 Thread 0x000002704ee3c650 2118       1       java.util.ArrayDeque::sub (14 bytes)
Event: 9.800 Thread 0x000002704ee3c650 nmethod 2118 0x0000027047579d08 code [0x0000027047579e00, 0x0000027047579eb8]
Event: 9.804 Thread 0x000002704ee3c650 2119       1       java.lang.invoke.MethodHandles$Lookup::findBoundCallerLookup (30 bytes)
Event: 9.805 Thread 0x000002704ee3c650 nmethod 2119 0x0000027047579908 code [0x0000027047579a40, 0x0000027047579c88]
Event: 9.805 Thread 0x000002704ee3c650 2120       1       java.lang.invoke.MethodHandles$Lookup::getDirectMethod (14 bytes)
Event: 9.805 Thread 0x000002704ee3c650 nmethod 2120 0x0000027047579608 code [0x0000027047579720, 0x0000027047579808]
Event: 9.818 Thread 0x000002704ee3c650 2122       1       java.lang.invoke.LambdaForm$NamedFunction::member (26 bytes)
Event: 9.819 Thread 0x000002704ee3c650 nmethod 2122 0x0000027047579008 code [0x0000027047579100, 0x00000270475791c8]
Event: 9.819 Thread 0x000002704ee3c650 2126       1       java.lang.invoke.InvokerBytecodeGenerator::emitPushArguments (48 bytes)
Event: 9.819 Thread 0x000002704ee3c650 nmethod 2126 0x0000027047578b88 code [0x0000027047578cc0, 0x0000027047578f48]
Event: 9.819 Thread 0x000002704ee3c650 2123       1       java.lang.invoke.InvokerBytecodeGenerator::isStaticallyInvocable (168 bytes)
Event: 9.820 Thread 0x000002704ee3c650 nmethod 2123 0x0000027047578288 code [0x00000270475784a0, 0x0000027047578ad0]
Event: 9.820 Thread 0x000002704ee3c650 2124       1       java.lang.invoke.MemberName::isPrivate (8 bytes)
Event: 9.820 Thread 0x000002704ee3c650 nmethod 2124 0x0000027047577f88 code [0x0000027047578080, 0x0000027047578160]
Event: 9.820 Thread 0x000002704ee3c650 2125       1       java.lang.invoke.InvokerBytecodeGenerator::emitStaticInvoke (260 bytes)
Event: 9.822 Thread 0x000002704ee3c650 nmethod 2125 0x0000027047577508 code [0x0000027047577760, 0x0000027047577e90]
Event: 9.822 Thread 0x000002704ee3c650 2127       1       java.lang.invoke.InvokerBytecodeGenerator::refKindOpcode (112 bytes)
Event: 9.822 Thread 0x000002704ee3c650 nmethod 2127 0x0000027047576e08 code [0x0000027047576fa0, 0x0000027047577480]

GC Heap History (2 events):
Event: 5.663 GC heap before
{Heap before GC invocations=0 (full 0):
 garbage-first heap   total reserved 2076672K, committed 133120K, used 29812K [0x0000000081400000, 0x0000000100000000)
  region size 1024K, 28 young (28672K), 0 survivors (0K)
 Metaspace       used 8263K, committed 8512K, reserved 1114112K
  class space    used 907K, committed 1024K, reserved 1048576K
}
Event: 6.127 GC heap after
{Heap after GC invocations=1 (full 0):
 garbage-first heap   total reserved 2076672K, committed 133120K, used 6772K [0x0000000081400000, 0x0000000100000000)
  region size 1024K, 4 young (4096K), 4 survivors (4096K)
 Metaspace       used 8263K, committed 8512K, reserved 1114112K
  class space    used 907K, committed 1024K, reserved 1048576K
}

Dll operation events (8 events):
Event: 0.168 Loaded shared library C:\Program Files\Java\jdk-24\bin\java.dll
Event: 1.092 Loaded shared library C:\Program Files\Java\jdk-24\bin\jimage.dll
Event: 1.105 Loaded shared library C:\Program Files\Java\jdk-24\bin\net.dll
Event: 1.119 Loaded shared library C:\Program Files\Java\jdk-24\bin\nio.dll
Event: 1.125 Loaded shared library C:\Program Files\Java\jdk-24\bin\zip.dll
Event: 1.312 Loaded shared library C:\Program Files\Java\jdk-24\bin\management.dll
Event: 1.327 Loaded shared library C:\Program Files\Java\jdk-24\bin\management_ext.dll
Event: 2.517 Loaded shared library C:\Program Files\Java\jdk-24\bin\extnet.dll

Deoptimization events (0 events):
No events

Classes loaded (20 events):
Event: 9.467 Loading class java/beans/PropertyEditorSupport
Event: 9.468 Loading class java/beans/PropertyEditor
Event: 9.468 Loading class java/beans/PropertyEditor done
Event: 9.468 Loading class java/beans/PropertyEditorSupport done
Event: 9.635 Loading class java/util/regex/Pattern$Neg
Event: 9.636 Loading class java/util/regex/Pattern$Neg done
Event: 9.637 Loading class java/lang/invoke/BoundMethodHandle$Species_LLLL
Event: 9.637 Loading class java/lang/invoke/BoundMethodHandle$Species_LLLL done
Event: 9.654 Loading class java/util/stream/StreamSpliterators$WrappingSpliterator
Event: 9.655 Loading class java/util/stream/StreamSpliterators$AbstractWrappingSpliterator
Event: 9.656 Loading class java/util/stream/StreamSpliterators$AbstractWrappingSpliterator done
Event: 9.656 Loading class java/util/stream/StreamSpliterators$WrappingSpliterator done
Event: 9.656 Loading class java/util/stream/StreamSpliterators
Event: 9.657 Loading class java/util/stream/StreamSpliterators done
Event: 9.657 Loading class java/util/function/BooleanSupplier
Event: 9.659 Loading class java/util/function/BooleanSupplier done
Event: 9.810 Loading class java/io/LineNumberReader
Event: 9.811 Loading class java/io/LineNumberReader done
Event: 9.813 Loading class sun/nio/cs/ISO_8859_1$Decoder
Event: 9.814 Loading class sun/nio/cs/ISO_8859_1$Decoder done

Classes unloaded (0 events):
No events

Classes redefined (0 events):
No events

Internal exceptions (20 events):
Event: 6.775 Thread 0x000002703c75bff0 Exception <a 'java/lang/NoSuchMethodError'{0x00000000892d2e78}: 'java.lang.Object java.lang.invoke.DelegatingMethodHandle$Holder.reinvoke_L(java.lang.Object, java.lang.Object, long, java.lang.Object)'> (0x00000000892d2e78) 
thrown [s\open\src\hotspot\share\interpreter\linkResolver.cpp, line 805]
Event: 7.461 Thread 0x000002703c75bff0 Exception <a 'java/lang/NoSuchMethodError'{0x00000000890f0928}: 'int java.lang.invoke.DirectMethodHandle$Holder.invokeStaticInit(java.lang.Object, java.lang.Object)'> (0x00000000890f0928) 
thrown [s\open\src\hotspot\share\interpreter\linkResolver.cpp, line 805]
Event: 7.529 Thread 0x000002703c75bff0 Exception <a 'java/lang/NoSuchMethodError'{0x0000000088f263d0}: 'void java.lang.invoke.DirectMethodHandle$Holder.invokeInterface(java.lang.Object, java.lang.Object, java.lang.Object, java.lang.Object)'> (0x0000000088f263d0) 
thrown [s\open\src\hotspot\share\interpreter\linkResolver.cpp, line 805]
Event: 7.713 Thread 0x000002703c75bff0 Exception <a 'java/lang/NoSuchMethodError'{0x0000000088ef3458}: 'java.lang.Object java.lang.invoke.DirectMethodHandle$Holder.invokeSpecialIFC(java.lang.Object, java.lang.Object, java.lang.Object, java.lang.Object)'> (0x0000000088ef3458) 
thrown [s\open\src\hotspot\share\interpreter\linkResolver.cpp, line 805]
Event: 7.720 Thread 0x000002703c75bff0 Exception <a 'java/lang/NoSuchMethodError'{0x0000000088d13700}: 'java.lang.Object java.lang.invoke.DirectMethodHandle$Holder.invokeInterface(java.lang.Object, java.lang.Object, java.lang.Object)'> (0x0000000088d13700) 
thrown [s\open\src\hotspot\share\interpreter\linkResolver.cpp, line 805]
Event: 7.783 Thread 0x000002703c75bff0 Exception <a 'java/lang/NoSuchMethodError'{0x0000000088ddcfa0}: 'int java.lang.invoke.DirectMethodHandle$Holder.invokeStaticInit(java.lang.Object, java.lang.Object, java.lang.Object)'> (0x0000000088ddcfa0) 
thrown [s\open\src\hotspot\share\interpreter\linkResolver.cpp, line 805]
Event: 7.798 Thread 0x000002703c75bff0 Exception <a 'java/lang/NoSuchMethodError'{0x0000000088c4b2f8}: 'java.lang.Object java.lang.invoke.DirectMethodHandle$Holder.newInvokeSpecial(java.lang.Object, java.lang.Object, java.lang.Object, java.lang.Object, java.lang.Object)'> (0x0000000088c4b2f8) 
thrown [s\open\src\hotspot\share\interpreter\linkResolver.cpp, line 805]
Event: 7.881 Thread 0x000002703c75bff0 Exception <a 'java/lang/IncompatibleClassChangeError'{0x0000000088ced3a0}: Found class java.lang.Object, but interface was expected> (0x0000000088ced3a0) 
thrown [s\open\src\hotspot\share\interpreter\linkResolver.cpp, line 872]
Event: 7.983 Thread 0x000002703c75bff0 Exception <a 'sun/nio/fs/WindowsException'{0x0000000088b564b8}> (0x0000000088b564b8) 
thrown [s\open\src\hotspot\share\prims\jni.cpp, line 518]
Event: 9.287 Thread 0x000002703c75bff0 Exception <a 'java/lang/NoSuchMethodError'{0x000000008897ca48}: 'java.lang.Object java.lang.invoke.DirectMethodHandle$Holder.invokeStatic(java.lang.Object, long, java.lang.Object)'> (0x000000008897ca48) 
thrown [s\open\src\hotspot\share\interpreter\linkResolver.cpp, line 805]
Event: 9.288 Thread 0x000002703c75bff0 Exception <a 'java/lang/NoSuchMethodError'{0x00000000889848b0}: 'java.lang.Object java.lang.invoke.DirectMethodHandle$Holder.invokeStaticInit(java.lang.Object, long, java.lang.Object)'> (0x00000000889848b0) 
thrown [s\open\src\hotspot\share\interpreter\linkResolver.cpp, line 805]
Event: 9.289 Thread 0x000002703c75bff0 Exception <a 'java/lang/NoSuchMethodError'{0x0000000088993c00}: 'java.lang.Object java.lang.invoke.DirectMethodHandle$Holder.newInvokeSpecial(java.lang.Object, long)'> (0x0000000088993c00) 
thrown [s\open\src\hotspot\share\interpreter\linkResolver.cpp, line 805]
Event: 9.391 Thread 0x000002703c75bff0 Exception <a 'java/lang/NoSuchMethodError'{0x00000000888897e8}: 'int java.lang.invoke.DirectMethodHandle$Holder.invokeSpecial(java.lang.Object, java.lang.Object, java.lang.Object, java.lang.Object)'> (0x00000000888897e8) 
thrown [s\open\src\hotspot\share\interpreter\linkResolver.cpp, line 805]
Event: 9.558 Thread 0x000002703c75bff0 Exception <a 'java/lang/NoSuchMethodError'{0x00000000887efaf8}: 'java.lang.Object java.lang.invoke.DirectMethodHandle$Holder.newInvokeSpecial(java.lang.Object, java.lang.Object, java.lang.Object, java.lang.Object, java.lang.Object, java.lang.Object, java.lang.Object)'> (0x00000000887efaf8) 
thrown [s\open\src\hotspot\share\interpreter\linkResolver.cpp, line 805]
Event: 9.566 Thread 0x000002703c75bff0 Exception <a 'java/lang/NoSuchMethodError'{0x0000000088614558}: 'void java.lang.invoke.DirectMethodHandle$Holder.invokeStaticInit(java.lang.Object, java.lang.Object)'> (0x0000000088614558) 
thrown [s\open\src\hotspot\share\interpreter\linkResolver.cpp, line 805]
Event: 9.639 Thread 0x000002703c75bff0 Exception <a 'java/lang/NoSuchMethodError'{0x00000000886c2868}: 'java.lang.Object java.lang.invoke.Invokers$Holder.invokeExact_MT(java.lang.Object, java.lang.Object, java.lang.Object, java.lang.Object, java.lang.Object)'> (0x00000000886c2868) 
thrown [s\open\src\hotspot\share\interpreter\linkResolver.cpp, line 805]
Event: 9.660 Thread 0x000002703c75bff0 Exception <a 'java/lang/NoSuchMethodError'{0x0000000088527288}: 'java.lang.Object java.lang.invoke.DirectMethodHandle$Holder.invokeSpecial(java.lang.Object, java.lang.Object, java.lang.Object, java.lang.Object, java.lang.Object, java.lang.Object, int)'> (0x0000000088527288) 
thrown [s\open\src\hotspot\share\interpreter\linkResolver.cpp, line 805]
Event: 9.661 Thread 0x000002703c75bff0 Exception <a 'java/lang/NoSuchMethodError'{0x00000000885392e8}: 'java.lang.Object java.lang.invoke.DirectMethodHandle$Holder.newInvokeSpecial(java.lang.Object, java.lang.Object, java.lang.Object, java.lang.Object, java.lang.Object, java.lang.Object, int)'> (0x00000000885392e8) 
thrown [s\open\src\hotspot\share\interpreter\linkResolver.cpp, line 805]
Event: 9.784 Thread 0x000002703c75bff0 Exception <a 'java/lang/NoSuchMethodError'{0x00000000884b6a48}: 'void java.lang.invoke.DirectMethodHandle$Holder.invokeSpecial(java.lang.Object, java.lang.Object, java.lang.Object, java.lang.Object, java.lang.Object)'> (0x00000000884b6a48) 
thrown [s\open\src\hotspot\share\interpreter\linkResolver.cpp, line 805]
Event: 9.818 Thread 0x000002703c75bff0 Exception <a 'java/lang/NoSuchMethodError'{0x00000000884fb2f8}: 'int java.lang.invoke.DirectMethodHandle$Holder.invokeVirtual(java.lang.Object, java.lang.Object)'> (0x00000000884fb2f8) 
thrown [s\open\src\hotspot\share\interpreter\linkResolver.cpp, line 805]

VM Operations (20 events):
Event: 1.913 Executing VM operation: HandshakeAllThreads (Deoptimize)
Event: 1.913 Executing VM operation: HandshakeAllThreads (Deoptimize) done
Event: 2.083 Executing VM operation: HandshakeAllThreads (Deoptimize)
Event: 2.083 Executing VM operation: HandshakeAllThreads (Deoptimize) done
Event: 2.474 Executing VM operation: HandshakeAllThreads (Deoptimize)
Event: 2.474 Executing VM operation: HandshakeAllThreads (Deoptimize) done
Event: 3.252 Executing VM operation: HandshakeAllThreads (Deoptimize)
Event: 3.252 Executing VM operation: HandshakeAllThreads (Deoptimize) done
Event: 3.272 Executing VM operation: HandshakeAllThreads (Deoptimize)
Event: 3.272 Executing VM operation: HandshakeAllThreads (Deoptimize) done
Event: 4.662 Executing VM operation: HandshakeAllThreads (Deoptimize)
Event: 4.662 Executing VM operation: HandshakeAllThreads (Deoptimize) done
Event: 4.736 Executing VM operation: HandshakeAllThreads (Deoptimize)
Event: 4.736 Executing VM operation: HandshakeAllThreads (Deoptimize) done
Event: 5.661 Executing VM operation: G1CollectForAllocation (G1 Evacuation Pause)
Event: 6.127 Executing VM operation: G1CollectForAllocation (G1 Evacuation Pause) done
Event: 6.764 Executing VM operation: HandshakeAllThreads (Deoptimize)
Event: 6.764 Executing VM operation: HandshakeAllThreads (Deoptimize) done
Event: 7.992 Executing VM operation: HandshakeAllThreads (Deoptimize)
Event: 7.992 Executing VM operation: HandshakeAllThreads (Deoptimize) done

Memory protections (0 events):
No events

Nmethod flushes (0 events):
No events

Events (17 events):
Event: 0.399 Thread 0x000002703c75bff0 Thread added: 0x000002703c75bff0
Event: 0.540 Thread 0x000002703c75bff0 Thread added: 0x000002704ee328c0
Event: 0.542 Thread 0x000002703c75bff0 Thread added: 0x000002704ee34f60
Event: 0.543 Thread 0x000002703c75bff0 Thread added: 0x000002704ee36970
Event: 0.543 Thread 0x000002703c75bff0 Thread added: 0x000002704ee3a4c0
Event: 0.546 Thread 0x000002703c75bff0 Thread added: 0x000002704ee3aff0
Event: 0.556 Thread 0x000002703c75bff0 Thread added: 0x000002704ee3bb20
Event: 0.556 Thread 0x000002703c75bff0 Thread added: 0x000002704ee3c650
Event: 1.045 Thread 0x000002704ee3c650 Thread added: 0x000002704ee9d500
Event: 1.076 Thread 0x000002703c75bff0 Thread added: 0x00000270940aef60
Event: 1.078 Thread 0x000002703c75bff0 Thread added: 0x00000270940af6a0
Event: 1.722 Thread 0x000002704ee9d500 Thread added: 0x00000270945f8dd0
Event: 2.528 Thread 0x000002703c75bff0 Thread added: 0x0000027094979340
Event: 2.606 Thread 0x000002703c75bff0 Thread added: 0x000002709497efc0
Event: 2.964 Thread 0x000002703c75bff0 Thread added: 0x0000027094991b60
Event: 6.152 Thread 0x00000270945f8dd0 Thread exited: 0x00000270945f8dd0
Event: 6.732 Thread 0x000002704ee9d500 Thread exited: 0x000002704ee9d500


Dynamic libraries:
0x00007ff78f670000 - 0x00007ff78f680000 	C:\Program Files\Java\jdk-24\bin\javaw.exe
0x00007ffb401d0000 - 0x00007ffb403c9000 	C:\Windows\SYSTEM32\ntdll.dll
0x00007ffb3e7f0000 - 0x00007ffb3e8b2000 	C:\Windows\System32\KERNEL32.DLL
0x00007ffb3ded0000 - 0x00007ffb3e1c7000 	C:\Windows\System32\KERNELBASE.dll
0x00007ffb3d8e0000 - 0x00007ffb3d9e0000 	C:\Windows\System32\ucrtbase.dll
0x00007ffb37e10000 - 0x00007ffb37e26000 	C:\Program Files\Java\jdk-24\bin\jli.dll
0x00007ffb3f3d0000 - 0x00007ffb3f56d000 	C:\Windows\System32\USER32.dll
0x00007ffb3d9e0000 - 0x00007ffb3da02000 	C:\Windows\System32\win32u.dll
0x00007ffb3eaf0000 - 0x00007ffb3eb1b000 	C:\Windows\System32\GDI32.dll
0x00007ffb3da90000 - 0x00007ffb3dbaa000 	C:\Windows\System32\gdi32full.dll
0x00007ffb3d840000 - 0x00007ffb3d8dd000 	C:\Windows\System32\msvcp_win.dll
0x00007ffb37d50000 - 0x00007ffb37d6b000 	C:\Program Files\Java\jdk-24\bin\VCRUNTIME140.dll
0x00007ffb2b5d0000 - 0x00007ffb2b86b000 	C:\Windows\WinSxS\amd64_microsoft.windows.common-controls_6595b64144ccf1df_6.0.19041.6926_none_60b5a53971f8f7e6\COMCTL32.dll
0x00007ffb3e750000 - 0x00007ffb3e7ee000 	C:\Windows\System32\msvcrt.dll
0x00007ffb3e710000 - 0x00007ffb3e73f000 	C:\Windows\System32\IMM32.DLL
0x00007ffb3ad00000 - 0x00007ffb3ad0c000 	C:\Program Files\Java\jdk-24\bin\vcruntime140_1.dll
0x00007ffb1b9b0000 - 0x00007ffb1ba3e000 	C:\Program Files\Java\jdk-24\bin\msvcp140.dll
0x00007ffa9ef80000 - 0x00007ffa9fd21000 	C:\Program Files\Java\jdk-24\bin\server\jvm.dll
0x00007ffb3ea30000 - 0x00007ffb3eae1000 	C:\Windows\System32\ADVAPI32.dll
0x00007ffb40030000 - 0x00007ffb400cf000 	C:\Windows\System32\sechost.dll
0x00007ffb3e5e0000 - 0x00007ffb3e706000 	C:\Windows\System32\RPCRT4.dll
0x00007ffb3dbb0000 - 0x00007ffb3dbd7000 	C:\Windows\System32\bcrypt.dll
0x00007ffb3f570000 - 0x00007ffb3f5db000 	C:\Windows\System32\WS2_32.dll
0x00007ffb3d570000 - 0x00007ffb3d5bb000 	C:\Windows\SYSTEM32\POWRPROF.dll
0x00007ffb2b8a0000 - 0x00007ffb2b8c7000 	C:\Windows\SYSTEM32\WINMM.dll
0x00007ffb307d0000 - 0x00007ffb307da000 	C:\Windows\SYSTEM32\VERSION.dll
0x00007ffb3d2a0000 - 0x00007ffb3d2b2000 	C:\Windows\SYSTEM32\UMPDC.dll
0x00007ffb3b590000 - 0x00007ffb3b5a2000 	C:\Windows\SYSTEM32\kernel.appcore.dll
0x00007ffb38640000 - 0x00007ffb3864a000 	C:\Program Files\Java\jdk-24\bin\jimage.dll
0x00007ffb34390000 - 0x00007ffb34591000 	C:\Windows\SYSTEM32\DBGHELP.DLL
0x00007ffb34a20000 - 0x00007ffb34a54000 	C:\Windows\SYSTEM32\dbgcore.DLL
0x00007ffb3dd90000 - 0x00007ffb3de12000 	C:\Windows\System32\bcryptPrimitives.dll
0x00007ffb32700000 - 0x00007ffb3271e000 	C:\Program Files\Java\jdk-24\bin\java.dll
0x00007ffb3f2a0000 - 0x00007ffb3f3cb000 	C:\Windows\System32\ole32.dll
0x00007ffb3e280000 - 0x00007ffb3e5d3000 	C:\Windows\System32\combase.dll
0x00007ffb3eb20000 - 0x00007ffb3f291000 	C:\Windows\System32\SHELL32.dll
0x00007ffb3b870000 - 0x00007ffb3c016000 	C:\Windows\SYSTEM32\windows.storage.dll
0x00007ffb3d0b0000 - 0x00007ffb3d0db000 	C:\Windows\SYSTEM32\Wldp.dll
0x00007ffb3f5e0000 - 0x00007ffb3f6b6000 	C:\Windows\System32\OLEAUT32.dll
0x00007ffb3e1d0000 - 0x00007ffb3e27d000 	C:\Windows\System32\SHCORE.dll
0x00007ffb3f790000 - 0x00007ffb3f7eb000 	C:\Windows\System32\shlwapi.dll
0x00007ffb3d760000 - 0x00007ffb3d784000 	C:\Windows\SYSTEM32\profapi.dll
0x00007ffb37500000 - 0x00007ffb37510000 	C:\Program Files\Java\jdk-24\bin\net.dll
0x00007ffb3ce60000 - 0x00007ffb3ceca000 	C:\Windows\system32\mswsock.dll
0x00007ffb2b900000 - 0x00007ffb2b916000 	C:\Program Files\Java\jdk-24\bin\nio.dll
0x00007ffb2b8e0000 - 0x00007ffb2b8f7000 	C:\Program Files\Java\jdk-24\bin\zip.dll
0x00007ffb34fa0000 - 0x00007ffb34faa000 	C:\Program Files\Java\jdk-24\bin\management.dll
0x00007ffb326f0000 - 0x00007ffb326fb000 	C:\Program Files\Java\jdk-24\bin\management_ext.dll
0x00007ffb3fe10000 - 0x00007ffb3fe18000 	C:\Windows\System32\PSAPI.DLL
0x00007ffb1d160000 - 0x00007ffb1d177000 	C:\Windows\system32\napinsp.dll
0x00007ffb1d140000 - 0x00007ffb1d15b000 	C:\Windows\system32\pnrpnsp.dll
0x00007ffb37a60000 - 0x00007ffb37a7d000 	C:\Windows\system32\wshbth.dll
0x00007ffb37370000 - 0x00007ffb3738d000 	C:\Windows\system32\NLAapi.dll
0x00007ffb3cb60000 - 0x00007ffb3cb9b000 	C:\Windows\SYSTEM32\IPHLPAPI.DLL
0x00007ffb3cba0000 - 0x00007ffb3cc6a000 	C:\Windows\SYSTEM32\DNSAPI.dll
0x00007ffb3e740000 - 0x00007ffb3e748000 	C:\Windows\System32\NSI.dll
0x00007ffb1d120000 - 0x00007ffb1d132000 	C:\Windows\System32\winrnr.dll
0x00007ffb31940000 - 0x00007ffb3194a000 	C:\Windows\System32\rasadhlp.dll
0x00007ffb35f30000 - 0x00007ffb35fb0000 	C:\Windows\System32\fwpuclnt.dll
0x00007ffb3d2f0000 - 0x00007ffb3d308000 	C:\Windows\SYSTEM32\CRYPTSP.dll
0x00007ffb3c7a0000 - 0x00007ffb3c7d8000 	C:\Windows\system32\rsaenh.dll
0x00007ffb3d6e0000 - 0x00007ffb3d70e000 	C:\Windows\SYSTEM32\USERENV.dll
0x00007ffb3d020000 - 0x00007ffb3d02c000 	C:\Windows\SYSTEM32\CRYPTBASE.dll
0x00007ffb2b930000 - 0x00007ffb2b939000 	C:\Program Files\Java\jdk-24\bin\extnet.dll

JVMTI agents: none

dbghelp: loaded successfully - version: 4.0.5 - missing functions: none
symbol engine: initialized successfully - sym options: 0x614 - pdb path: .;C:\Program Files\Java\jdk-24\bin;C:\Windows\SYSTEM32;C:\Windows\WinSxS\amd64_microsoft.windows.common-controls_6595b64144ccf1df_6.0.19041.6926_none_60b5a53971f8f7e6;C:\Program Files\Java\jdk-24\bin\server

VM Arguments:
jvm_args: -Dcom.sun.management.jmxremote -Dcom.sun.management.jmxremote.port=51866 -Dcom.sun.management.jmxremote.authenticate=false -Dcom.sun.management.jmxremote.ssl=false -Djava.rmi.server.hostname=localhost -Dspring.jmx.enabled=true -Dmanagement.endpoints.jmx.exposure.include=* -Dspring.application.admin.enabled=true -Dspring.output.ansi.enabled=always -XX:TieredStopAtLevel=1 -Dspring.boot.project.name=repromarket-crane -Dfile.encoding=UTF-8 -Dstdout.encoding=UTF-8 -Dstderr.encoding=UTF-8 -XX:+ShowCodeDetailsInExceptionMessages 
java_command: org.code_studio.MainApplication
java_class_path (initial): C:\Users\Srba\Documents\workspace-spring-tools-for-eclipse-5.1.1.RELEASE\Repromarket\repromarket-source-code\repromarket-source-code\crane\target\classes;C:\Users\Srba\.m2\repository\org\springframework\boot\spring-boot-starter-thymeleaf\3.4.4\spring-boot-starter-thymeleaf-3.4.4.jar;C:\Users\Srba\.m2\repository\org\springframework\boot\spring-boot-starter\3.4.4\spring-boot-starter-3.4.4.jar;C:\Users\Srba\.m2\repository\org\springframework\boot\spring-boot\3.4.4\spring-boot-3.4.4.jar;C:\Users\Srba\.m2\repository\org\springframework\boot\spring-boot-autoconfigure\3.4.4\spring-boot-autoconfigure-3.4.4.jar;C:\Users\Srba\.m2\repository\org\springframework\boot\spring-boot-starter-logging\3.4.4\spring-boot-starter-logging-3.4.4.jar;C:\Users\Srba\.m2\repository\ch\qos\logback\logback-classic\1.5.18\logback-classic-1.5.18.jar;C:\Users\Srba\.m2\repository\ch\qos\logback\logback-core\1.5.18\logback-core-1.5.18.jar;C:\Users\Srba\.m2\repository\org\apache\logging\log4j\log4j-to-slf4j\2.24.3\log4j-to-slf4j-2.24.3.jar;C:\Users\Srba\.m2\repository\org\apache\logging\log4j\log4j-api\2.24.3\log4j-api-2.24.3.jar;C:\Users\Srba\.m2\repository\org\slf4j\jul-to-slf4j\2.0.17\jul-to-slf4j-2.0.17.jar;C:\Users\Srba\.m2\repository\jakarta\annotation\jakarta.annotation-api\2.1.1\jakarta.annotation-api-2.1.1.jar;C:\Users\Srba\.m2\repository\org\yaml\snakeyaml\2.3\snakeyaml-2.3.jar;C:\Users\Srba\.m2\repository\org\thymeleaf\thymeleaf-spring6\3.1.3.RELEASE\thymeleaf-spring6-3.1.3.RELEASE.jar;C:\Users\Srba\.m2\repository\org\thymeleaf\thymeleaf\3.1.3.RELEASE\thymeleaf-3.1.3.RELEASE.jar;C:\Users\Srba\.m2\repository\org\attoparser\attoparser\2.0.7.RELEASE\attoparser-2.0.7.RELEASE.jar;C:\Users\Srba\.m2\repository\org\unbescape\unbescape\1.1.6.RELEASE\unbescape-1.1.6.RELEASE.jar;C:\Users\Srba\.m2\repository\org\slf4j\slf4j-api\2.0.17\slf4j-api-2.0.17.jar;C:\Users\Srba\.m2\repository\org\springframework\boot\spring-boot-starter-web\3.4.4\spring-boot-starter-web-3.4.4.jar;C:\Users\Srba\.m2\repository\org\springframework\boot\spring-boot-starter-json\3.4.4\spring-boot-starter-json-3.4.4.jar;C:\Users\Srba\.m2\repository\com\fasterxml\jackson\core\jackson-databind\2.18.3\jackson-databind-2.18.3.jar;C:\Users\Srba\.m2\repository\com\fasterxml\jackson\core\jackson-annotations\2.18.3\jackson-annotations-2.18.3.jar;C:\Users\Srba\.m2\repository\com\fasterxml\jackson\core\jackson-core\2.18.3\jackson-core-2.18.3.jar;C:\Users\Srba\.m2\repository\com\fasterxml\jackson\datatype\jackson-datatype-jdk8\2.18.3\jackson-datatype-jdk8-2.18.3.jar;C:\Users\Srba\.m2\repository\com\fasterxml\jackson\datatype\jackson-datatype-jsr310\2.18.3\jackson-datatype-jsr310-2.18.3.jar;C:\Users\Srba\.m2\repository\com\fasterxml\jackson\module\jackson-module-parameter-names\2.18.3\jackson-module-parameter-names-2.18.3.jar;C:\Users\Srba\.m2\repository\org\springframework\boot\spring-boot-starter-tomcat\3.4.4\spring-boot-starter-tomcat-3.4.4.jar;C:\Users\Srba\.m2\repository\org\apache\tomcat\embed\tomcat-embed-core\10.1.39\tomcat-embed-core-10.1.39.jar;C:\Users\Srba\.m2\repository\org\apache\tomcat\embed\tomcat-embed-el\10.1.39\tomcat-embed-el-10.1.39.jar;C:\Users\Srba\.m2\repository\org\apache\tomcat\embed\tomcat-embed-websocket\10.1.39\tomcat-embed-websocket-10.1.39.jar;C:\Users\Srba\.m2\repository\org\springframework\spring-web\6.2.5\spring-web-6.2.5.jar;C:\Users\Srba\.m2\repository\org\springframework\spring-beans\6.2.5\spring-beans-6.2.5.jar;C:\Users\Srba\.m2\repository\io\micrometer\micrometer-observation\1.14.5\micrometer-observation-1.14.5.jar;C:\Users\Srba\.m2\repository\io\micrometer\micrometer-commons\1.14.5\micrometer-commons-1.14.5.jar;C:\Users\Srba\.m2\repository\org\springframework\spring-webmvc\6.2.5\spring-webmvc-6.2.5.jar;C:\Users\Srba\.m2\repository\org\springframework\spring-aop\6.2.5\spring-aop-6.2.5.jar;C:\Users\Srba\.m2\repository\org\springframework\spring-context\6.2.5\spring-context-6.2.5.jar;C:\Users\Srba\.m2\repository\org\springframework\spring-expression\6.2.5\spring-expression-6.2.5.jar;C:\Users\Srba\.m2\repository\org\springframework\boot\spring-boot-starter-websocket\3.4.4\spring-boot-starter-websocket-3.4.4.jar;C:\Users\Srba\.m2\repository\org\springframework\spring-messaging\6.2.5\spring-messaging-6.2.5.jar;C:\Users\Srba\.m2\repository\org\springframework\spring-websocket\6.2.5\spring-websocket-6.2.5.jar;C:\Users\Srba\.m2\repository\org\springframework\spring-core\6.2.5\spring-core-6.2.5.jar;C:\Users\Srba\.m2\repository\org\springframework\spring-jcl\6.2.5\spring-jcl-6.2.5.jar;C:\Users\Srba\.m2\repository\org\springframework\integration\spring-integration-ip\6.4.3\spring-integration-ip-6.4.3.jar;C:\Users\Srba\.m2\repository\org\springframework\integration\spring-integration-core\6.4.3\spring-integration-core-6.4.3.jar;C:\Users\Srba\.m2\repository\org\springframework\spring-tx\6.2.5\spring-tx-6.2.5.jar;C:\Users\Srba\.m2\repository\org\springframework\retry\spring-retry\2.0.11\spring-retry-2.0.11.jar;C:\Users\Srba\.m2\repository\io\projectreactor\reactor-core\3.7.4\reactor-core-3.7.4.jar;C:\Users\Srba\.m2\repository\org\reactivestreams\reactive-streams\1.0.4\reactive-streams-1.0.4.jar;C:\Users\Srba\.m2\repository\org\apache\commons\commons-lang3\3.17.0\commons-lang3-3.17.0.jar;C:\Users\Srba\.m2\repository\com\fazecast\jSerialComm\2.11.0\jSerialComm-2.11.0.jar
Launcher Type: SUN_STANDARD

[Global flags]
     intx CICompilerCount                          = 3                                         {product} {ergonomic}
     uint ConcGCThreads                            = 1                                         {product} {ergonomic}
     uint G1ConcRefinementThreads                  = 4                                         {product} {ergonomic}
   size_t G1HeapRegionSize                         = 1048576                                   {product} {ergonomic}
   size_t InitialHeapSize                          = 134217728                                 {product} {ergonomic}
     bool ManagementServer                         = true                                      {product} {command line}
   size_t MarkStackSize                            = 4194304                                   {product} {ergonomic}
   size_t MarkStackSizeMax                         = 536870912                                 {product} {ergonomic}
   size_t MaxHeapSize                              = 2126512128                                {product} {ergonomic}
   size_t MaxNewSize                               = 1275068416                                {product} {ergonomic}
   size_t MinHeapDeltaBytes                        = 1048576                                   {product} {ergonomic}
   size_t MinHeapSize                              = 8388608                                   {product} {ergonomic}
    uintx NonNMethodCodeHeapSize                   = 4096                                   {pd product} {ergonomic}
    uintx NonProfiledCodeHeapSize                  = 0                                      {pd product} {ergonomic}
     bool ProfileInterpreter                       = false                                  {pd product} {command line}
    uintx ProfiledCodeHeapSize                     = 0                                      {pd product} {ergonomic}
     bool ShowCodeDetailsInExceptionMessages       = true                                   {manageable} {command line}
   size_t SoftMaxHeapSize                          = 2126512128                             {manageable} {ergonomic}
     intx TieredStopAtLevel                        = 1                                         {product} {command line}
     bool UseCompressedOops                        = true                           {product lp64_product} {ergonomic}
     bool UseG1GC                                  = true                                      {product} {ergonomic}
     bool UseLargePagesIndividualAllocation        = false                                  {pd product} {ergonomic}

Logging:
Log output configuration:
 #0: stdout all=warning uptime,level,tags foldmultilines=false
 #1: stderr all=off uptime,level,tags foldmultilines=false

Environment Variables:
JAVA_HOME=C:\Program Files\Java\jdk-21
PATH=C:/Users/Srba/Documents/Instalacije/sts-5.1.1.RELEASE//plugins/org.eclipse.justj.openjdk.hotspot.jre.full.win32.x86_64_25.0.2.v20260203-1141/jre/bin/server;C:/Users/Srba/Documents/Instalacije/sts-5.1.1.RELEASE//plugins/org.eclipse.justj.openjdk.hotspot.jre.full.win32.x86_64_25.0.2.v20260203-1141/jre/bin;C:\Users\Srba\.jdks\semeru-17.0.9\bin;C:\Users\Srba\Documents\Instalacije\WINDOWS.X64_193000_db_home\bin;C:\Program Files\Common Files\Oracle\Java\javapath;C:\Windows\system32;C:\Windows;C:\Windows\System32\Wbem;C:\Windows\System32\WindowsPowerShell\v1.0\;C:\Windows\System32\OpenSSH\;C:\Users\Srba\Documents\Instalacije\sqlite-tools-win-x64-3450200;C:\Users\Srba\AppData\Roaming\nvm;C:\Program Files\nodejs;C:\Users\Srba\.m2\wrapper\dists\apache-maven-3.9.5-bin\2adeog8mj13csp1uusqnc1f2mo\apache-maven-3.9.5\bin;C:\Users\Srba\.m2\wrapper\dists\apache-maven-3.9.5-bin\2adeog8mj13csp1uusqnc1f2mo\apache-maven-3.9.5\bin;C:\Program Files (x86)\Microsoft SQL Server\160\Tools\Binn\;C:\Program Files\Microsoft SQL Server\160\Tools\Binn\;C:\Program Files\Microsoft SQL Server\Client SDK\ODBC\170\Tools\Binn\;C:\Program Files\Microsoft SQL Server\160\DTS\Binn\;C:\Program Files (x86)\Microsoft SQL Server\160\DTS\Binn\;C:\Program Files\Azure Data Studio\bin;C:\Program Files\Docker\Docker\resources\bin;C:\Program Files\Git\cmd;C:\Users\Srba\AppData\Local\Microsoft\WindowsApps;C:\Users\Srba\AppData\Roaming\nvm;C:\Program Files\nodejs;C:\Users\Srba\AppData\Local\Programs\Microsoft VS Code\bin;C:\Program Files\JetBrains\IntelliJ IDEA Community Edition 2024.1\bin;;C:\Program Files\Azure Data Studio\bin;C:\Users\Srba\AppData\Local\GitHubDesktop\bin;C:\Users\Srba\Documents\Instalacije\sts-5.1.1.RELEASE;
USERNAME=Srba
OS=Windows_NT
PROCESSOR_IDENTIFIER=Intel64 Family 6 Model 61 Stepping 4, GenuineIntel
TMP=C:\Users\Srba\AppData\Local\Temp
TEMP=C:\Users\Srba\AppData\Local\Temp




Periodic native trim disabled

---------------  S Y S T E M  ---------------

OS:
 Windows 10 , 64 bit Build 19041 (10.0.19041.7291)
OS uptime: 7 days 12:40 hours
Hyper-V role detected

CPU: total 4 (initial active 4) (2 cores per cpu, 2 threads per core) family 6 model 61 stepping 4 microcode 0x2d, cx8, cmov, fxsr, ht, mmx, 3dnowpref, sse, sse2, sse3, ssse3, sse4.1, sse4.2, popcnt, lzcnt, tsc, tscinvbit, avx, avx2, aes, erms, clmul, bmi1, bmi2, adx, fma, vzeroupper, clflush, hv, rdtscp, f16c
Processor Information for the first 4 processors :
  Max Mhz: 2401, Current Mhz: 2401, Mhz Limit: 2401

Memory: 4k page, system-wide physical 8111M (267M free)
TotalPageFile size 32687M (AvailPageFile size 0M)
current process WorkingSet (physical memory assigned to process): 89M, peak: 90M
current process commit charge ("private bytes"): 218M, peak: 221M

vm_info: Java HotSpot(TM) 64-Bit Server VM (24.0.2+12-54) for windows-amd64 JRE (24.0.2+12-54), built on 2025-07-08T12:10:27Z with MS VC++ 17.6 (VS2022)

END.
