#
# There is insufficient memory for the Java Runtime Environment to continue.
# Native memory allocation (mmap) failed to map 236978176 bytes. Error detail: G1 virtual space
# Possible reasons:
#   The system is out of physical RAM or swap space
#   This process is running with CompressedOops enabled, and the Java Heap may be blocking the growth of the native heap
# Possible solutions:
#   Reduce memory load on the system
#   Increase physical memory or swap space
#   Check if swap backing store is full
#   Decrease Java heap size (-Xmx/-Xms)
#   Decrease number of Java threads
#   Decrease Java thread stack sizes (-Xss)
#   Set larger code cache with -XX:ReservedCodeCacheSize=
#   JVM is running with Unscaled Compressed Oops mode in which the Java heap is
#     placed in the first 4GB address space. The Java Heap base address is the
#     maximum limit for the native heap growth. Please use -XX:HeapBaseMinAddress
#     to set the Java Heap base and to place the Java Heap above 4GB virtual address.
# This output file may be truncated or incomplete.
#
#  Out of Memory Error (os_windows.cpp:3564), pid=24856, tid=22636
#
# JRE version: Java(TM) SE Runtime Environment (24.0.2+12) (build 24.0.2+12-54)
# Java VM: Java HotSpot(TM) 64-Bit Server VM (24.0.2+12-54, mixed mode, emulated-client, sharing, tiered, compressed oops, compressed class ptrs, g1 gc, windows-amd64)
# No core dump will be written. Minidumps are not enabled by default on client versions of Windows
#

---------------  S U M M A R Y ------------

Command Line: -Dcom.sun.management.jmxremote -Dcom.sun.management.jmxremote.port=56794 -Dcom.sun.management.jmxremote.authenticate=false -Dcom.sun.management.jmxremote.ssl=false -Djava.rmi.server.hostname=localhost -Dspring.jmx.enabled=true -Dmanagement.endpoints.jmx.exposure.include=* -Dspring.application.admin.enabled=true -Dspring.output.ansi.enabled=always -XX:TieredStopAtLevel=1 -Dspring.boot.project.name=repromarket-server -Dfile.encoding=UTF-8 -Dstdout.encoding=UTF-8 -Dstderr.encoding=UTF-8 -XX:+ShowCodeDetailsInExceptionMessages org.code_studio.main.MainApplication

Host: Intel(R) Core(TM) i7-5500U CPU @ 2.40GHz, 4 cores, 7G,  Windows 10 , 64 bit Build 19041 (10.0.19041.7291)
Time: Mon Jun 15 19:15:08 2026 Central Europe Daylight Time elapsed time: 24.489645 seconds (0d 0h 0m 24s)

---------------  T H R E A D  ---------------

Current thread (0x0000020678accee0):  VMThread "VM Thread"          [id=22636, stack(0x000000cbccf00000,0x000000cbcd000000) (1024K)]

Stack: [0x000000cbccf00000,0x000000cbcd000000]
Native frames: (J=compiled Java code, j=interpreted, Vv=VM code, C=native code)
V  [jvm.dll+0x730829]  (no source info available)
V  [jvm.dll+0x8d9da3]  (no source info available)
V  [jvm.dll+0x8dc28d]  (no source info available)
V  [jvm.dll+0x8dc903]  (no source info available)
V  [jvm.dll+0x2a9f56]  (no source info available)
V  [jvm.dll+0x72cd55]  (no source info available)
V  [jvm.dll+0x72066a]  (no source info available)
V  [jvm.dll+0x390b7a]  (no source info available)
V  [jvm.dll+0x398906]  (no source info available)
V  [jvm.dll+0x3850de]  (no source info available)
V  [jvm.dll+0x385398]  (no source info available)
V  [jvm.dll+0x35d10c]  (no source info available)
V  [jvm.dll+0x35d19a]  (no source info available)
V  [jvm.dll+0x3aa602]  (no source info available)
V  [jvm.dll+0x3a8c32]  (no source info available)
V  [jvm.dll+0x35c8d7]  (no source info available)
V  [jvm.dll+0x3a83e4]  (no source info available)
V  [jvm.dll+0x8e29c2]  (no source info available)
V  [jvm.dll+0x8e3d0c]  (no source info available)
V  [jvm.dll+0x8e4278]  (no source info available)
V  [jvm.dll+0x8e4513]  (no source info available)
V  [jvm.dll+0x87d9eb]  (no source info available)
V  [jvm.dll+0x72ef45]  (no source info available)
C  [ucrtbase.dll+0x21bb2]  (no source info available)
C  [KERNEL32.DLL+0x17374]  (no source info available)
C  [ntdll.dll+0x4cc91]  (no source info available)

VM_Operation (0x000000cbcc8f71e0): G1CollectForAllocation, mode: safepoint, requested by thread 0x00000206686d36f0


---------------  P R O C E S S  ---------------

Threads class SMR info:
_java_thread_list=0x0000020647d6a2a0, length=23, elements={
0x00000206686d36f0, 0x0000020678ae0880, 0x0000020678ae1670, 0x0000020678ae5900,
0x0000020678ae9450, 0x0000020678ae9f80, 0x0000020678aeaab0, 0x0000020678aeb5e0,
0x00000206450d8310, 0x00000206450d8a50, 0x00000206453e3eb0, 0x00000206453e4640,
0x00000206460ae5b0, 0x0000020645d38d10, 0x0000020645d40ed0, 0x000002064611cf40,
0x000002064611e8a0, 0x0000020646137010, 0x00000206461574f0, 0x000002064637b680,
0x000002064637bdd0, 0x0000020646379940, 0x000002064637c520
}

Java Threads: ( => current thread )
  0x00000206686d36f0 JavaThread "main"                              [_thread_blocked, id=23904, stack(0x000000cbcc800000,0x000000cbcc900000) (1024K)]
  0x0000020678ae0880 JavaThread "Reference Handler"          daemon [_thread_blocked, id=24256, stack(0x000000cbcd000000,0x000000cbcd100000) (1024K)]
  0x0000020678ae1670 JavaThread "Finalizer"                  daemon [_thread_blocked, id=26688, stack(0x000000cbcd100000,0x000000cbcd200000) (1024K)]
  0x0000020678ae5900 JavaThread "Signal Dispatcher"          daemon [_thread_blocked, id=18924, stack(0x000000cbcd200000,0x000000cbcd300000) (1024K)]
  0x0000020678ae9450 JavaThread "Attach Listener"            daemon [_thread_blocked, id=7488, stack(0x000000cbcd300000,0x000000cbcd400000) (1024K)]
  0x0000020678ae9f80 JavaThread "Service Thread"             daemon [_thread_blocked, id=12992, stack(0x000000cbcd400000,0x000000cbcd500000) (1024K)]
  0x0000020678aeaab0 JavaThread "Monitor Deflation Thread"   daemon [_thread_blocked, id=22416, stack(0x000000cbcd500000,0x000000cbcd600000) (1024K)]
  0x0000020678aeb5e0 JavaThread "C1 CompilerThread0"         daemon [_thread_blocked, id=25308, stack(0x000000cbcd600000,0x000000cbcd700000) (1024K)]
  0x00000206450d8310 JavaThread "Notification Thread"        daemon [_thread_blocked, id=9412, stack(0x000000cbcd700000,0x000000cbcd800000) (1024K)]
  0x00000206450d8a50 JavaThread "Common-Cleaner"             daemon [_thread_blocked, id=14896, stack(0x000000cbcd800000,0x000000cbcd900000) (1024K)]
  0x00000206453e3eb0 JavaThread "C1 CompilerThread1"         daemon [_thread_blocked, id=11848, stack(0x000000cbcd900000,0x000000cbcda00000) (1024K)]
  0x00000206453e4640 JavaThread "C1 CompilerThread2"         daemon [_thread_blocked, id=22428, stack(0x000000cbcda00000,0x000000cbcdb00000) (1024K)]
  0x00000206460ae5b0 JavaThread "RMI TCP Accept-0"           daemon [_thread_in_native, id=18752, stack(0x000000cbcdb00000,0x000000cbcdc00000) (1024K)]
  0x0000020645d38d10 JavaThread "RMI TCP Accept-56794"       daemon [_thread_in_native, id=24084, stack(0x000000cbcdc00000,0x000000cbcdd00000) (1024K)]
  0x0000020645d40ed0 JavaThread "RMI TCP Accept-0"           daemon [_thread_in_native, id=13516, stack(0x000000cbcdd00000,0x000000cbcde00000) (1024K)]
  0x000002064611cf40 JavaThread "RMI TCP Connection(1)-127.0.0.1" daemon [_thread_in_native, id=25172, stack(0x000000cbcde00000,0x000000cbcdf00000) (1024K)]
  0x000002064611e8a0 JavaThread "RMI Scheduler(0)"           daemon [_thread_blocked, id=16560, stack(0x000000cbcdf00000,0x000000cbce000000) (1024K)]
  0x0000020646137010 JavaThread "RMI TCP Connection(2)-127.0.0.1" daemon [_thread_in_native, id=4876, stack(0x000000cbce000000,0x000000cbce100000) (1024K)]
  0x00000206461574f0 JavaThread "JMX server connection timeout 31" daemon [_thread_blocked, id=26936, stack(0x000000cbce100000,0x000000cbce200000) (1024K)]
  0x000002064637b680 JavaThread "repromarket housekeeper"    daemon [_thread_blocked, id=24412, stack(0x000000cbce600000,0x000000cbce700000) (1024K)]
  0x000002064637bdd0 JavaThread "Catalina-utility-1"                [_thread_blocked, id=16028, stack(0x000000cbce700000,0x000000cbce800000) (1024K)]
  0x0000020646379940 JavaThread "Catalina-utility-2"                [_thread_blocked, id=16808, stack(0x000000cbce800000,0x000000cbce900000) (1024K)]
  0x000002064637c520 JavaThread "container-0"                       [_thread_blocked, id=23892, stack(0x000000cbce900000,0x000000cbcea00000) (1024K)]
Total: 23

Other Threads:
=>0x0000020678accee0 VMThread "VM Thread"                           [id=22636, stack(0x000000cbccf00000,0x000000cbcd000000) (1024K)]
  0x0000020678ac1da0 WatcherThread "VM Periodic Task Thread"        [id=29328, stack(0x000000cbcce00000,0x000000cbccf00000) (1024K)]
  0x00000206687300e0 WorkerThread "GC Thread#0"                     [id=5668, stack(0x000000cbcc900000,0x000000cbcca00000) (1024K)]
  0x000002064616dd80 WorkerThread "GC Thread#1"                     [id=27496, stack(0x000000cbce200000,0x000000cbce300000) (1024K)]
  0x00000206461779d0 WorkerThread "GC Thread#2"                     [id=8680, stack(0x000000cbce300000,0x000000cbce400000) (1024K)]
  0x000002064618c2a0 WorkerThread "GC Thread#3"                     [id=23544, stack(0x000000cbce400000,0x000000cbce500000) (1024K)]
  0x0000020668746650 ConcurrentGCThread "G1 Main Marker"            [id=28424, stack(0x000000cbcca00000,0x000000cbccb00000) (1024K)]
  0x0000020668747070 WorkerThread "G1 Conc#0"                       [id=23144, stack(0x000000cbccb00000,0x000000cbccc00000) (1024K)]
  0x000002066878e630 ConcurrentGCThread "G1 Refine#0"               [id=17436, stack(0x000000cbccc00000,0x000000cbccd00000) (1024K)]
  0x00000206789982e0 ConcurrentGCThread "G1 Service"                [id=15136, stack(0x000000cbccd00000,0x000000cbcce00000) (1024K)]
Total: 10

Threads with active compile tasks:
Total: 0

VM state: at safepoint (normal execution)

VM Mutex/Monitor currently owned by a thread:  ([mutex/lock_event])
[0x00007ffb970f44f0] Threads_lock - owner thread: 0x0000020678accee0
[0x00007ffb970f45f0] Heap_lock - owner thread: 0x00000206686d36f0

Heap address: 0x0000000081400000, size: 2028 MB, Compressed Oops mode: 32-bit

CDS archive(s) mapped at: [0x0000020600000000-0x0000020600d40000-0x0000020600d40000), size 13893632, SharedBaseAddress: 0x0000020600000000, ArchiveRelocationMode: 1.
Compressed class space mapped at: 0x0000020601000000-0x0000020641000000, reserved size: 1073741824
UseCompressedClassPointers 1, UseCompactObjectHeaders 0
Narrow klass pointer bits 32, Max shift 3
Narrow klass base: 0x0000020600000000, Narrow klass shift: 0
Encoding Range: [0x0000020600000000 - 0x0000020700000000), (4294967296 bytes)
Klass Range:    [0x0000020600000000 - 0x0000020641000000), (1090519040 bytes)
Klass ID Range:  [8 - 1090519033) (1090519025)

GC Precious Log:
 CardTable entry size: 512
 Card Set container configuration: InlinePtr #cards 5 size 8 Array Of Cards #cards 10 size 36 Howl #buckets 4 coarsen threshold 1843 Howl Bitmap #cards 512 size 80 coarsen threshold 460 Card regions per heap region 1 cards per card region 2048
 CPUs: 4 total, 4 available
 Memory: 8111M
 Large Page Support: Disabled
 NUMA Support: Disabled
 Compressed Oops: Enabled (32-bit)
 Heap Region Size: 1M
 Heap Min Capacity: 8M
 Heap Initial Capacity: 128M
 Heap Max Capacity: 2028M
 Pre-touch: Disabled
 Parallel Workers: 4
 Concurrent Workers: 1
 Concurrent Refinement Workers: 4
 Periodic GC: Disabled

Heap:
 garbage-first heap   total reserved 2076672K, committed 176128K, used 137728K [0x0000000081400000, 0x0000000100000000)
  region size 1024K, 4 young (4096K), 4 survivors (4096K)
 Metaspace       used 71466K, committed 72000K, reserved 1114112K
  class space    used 8605K, committed 8832K, reserved 1048576K

Heap Regions: E=young(eden), S=young(survivor), O=old, HS=humongous(starts), HC=humongous(continues), CS=collection set, F=free, TAMS=top-at-mark-start, PB=parsable bottom
|   0|0x0000000081400000, 0x0000000081500000, 0x0000000081500000|100%|HS|  |TAMS 0x0000000081400000| PB 0x0000000081400000| Complete |  0
|   1|0x0000000081500000, 0x0000000081600000, 0x0000000081600000|100%|HS|  |TAMS 0x0000000081500000| PB 0x0000000081500000| Complete |  0
|   2|0x0000000081600000, 0x0000000081700000, 0x0000000081700000|100%| O|  |TAMS 0x0000000081600000| PB 0x0000000081600000| Untracked |  0
|   3|0x0000000081700000, 0x0000000081800000, 0x0000000081800000|100%| O|  |TAMS 0x0000000081700000| PB 0x0000000081700000| Untracked |  0
|   4|0x0000000081800000, 0x0000000081900000, 0x0000000081900000|100%| O|  |TAMS 0x0000000081800000| PB 0x0000000081800000| Untracked |  0
|   5|0x0000000081900000, 0x0000000081a00000, 0x0000000081a00000|100%| O|  |TAMS 0x0000000081900000| PB 0x0000000081900000| Untracked |  0
|   6|0x0000000081a00000, 0x0000000081b00000, 0x0000000081b00000|100%| O|  |TAMS 0x0000000081a00000| PB 0x0000000081a00000| Untracked |  0
|   7|0x0000000081b00000, 0x0000000081c00000, 0x0000000081c00000|100%| O|  |TAMS 0x0000000081b00000| PB 0x0000000081b00000| Untracked |  0
|   8|0x0000000081c00000, 0x0000000081d00000, 0x0000000081d00000|100%| O|  |TAMS 0x0000000081c00000| PB 0x0000000081c00000| Untracked |  0
|   9|0x0000000081d00000, 0x0000000081e00000, 0x0000000081e00000|100%| O|  |TAMS 0x0000000081d00000| PB 0x0000000081d00000| Untracked |  0
|  10|0x0000000081e00000, 0x0000000081f00000, 0x0000000081f00000|100%| O|  |TAMS 0x0000000081e00000| PB 0x0000000081e00000| Untracked |  0
|  11|0x0000000081f00000, 0x0000000082000000, 0x0000000082000000|100%| O|  |TAMS 0x0000000081f00000| PB 0x0000000081f00000| Untracked |  0
|  12|0x0000000082000000, 0x0000000082100000, 0x0000000082100000|100%| O|  |TAMS 0x0000000082000000| PB 0x0000000082000000| Untracked |  0
|  13|0x0000000082100000, 0x0000000082200000, 0x0000000082200000|100%| O|  |TAMS 0x0000000082100000| PB 0x0000000082100000| Untracked |  0
|  14|0x0000000082200000, 0x0000000082300000, 0x0000000082300000|100%| O|  |TAMS 0x0000000082200000| PB 0x0000000082200000| Untracked |  0
|  15|0x0000000082300000, 0x0000000082400000, 0x0000000082400000|100%| O|  |TAMS 0x0000000082300000| PB 0x0000000082300000| Untracked |  0
|  16|0x0000000082400000, 0x0000000082500000, 0x0000000082500000|100%| O|  |TAMS 0x0000000082400000| PB 0x0000000082400000| Untracked |  0
|  17|0x0000000082500000, 0x0000000082600000, 0x0000000082600000|100%| O|  |TAMS 0x0000000082500000| PB 0x0000000082500000| Untracked |  0
|  18|0x0000000082600000, 0x0000000082700000, 0x0000000082700000|100%| O|  |TAMS 0x0000000082600000| PB 0x0000000082600000| Untracked |  0
|  19|0x0000000082700000, 0x0000000082800000, 0x0000000082800000|100%| O|  |TAMS 0x0000000082700000| PB 0x0000000082700000| Untracked |  0
|  20|0x0000000082800000, 0x0000000082900000, 0x0000000082900000|100%| O|  |TAMS 0x0000000082800000| PB 0x0000000082800000| Untracked |  0
|  21|0x0000000082900000, 0x0000000082a00000, 0x0000000082a00000|100%| O|  |TAMS 0x0000000082900000| PB 0x0000000082900000| Untracked |  0
|  22|0x0000000082a00000, 0x0000000082b00000, 0x0000000082b00000|100%| O|  |TAMS 0x0000000082a00000| PB 0x0000000082a00000| Untracked |  0
|  23|0x0000000082b00000, 0x0000000082c00000, 0x0000000082c00000|100%| O|  |TAMS 0x0000000082b00000| PB 0x0000000082b00000| Untracked |  0
|  24|0x0000000082c00000, 0x0000000082d00000, 0x0000000082d00000|100%| O|  |TAMS 0x0000000082c00000| PB 0x0000000082c00000| Untracked |  0
|  25|0x0000000082d00000, 0x0000000082e00000, 0x0000000082e00000|100%| O|  |TAMS 0x0000000082d00000| PB 0x0000000082d00000| Untracked |  0
|  26|0x0000000082e00000, 0x0000000082f00000, 0x0000000082f00000|100%| O|  |TAMS 0x0000000082e00000| PB 0x0000000082e00000| Untracked |  0
|  27|0x0000000082f00000, 0x0000000083000000, 0x0000000083000000|100%| O|  |TAMS 0x0000000082f00000| PB 0x0000000082f00000| Untracked |  0
|  28|0x0000000083000000, 0x0000000083100000, 0x0000000083100000|100%| O|  |TAMS 0x0000000083000000| PB 0x0000000083000000| Untracked |  0
|  29|0x0000000083100000, 0x0000000083200000, 0x0000000083200000|100%| O|  |TAMS 0x0000000083100000| PB 0x0000000083100000| Untracked |  0
|  30|0x0000000083200000, 0x0000000083300000, 0x0000000083300000|100%| O|  |TAMS 0x0000000083200000| PB 0x0000000083200000| Untracked |  0
|  31|0x0000000083300000, 0x0000000083400000, 0x0000000083400000|100%| O|  |TAMS 0x0000000083300000| PB 0x0000000083300000| Untracked |  0
|  32|0x0000000083400000, 0x0000000083500000, 0x0000000083500000|100%| O|  |TAMS 0x0000000083400000| PB 0x0000000083400000| Untracked |  0
|  33|0x0000000083500000, 0x0000000083600000, 0x0000000083600000|100%| O|  |TAMS 0x0000000083500000| PB 0x0000000083500000| Untracked |  0
|  34|0x0000000083600000, 0x0000000083700000, 0x0000000083700000|100%| O|  |TAMS 0x0000000083600000| PB 0x0000000083600000| Untracked |  0
|  35|0x0000000083700000, 0x0000000083800000, 0x0000000083800000|100%| O|  |TAMS 0x0000000083700000| PB 0x0000000083700000| Untracked |  0
|  36|0x0000000083800000, 0x0000000083900000, 0x0000000083900000|100%| O|  |TAMS 0x0000000083800000| PB 0x0000000083800000| Untracked |  0
|  37|0x0000000083900000, 0x0000000083a00000, 0x0000000083a00000|100%| O|  |TAMS 0x0000000083900000| PB 0x0000000083900000| Untracked |  0
|  38|0x0000000083a00000, 0x0000000083b00000, 0x0000000083b00000|100%| O|  |TAMS 0x0000000083a00000| PB 0x0000000083a00000| Untracked |  0
|  39|0x0000000083b00000, 0x0000000083c00000, 0x0000000083c00000|100%| O|  |TAMS 0x0000000083b00000| PB 0x0000000083b00000| Untracked |  0
|  40|0x0000000083c00000, 0x0000000083d00000, 0x0000000083d00000|100%| O|  |TAMS 0x0000000083c00000| PB 0x0000000083c00000| Untracked |  0
|  41|0x0000000083d00000, 0x0000000083e00000, 0x0000000083e00000|100%| O|  |TAMS 0x0000000083d00000| PB 0x0000000083d00000| Untracked |  0
|  42|0x0000000083e00000, 0x0000000083f00000, 0x0000000083f00000|100%| O|  |TAMS 0x0000000083e00000| PB 0x0000000083e00000| Untracked |  0
|  43|0x0000000083f00000, 0x0000000084000000, 0x0000000084000000|100%| O|  |TAMS 0x0000000083f00000| PB 0x0000000083f00000| Untracked |  0
|  44|0x0000000084000000, 0x0000000084100000, 0x0000000084100000|100%| O|  |TAMS 0x0000000084000000| PB 0x0000000084000000| Untracked |  0
|  45|0x0000000084100000, 0x0000000084200000, 0x0000000084200000|100%| O|  |TAMS 0x0000000084100000| PB 0x0000000084100000| Untracked |  0
|  46|0x0000000084200000, 0x0000000084300000, 0x0000000084300000|100%| O|  |TAMS 0x0000000084200000| PB 0x0000000084200000| Untracked |  0
|  47|0x0000000084300000, 0x0000000084400000, 0x0000000084400000|100%| O|  |TAMS 0x0000000084300000| PB 0x0000000084300000| Untracked |  0
|  48|0x0000000084400000, 0x0000000084500000, 0x0000000084500000|100%| O|  |TAMS 0x0000000084400000| PB 0x0000000084400000| Untracked |  0
|  49|0x0000000084500000, 0x0000000084600000, 0x0000000084600000|100%| O|  |TAMS 0x0000000084500000| PB 0x0000000084500000| Untracked |  0
|  50|0x0000000084600000, 0x0000000084700000, 0x0000000084700000|100%| O|  |TAMS 0x0000000084600000| PB 0x0000000084600000| Untracked |  0
|  51|0x0000000084700000, 0x0000000084800000, 0x0000000084800000|100%| O|  |TAMS 0x0000000084700000| PB 0x0000000084700000| Untracked |  0
|  52|0x0000000084800000, 0x0000000084900000, 0x0000000084900000|100%| O|  |TAMS 0x0000000084800000| PB 0x0000000084800000| Untracked |  0
|  53|0x0000000084900000, 0x0000000084a00000, 0x0000000084a00000|100%| O|  |TAMS 0x0000000084900000| PB 0x0000000084900000| Untracked |  0
|  54|0x0000000084a00000, 0x0000000084b00000, 0x0000000084b00000|100%| O|  |TAMS 0x0000000084a00000| PB 0x0000000084a00000| Untracked |  0
|  55|0x0000000084b00000, 0x0000000084c00000, 0x0000000084c00000|100%| O|  |TAMS 0x0000000084b00000| PB 0x0000000084b00000| Untracked |  0
|  56|0x0000000084c00000, 0x0000000084d00000, 0x0000000084d00000|100%| O|  |TAMS 0x0000000084c00000| PB 0x0000000084c00000| Untracked |  0
|  57|0x0000000084d00000, 0x0000000084e00000, 0x0000000084e00000|100%| O|  |TAMS 0x0000000084d00000| PB 0x0000000084d00000| Untracked |  0
|  58|0x0000000084e00000, 0x0000000084f00000, 0x0000000084f00000|100%| O|  |TAMS 0x0000000084e00000| PB 0x0000000084e00000| Untracked |  0
|  59|0x0000000084f00000, 0x0000000085000000, 0x0000000085000000|100%| O|  |TAMS 0x0000000084f00000| PB 0x0000000084f00000| Untracked |  0
|  60|0x0000000085000000, 0x0000000085100000, 0x0000000085100000|100%| O|  |TAMS 0x0000000085000000| PB 0x0000000085000000| Untracked |  0
|  61|0x0000000085100000, 0x0000000085200000, 0x0000000085200000|100%| O|  |TAMS 0x0000000085100000| PB 0x0000000085100000| Untracked |  0
|  62|0x0000000085200000, 0x0000000085300000, 0x0000000085300000|100%| O|  |TAMS 0x0000000085200000| PB 0x0000000085200000| Untracked |  0
|  63|0x0000000085300000, 0x0000000085400000, 0x0000000085400000|100%| O|  |TAMS 0x0000000085300000| PB 0x0000000085300000| Untracked |  0
|  64|0x0000000085400000, 0x0000000085500000, 0x0000000085500000|100%| O|  |TAMS 0x0000000085400000| PB 0x0000000085400000| Untracked |  0
|  65|0x0000000085500000, 0x0000000085600000, 0x0000000085600000|100%| O|  |TAMS 0x0000000085500000| PB 0x0000000085500000| Untracked |  0
|  66|0x0000000085600000, 0x0000000085700000, 0x0000000085700000|100%| O|  |TAMS 0x0000000085600000| PB 0x0000000085600000| Untracked |  0
|  67|0x0000000085700000, 0x0000000085800000, 0x0000000085800000|100%| O|  |TAMS 0x0000000085700000| PB 0x0000000085700000| Untracked |  0
|  68|0x0000000085800000, 0x0000000085900000, 0x0000000085900000|100%| O|  |TAMS 0x0000000085800000| PB 0x0000000085800000| Untracked |  0
|  69|0x0000000085900000, 0x0000000085a00000, 0x0000000085a00000|100%| O|  |TAMS 0x0000000085900000| PB 0x0000000085900000| Untracked |  0
|  70|0x0000000085a00000, 0x0000000085a00000, 0x0000000085b00000|  0%| F|  |TAMS 0x0000000085a00000| PB 0x0000000085a00000| Untracked |  0
|  71|0x0000000085b00000, 0x0000000085c00000, 0x0000000085c00000|100%| O|  |TAMS 0x0000000085b00000| PB 0x0000000085b00000| Untracked |  0
|  72|0x0000000085c00000, 0x0000000085d00000, 0x0000000085d00000|100%| O|  |TAMS 0x0000000085c00000| PB 0x0000000085c00000| Untracked |  0
|  73|0x0000000085d00000, 0x0000000085e00000, 0x0000000085e00000|100%| O|  |TAMS 0x0000000085d00000| PB 0x0000000085d00000| Untracked |  0
|  74|0x0000000085e00000, 0x0000000085f00000, 0x0000000085f00000|100%| O|  |TAMS 0x0000000085e00000| PB 0x0000000085e00000| Untracked |  0
|  75|0x0000000085f00000, 0x0000000086000000, 0x0000000086000000|100%| O|  |TAMS 0x0000000085f00000| PB 0x0000000085f00000| Untracked |  0
|  76|0x0000000086000000, 0x0000000086100000, 0x0000000086100000|100%| O|  |TAMS 0x0000000086000000| PB 0x0000000086000000| Untracked |  0
|  77|0x0000000086100000, 0x0000000086200000, 0x0000000086200000|100%| O|  |TAMS 0x0000000086100000| PB 0x0000000086100000| Untracked |  0
|  78|0x0000000086200000, 0x0000000086300000, 0x0000000086300000|100%| O|  |TAMS 0x0000000086200000| PB 0x0000000086200000| Untracked |  0
|  79|0x0000000086300000, 0x0000000086400000, 0x0000000086400000|100%| O|  |TAMS 0x0000000086300000| PB 0x0000000086300000| Untracked |  0
|  80|0x0000000086400000, 0x0000000086500000, 0x0000000086500000|100%| O|  |TAMS 0x0000000086400000| PB 0x0000000086400000| Untracked |  0
|  81|0x0000000086500000, 0x0000000086600000, 0x0000000086600000|100%| O|  |TAMS 0x0000000086500000| PB 0x0000000086500000| Untracked |  0
|  82|0x0000000086600000, 0x0000000086700000, 0x0000000086700000|100%| O|  |TAMS 0x0000000086600000| PB 0x0000000086600000| Untracked |  0
|  83|0x0000000086700000, 0x0000000086800000, 0x0000000086800000|100%| O|  |TAMS 0x0000000086700000| PB 0x0000000086700000| Untracked |  0
|  84|0x0000000086800000, 0x0000000086900000, 0x0000000086900000|100%| O|  |TAMS 0x0000000086800000| PB 0x0000000086800000| Untracked |  0
|  85|0x0000000086900000, 0x0000000086a00000, 0x0000000086a00000|100%|HS|  |TAMS 0x0000000086900000| PB 0x0000000086900000| Complete |  0
|  86|0x0000000086a00000, 0x0000000086b00000, 0x0000000086b00000|100%|HS|  |TAMS 0x0000000086a00000| PB 0x0000000086a00000| Complete |  0
|  87|0x0000000086b00000, 0x0000000086c00000, 0x0000000086c00000|100%|HC|  |TAMS 0x0000000086b00000| PB 0x0000000086b00000| Complete |  0
|  88|0x0000000086c00000, 0x0000000086d00000, 0x0000000086d00000|100%| O|  |TAMS 0x0000000086c00000| PB 0x0000000086c00000| Untracked |  0
|  89|0x0000000086d00000, 0x0000000086e00000, 0x0000000086e00000|100%| O|  |TAMS 0x0000000086d00000| PB 0x0000000086d00000| Untracked |  0
|  90|0x0000000086e00000, 0x0000000086f00000, 0x0000000086f00000|100%| O|  |TAMS 0x0000000086e00000| PB 0x0000000086e00000| Untracked |  0
|  91|0x0000000086f00000, 0x0000000087000000, 0x0000000087000000|100%| O|  |TAMS 0x0000000086f00000| PB 0x0000000086f00000| Untracked |  0
|  92|0x0000000087000000, 0x0000000087100000, 0x0000000087100000|100%| O|  |TAMS 0x0000000087000000| PB 0x0000000087000000| Untracked |  0
|  93|0x0000000087100000, 0x0000000087200000, 0x0000000087200000|100%| O|  |TAMS 0x0000000087100000| PB 0x0000000087100000| Untracked |  0
|  94|0x0000000087200000, 0x0000000087300000, 0x0000000087300000|100%| O|  |TAMS 0x0000000087200000| PB 0x0000000087200000| Untracked |  0
|  95|0x0000000087300000, 0x0000000087400000, 0x0000000087400000|100%| O|  |TAMS 0x0000000087300000| PB 0x0000000087300000| Untracked |  0
|  96|0x0000000087400000, 0x0000000087500000, 0x0000000087500000|100%| O|  |TAMS 0x0000000087400000| PB 0x0000000087400000| Untracked |  0
|  97|0x0000000087500000, 0x0000000087600000, 0x0000000087600000|100%| O|  |TAMS 0x0000000087500000| PB 0x0000000087500000| Untracked |  0
|  98|0x0000000087600000, 0x0000000087700000, 0x0000000087700000|100%| O|  |TAMS 0x0000000087600000| PB 0x0000000087600000| Untracked |  0
|  99|0x0000000087700000, 0x0000000087800000, 0x0000000087800000|100%| O|  |TAMS 0x0000000087700000| PB 0x0000000087700000| Untracked |  0
| 100|0x0000000087800000, 0x0000000087900000, 0x0000000087900000|100%| O|  |TAMS 0x0000000087800000| PB 0x0000000087800000| Untracked |  0
| 101|0x0000000087900000, 0x0000000087a00000, 0x0000000087a00000|100%| O|  |TAMS 0x0000000087900000| PB 0x0000000087900000| Untracked |  0
| 102|0x0000000087a00000, 0x0000000087b00000, 0x0000000087b00000|100%| O|  |TAMS 0x0000000087a00000| PB 0x0000000087a00000| Untracked |  0
| 103|0x0000000087b00000, 0x0000000087c00000, 0x0000000087c00000|100%| O|  |TAMS 0x0000000087b00000| PB 0x0000000087b00000| Untracked |  0
| 104|0x0000000087c00000, 0x0000000087d00000, 0x0000000087d00000|100%| O|  |TAMS 0x0000000087c00000| PB 0x0000000087c00000| Untracked |  0
| 105|0x0000000087d00000, 0x0000000087e00000, 0x0000000087e00000|100%| O|  |TAMS 0x0000000087d00000| PB 0x0000000087d00000| Untracked |  0
| 106|0x0000000087e00000, 0x0000000087f00000, 0x0000000087f00000|100%| O|  |TAMS 0x0000000087e00000| PB 0x0000000087e00000| Untracked |  0
| 107|0x0000000087f00000, 0x0000000088000000, 0x0000000088000000|100%| O|  |TAMS 0x0000000087f00000| PB 0x0000000087f00000| Untracked |  0
| 108|0x0000000088000000, 0x0000000088100000, 0x0000000088100000|100%| O|  |TAMS 0x0000000088000000| PB 0x0000000088000000| Untracked |  0
| 109|0x0000000088100000, 0x0000000088200000, 0x0000000088200000|100%| O|  |TAMS 0x0000000088100000| PB 0x0000000088100000| Untracked |  0
| 110|0x0000000088200000, 0x0000000088300000, 0x0000000088300000|100%| O|  |TAMS 0x0000000088200000| PB 0x0000000088200000| Untracked |  0
| 111|0x0000000088300000, 0x0000000088400000, 0x0000000088400000|100%| O|  |TAMS 0x0000000088300000| PB 0x0000000088300000| Untracked |  0
| 112|0x0000000088400000, 0x0000000088500000, 0x0000000088500000|100%| O|  |TAMS 0x0000000088400000| PB 0x0000000088400000| Untracked |  0
| 113|0x0000000088500000, 0x0000000088600000, 0x0000000088600000|100%| O|  |TAMS 0x0000000088500000| PB 0x0000000088500000| Untracked |  0
| 114|0x0000000088600000, 0x0000000088700000, 0x0000000088700000|100%| O|  |TAMS 0x0000000088600000| PB 0x0000000088600000| Untracked |  0
| 115|0x0000000088700000, 0x0000000088800000, 0x0000000088800000|100%| O|  |TAMS 0x0000000088700000| PB 0x0000000088700000| Untracked |  0
| 116|0x0000000088800000, 0x0000000088900000, 0x0000000088900000|100%| O|  |TAMS 0x0000000088800000| PB 0x0000000088800000| Untracked |  0
| 117|0x0000000088900000, 0x0000000088a00000, 0x0000000088a00000|100%| O|  |TAMS 0x0000000088900000| PB 0x0000000088900000| Untracked |  0
| 118|0x0000000088a00000, 0x0000000088b00000, 0x0000000088b00000|100%| O|  |TAMS 0x0000000088a00000| PB 0x0000000088a00000| Untracked |  0
| 119|0x0000000088b00000, 0x0000000088c00000, 0x0000000088c00000|100%| O|  |TAMS 0x0000000088b00000| PB 0x0000000088b00000| Untracked |  0
| 120|0x0000000088c00000, 0x0000000088d00000, 0x0000000088d00000|100%| O|  |TAMS 0x0000000088c00000| PB 0x0000000088c00000| Untracked |  0
| 121|0x0000000088d00000, 0x0000000088e00000, 0x0000000088e00000|100%| O|  |TAMS 0x0000000088d00000| PB 0x0000000088d00000| Untracked |  0
| 122|0x0000000088e00000, 0x0000000088f00000, 0x0000000088f00000|100%| O|  |TAMS 0x0000000088e00000| PB 0x0000000088e00000| Untracked |  0
| 123|0x0000000088f00000, 0x0000000089000000, 0x0000000089000000|100%| O|  |TAMS 0x0000000088f00000| PB 0x0000000088f00000| Untracked |  0
| 124|0x0000000089000000, 0x0000000089100000, 0x0000000089100000|100%| O|  |TAMS 0x0000000089000000| PB 0x0000000089000000| Untracked |  0
| 125|0x0000000089100000, 0x0000000089200000, 0x0000000089200000|100%| O|  |TAMS 0x0000000089100000| PB 0x0000000089100000| Untracked |  0
| 126|0x0000000089200000, 0x0000000089300000, 0x0000000089300000|100%| O|  |TAMS 0x0000000089200000| PB 0x0000000089200000| Untracked |  0
| 127|0x0000000089300000, 0x0000000089380000, 0x0000000089400000| 50%| O|  |TAMS 0x0000000089300000| PB 0x0000000089300000| Untracked |  0
| 128|0x0000000089400000, 0x0000000089400000, 0x0000000089500000|  0%| F|  |TAMS 0x0000000089400000| PB 0x0000000089400000| Untracked |  0
| 129|0x0000000089500000, 0x0000000089500000, 0x0000000089600000|  0%| F|  |TAMS 0x0000000089500000| PB 0x0000000089500000| Untracked |  0
| 130|0x0000000089600000, 0x0000000089600000, 0x0000000089700000|  0%| F|  |TAMS 0x0000000089600000| PB 0x0000000089600000| Untracked |  0
| 131|0x0000000089700000, 0x0000000089700000, 0x0000000089800000|  0%| F|  |TAMS 0x0000000089700000| PB 0x0000000089700000| Untracked |  0
| 132|0x0000000089800000, 0x0000000089800000, 0x0000000089900000|  0%| F|  |TAMS 0x0000000089800000| PB 0x0000000089800000| Untracked |  0
| 133|0x0000000089900000, 0x0000000089900000, 0x0000000089a00000|  0%| F|  |TAMS 0x0000000089900000| PB 0x0000000089900000| Untracked |  0
| 134|0x0000000089a00000, 0x0000000089a00000, 0x0000000089b00000|  0%| F|  |TAMS 0x0000000089a00000| PB 0x0000000089a00000| Untracked |  0
| 135|0x0000000089b00000, 0x0000000089b00000, 0x0000000089c00000|  0%| F|  |TAMS 0x0000000089b00000| PB 0x0000000089b00000| Untracked |  0
| 136|0x0000000089c00000, 0x0000000089c00000, 0x0000000089d00000|  0%| F|  |TAMS 0x0000000089c00000| PB 0x0000000089c00000| Untracked |  0
| 137|0x0000000089d00000, 0x0000000089d00000, 0x0000000089e00000|  0%| F|  |TAMS 0x0000000089d00000| PB 0x0000000089d00000| Untracked |  0
| 138|0x0000000089e00000, 0x0000000089e00000, 0x0000000089f00000|  0%| F|  |TAMS 0x0000000089e00000| PB 0x0000000089e00000| Untracked |  0
| 139|0x0000000089f00000, 0x0000000089f00000, 0x000000008a000000|  0%| F|  |TAMS 0x0000000089f00000| PB 0x0000000089f00000| Untracked |  0
| 140|0x000000008a000000, 0x000000008a100000, 0x000000008a100000|100%| S|CS|TAMS 0x000000008a000000| PB 0x000000008a000000| Complete |  0
| 141|0x000000008a100000, 0x000000008a200000, 0x000000008a200000|100%| S|CS|TAMS 0x000000008a100000| PB 0x000000008a100000| Complete |  0
| 142|0x000000008a200000, 0x000000008a300000, 0x000000008a300000|100%| S|CS|TAMS 0x000000008a200000| PB 0x000000008a200000| Complete |  0
| 143|0x000000008a300000, 0x000000008a400000, 0x000000008a400000|100%| S|CS|TAMS 0x000000008a300000| PB 0x000000008a300000| Complete |  0
| 144|0x000000008a400000, 0x000000008a400000, 0x000000008a500000|  0%| F|  |TAMS 0x000000008a400000| PB 0x000000008a400000| Untracked |  0
| 145|0x000000008a500000, 0x000000008a500000, 0x000000008a600000|  0%| F|  |TAMS 0x000000008a500000| PB 0x000000008a500000| Untracked |  0
| 146|0x000000008a600000, 0x000000008a600000, 0x000000008a700000|  0%| F|  |TAMS 0x000000008a600000| PB 0x000000008a600000| Untracked |  0
| 147|0x000000008a700000, 0x000000008a700000, 0x000000008a800000|  0%| F|  |TAMS 0x000000008a700000| PB 0x000000008a700000| Untracked |  0
| 148|0x000000008a800000, 0x000000008a800000, 0x000000008a900000|  0%| F|  |TAMS 0x000000008a800000| PB 0x000000008a800000| Untracked |  0
| 149|0x000000008a900000, 0x000000008a900000, 0x000000008aa00000|  0%| F|  |TAMS 0x000000008a900000| PB 0x000000008a900000| Untracked |  0
| 150|0x000000008aa00000, 0x000000008aa00000, 0x000000008ab00000|  0%| F|  |TAMS 0x000000008aa00000| PB 0x000000008aa00000| Untracked |  0
| 151|0x000000008ab00000, 0x000000008ab00000, 0x000000008ac00000|  0%| F|  |TAMS 0x000000008ab00000| PB 0x000000008ab00000| Untracked |  0
| 152|0x000000008ac00000, 0x000000008ac00000, 0x000000008ad00000|  0%| F|  |TAMS 0x000000008ac00000| PB 0x000000008ac00000| Untracked |  0
| 153|0x000000008ad00000, 0x000000008ad00000, 0x000000008ae00000|  0%| F|  |TAMS 0x000000008ad00000| PB 0x000000008ad00000| Untracked |  0
| 154|0x000000008ae00000, 0x000000008ae00000, 0x000000008af00000|  0%| F|  |TAMS 0x000000008ae00000| PB 0x000000008ae00000| Untracked |  0
| 155|0x000000008af00000, 0x000000008af00000, 0x000000008b000000|  0%| F|  |TAMS 0x000000008af00000| PB 0x000000008af00000| Untracked |  0
| 156|0x000000008b000000, 0x000000008b000000, 0x000000008b100000|  0%| F|  |TAMS 0x000000008b000000| PB 0x000000008b000000| Untracked |  0
| 157|0x000000008b100000, 0x000000008b100000, 0x000000008b200000|  0%| F|  |TAMS 0x000000008b100000| PB 0x000000008b100000| Untracked |  0
| 158|0x000000008b200000, 0x000000008b200000, 0x000000008b300000|  0%| F|  |TAMS 0x000000008b200000| PB 0x000000008b200000| Untracked |  0
| 159|0x000000008b300000, 0x000000008b300000, 0x000000008b400000|  0%| F|  |TAMS 0x000000008b300000| PB 0x000000008b300000| Untracked |  0
| 160|0x000000008b400000, 0x000000008b400000, 0x000000008b500000|  0%| F|  |TAMS 0x000000008b400000| PB 0x000000008b400000| Untracked |  0
| 161|0x000000008b500000, 0x000000008b500000, 0x000000008b600000|  0%| F|  |TAMS 0x000000008b500000| PB 0x000000008b500000| Untracked |  0
| 162|0x000000008b600000, 0x000000008b600000, 0x000000008b700000|  0%| F|  |TAMS 0x000000008b600000| PB 0x000000008b600000| Untracked |  0
| 163|0x000000008b700000, 0x000000008b700000, 0x000000008b800000|  0%| F|  |TAMS 0x000000008b700000| PB 0x000000008b700000| Untracked |  0
| 164|0x000000008b800000, 0x000000008b800000, 0x000000008b900000|  0%| F|  |TAMS 0x000000008b800000| PB 0x000000008b800000| Untracked |  0
| 165|0x000000008b900000, 0x000000008b900000, 0x000000008ba00000|  0%| F|  |TAMS 0x000000008b900000| PB 0x000000008b900000| Untracked |  0
|2022|0x00000000ffa00000, 0x00000000ffa00000, 0x00000000ffb00000|  0%| F|  |TAMS 0x00000000ffa00000| PB 0x00000000ffa00000| Untracked |  0
|2023|0x00000000ffb00000, 0x00000000ffc00000, 0x00000000ffc00000|100%| O|  |TAMS 0x00000000ffb00000| PB 0x00000000ffb00000| Untracked |  0
|2024|0x00000000ffc00000, 0x00000000ffd00000, 0x00000000ffd00000|100%| O|  |TAMS 0x00000000ffc00000| PB 0x00000000ffc00000| Untracked |  0
|2025|0x00000000ffd00000, 0x00000000ffe00000, 0x00000000ffe00000|100%| O|  |TAMS 0x00000000ffd00000| PB 0x00000000ffd00000| Untracked |  0
|2026|0x00000000ffe00000, 0x00000000fff00000, 0x00000000fff00000|100%| O|  |TAMS 0x00000000ffe00000| PB 0x00000000ffe00000| Untracked |  0
|2027|0x00000000fff00000, 0x00000000fff00000, 0x0000000100000000|  0%| F|  |TAMS 0x00000000fff00000| PB 0x00000000fff00000| Untracked |  0

Card table byte_map: [0x0000020674370000,0x0000020674770000] _byte_map_base: 0x0000020673f66000

Marking Bits: (CMBitMap*) 0x0000020668730700
 Bits: [0x0000020674770000, 0x0000020676720000)

Polling page: 0x0000020666460000

Metaspace:

Usage:
  Non-class:     61.39 MB used.
      Class:      8.40 MB used.
       Both:     69.79 MB used.

Virtual space:
  Non-class space:       64.00 MB reserved,      61.69 MB ( 96%) committed,  1 nodes.
      Class space:        1.00 GB reserved,       8.62 MB ( <1%) committed,  1 nodes.
             Both:        1.06 GB reserved,      70.31 MB (  6%) committed. 

Chunk freelists:
   Non-Class:  1.94 MB
       Class:  7.41 MB
        Both:  9.35 MB

MaxMetaspaceSize: unlimited
CompressedClassSpaceSize: 1.00 GB
Initial GC threshold: 21.00 MB
Current GC threshold: 117.19 MB
CDS: on
 - commit_granule_bytes: 65536.
 - commit_granule_words: 8192.
 - virtual_space_node_default_size: 8388608.
 - enlarge_chunks_in_place: 1.
UseCompressedClassPointers 1, UseCompactObjectHeaders 0
Narrow klass pointer bits 32, Max shift 3
Narrow klass base: 0x0000020600000000, Narrow klass shift: 0
Encoding Range: [0x0000020600000000 - 0x0000020700000000), (4294967296 bytes)
Klass Range:    [0x0000020600000000 - 0x0000020641000000), (1090519040 bytes)
Klass ID Range:  [8 - 1090519033) (1090519025)


Internal statistics:

num_allocs_failed_limit: 6.
num_arena_births: 710.
num_arena_deaths: 0.
num_vsnodes_births: 2.
num_vsnodes_deaths: 0.
num_space_committed: 1125.
num_space_uncommitted: 0.
num_chunks_returned_to_freelist: 6.
num_chunks_taken_from_freelist: 3243.
num_chunk_merges: 6.
num_chunk_splits: 2412.
num_chunks_enlarged: 2014.
num_inconsistent_stats: 0.

CodeCache: size=49152Kb used=13143Kb max_used=14069Kb free=36008Kb
 bounds [0x0000020670f70000, 0x0000020671d30000, 0x0000020673f70000]
 total_blobs=9401, nmethods=8676, adapters=647, full_count=0
Compilation: enabled, stopped_count=0, restarted_count=0

Compilation events (20 events):
Event: 23.320 Thread 0x00000206453e3eb0 9842       1       java.lang.Math::addExact (26 bytes)
Event: 23.320 Thread 0x00000206453e3eb0 nmethod 9842 0x00000206712e8488 code [0x00000206712e85a0, 0x00000206712e86f0]
Event: 23.320 Thread 0x00000206453e3eb0 9843       1       org.springframework.data.domain.Range$Bound::getValue (5 bytes)
Event: 23.320 Thread 0x00000206453e4640 9844       1       org.springframework.data.domain.Range$Bound::isInclusive (5 bytes)
Event: 23.320 Thread 0x00000206453e3eb0 nmethod 9843 0x00000206712e8e88 code [0x00000206712e8f80, 0x00000206712e9048]
Event: 23.321 Thread 0x00000206453e4640 nmethod 9844 0x00000206712ed808 code [0x00000206712ed900, 0x00000206712ed9c8]
Event: 23.321 Thread 0x00000206453e3eb0 9845   !   1       java.lang.invoke.MethodHandleImpl::profileBoolean (34 bytes)
Event: 23.321 Thread 0x00000206453e3eb0 nmethod 9845 0x0000020671442588 code [0x00000206714426c0, 0x0000020671442948]
Event: 23.560 Thread 0x00000206453e3eb0 9846       1       java.util.ArrayList::equals (62 bytes)
Event: 23.561 Thread 0x00000206453e3eb0 nmethod 9846 0x000002067134f888 code [0x000002067134f9e0, 0x000002067134fd48]
Event: 23.663 Thread 0x00000206453e3eb0 9847       1       org.antlr.v4.runtime.atn.LexerSkipAction::execute (5 bytes)
Event: 23.663 Thread 0x00000206453e4640 9848       1       org.antlr.v4.runtime.Lexer::skip (7 bytes)
Event: 23.663 Thread 0x00000206453e4640 nmethod 9848 0x00000206712f0388 code [0x00000206712f0480, 0x00000206712f0548]
Event: 23.663 Thread 0x00000206453e3eb0 nmethod 9847 0x00000206712f2388 code [0x00000206712f24a0, 0x00000206712f2570]
Event: 23.848 Thread 0x00000206453e3eb0 9849       1       javax.management.ObjectName::addProperty (80 bytes)
Event: 23.849 Thread 0x00000206453e3eb0 nmethod 9849 0x0000020671304788 code [0x0000020671304900, 0x0000020671304e08]
Event: 23.969 Thread 0x0000020678aeb5e0 9850       1       org.antlr.v4.runtime.dfa.DFAState::equals (35 bytes)
Event: 23.969 Thread 0x00000206453e3eb0 9851       1       org.antlr.v4.runtime.atn.ATNConfigSet::equals (105 bytes)
Event: 23.970 Thread 0x0000020678aeb5e0 nmethod 9850 0x0000020671306008 code [0x0000020671306140, 0x0000020671306318]
Event: 23.970 Thread 0x00000206453e3eb0 nmethod 9851 0x0000020671477388 code [0x00000206714774c0, 0x0000020671477720]

GC Heap History (20 events):
Event: 21.849 GC heap after
{Heap after GC invocations=27 (full 0):
 garbage-first heap   total reserved 2076672K, committed 120832K, used 53691K [0x0000000081400000, 0x0000000100000000)
  region size 1024K, 3 young (3072K), 3 survivors (3072K)
 Metaspace       used 69971K, committed 70528K, reserved 1114112K
  class space    used 8359K, committed 8576K, reserved 1048576K
}
Event: 22.329 GC heap before
{Heap before GC invocations=27 (full 0):
 garbage-first heap   total reserved 2076672K, committed 120832K, used 106939K [0x0000000081400000, 0x0000000100000000)
  region size 1024K, 55 young (56320K), 3 survivors (3072K)
 Metaspace       used 70719K, committed 71232K, reserved 1114112K
  class space    used 8439K, committed 8640K, reserved 1048576K
}
Event: 22.339 GC heap after
{Heap after GC invocations=28 (full 0):
 garbage-first heap   total reserved 2076672K, committed 120832K, used 54483K [0x0000000081400000, 0x0000000100000000)
  region size 1024K, 5 young (5120K), 5 survivors (5120K)
 Metaspace       used 70719K, committed 71232K, reserved 1114112K
  class space    used 8439K, committed 8640K, reserved 1048576K
}
Event: 22.716 GC heap before
{Heap before GC invocations=28 (full 0):
 garbage-first heap   total reserved 2076672K, committed 120832K, used 107731K [0x0000000081400000, 0x0000000100000000)
  region size 1024K, 57 young (58368K), 5 survivors (5120K)
 Metaspace       used 70922K, committed 71488K, reserved 1114112K
  class space    used 8456K, committed 8704K, reserved 1048576K
}
Event: 22.726 GC heap after
{Heap after GC invocations=29 (full 0):
 garbage-first heap   total reserved 2076672K, committed 120832K, used 56950K [0x0000000081400000, 0x0000000100000000)
  region size 1024K, 6 young (6144K), 6 survivors (6144K)
 Metaspace       used 70922K, committed 71488K, reserved 1114112K
  class space    used 8456K, committed 8704K, reserved 1048576K
}
Event: 23.081 GC heap before
{Heap before GC invocations=30 (full 0):
 garbage-first heap   total reserved 2076672K, committed 120832K, used 106102K [0x0000000081400000, 0x0000000100000000)
  region size 1024K, 54 young (55296K), 6 survivors (6144K)
 Metaspace       used 71264K, committed 71872K, reserved 1114112K
  class space    used 8573K, committed 8832K, reserved 1048576K
}
Event: 23.090 GC heap after
{Heap after GC invocations=31 (full 0):
 garbage-first heap   total reserved 2076672K, committed 120832K, used 57550K [0x0000000081400000, 0x0000000100000000)
  region size 1024K, 3 young (3072K), 3 survivors (3072K)
 Metaspace       used 71264K, committed 71872K, reserved 1114112K
  class space    used 8573K, committed 8832K, reserved 1048576K
}
Event: 23.397 GC heap before
{Heap before GC invocations=31 (full 0):
 garbage-first heap   total reserved 2076672K, committed 120832K, used 109774K [0x0000000081400000, 0x0000000100000000)
  region size 1024K, 54 young (55296K), 3 survivors (3072K)
 Metaspace       used 71463K, committed 72000K, reserved 1114112K
  class space    used 8605K, committed 8832K, reserved 1048576K
}
Event: 23.420 GC heap after
{Heap after GC invocations=32 (full 0):
 garbage-first heap   total reserved 2076672K, committed 124928K, used 67559K [0x0000000081400000, 0x0000000100000000)
  region size 1024K, 7 young (7168K), 7 survivors (7168K)
 Metaspace       used 71463K, committed 72000K, reserved 1114112K
  class space    used 8605K, committed 8832K, reserved 1048576K
}
Event: 23.482 GC heap before
{Heap before GC invocations=32 (full 0):
 garbage-first heap   total reserved 2076672K, committed 124928K, used 92135K [0x0000000081400000, 0x0000000100000000)
  region size 1024K, 32 young (32768K), 7 survivors (7168K)
 Metaspace       used 71463K, committed 72000K, reserved 1114112K
  class space    used 8605K, committed 8832K, reserved 1048576K
}
Event: 23.505 GC heap after
{Heap after GC invocations=33 (full 0):
 garbage-first heap   total reserved 2076672K, committed 176128K, used 76288K [0x0000000081400000, 0x0000000100000000)
  region size 1024K, 6 young (6144K), 6 survivors (6144K)
 Metaspace       used 71463K, committed 72000K, reserved 1114112K
  class space    used 8605K, committed 8832K, reserved 1048576K
}
Event: 23.778 GC heap before
{Heap before GC invocations=33 (full 0):
 garbage-first heap   total reserved 2076672K, committed 176128K, used 138752K [0x0000000081400000, 0x0000000100000000)
  region size 1024K, 66 young (67584K), 6 survivors (6144K)
 Metaspace       used 71466K, committed 72000K, reserved 1114112K
  class space    used 8605K, committed 8832K, reserved 1048576K
}
Event: 23.803 GC heap after
{Heap after GC invocations=34 (full 0):
 garbage-first heap   total reserved 2076672K, committed 176128K, used 88064K [0x0000000081400000, 0x0000000100000000)
  region size 1024K, 9 young (9216K), 9 survivors (9216K)
 Metaspace       used 71466K, committed 72000K, reserved 1114112K
  class space    used 8605K, committed 8832K, reserved 1048576K
}
Event: 23.884 GC heap before
{Heap before GC invocations=34 (full 0):
 garbage-first heap   total reserved 2076672K, committed 176128K, used 118784K [0x0000000081400000, 0x0000000100000000)
  region size 1024K, 40 young (40960K), 9 survivors (9216K)
 Metaspace       used 71466K, committed 72000K, reserved 1114112K
  class space    used 8605K, committed 8832K, reserved 1048576K
}
Event: 23.912 GC heap after
{Heap after GC invocations=35 (full 0):
 garbage-first heap   total reserved 2076672K, committed 176128K, used 99840K [0x0000000081400000, 0x0000000100000000)
  region size 1024K, 8 young (8192K), 8 survivors (8192K)
 Metaspace       used 71466K, committed 72000K, reserved 1114112K
  class space    used 8605K, committed 8832K, reserved 1048576K
}
Event: 24.154 GC heap before
{Heap before GC invocations=36 (full 0):
 garbage-first heap   total reserved 2076672K, committed 176128K, used 145920K [0x0000000081400000, 0x0000000100000000)
  region size 1024K, 51 young (52224K), 8 survivors (8192K)
 Metaspace       used 71466K, committed 72000K, reserved 1114112K
  class space    used 8605K, committed 8832K, reserved 1048576K
}
Event: 24.200 GC heap after
{Heap after GC invocations=37 (full 0):
 garbage-first heap   total reserved 2076672K, committed 176128K, used 120320K [0x0000000081400000, 0x0000000100000000)
  region size 1024K, 7 young (7168K), 7 survivors (7168K)
 Metaspace       used 71466K, committed 72000K, reserved 1114112K
  class space    used 8605K, committed 8832K, reserved 1048576K
}
Event: 24.337 GC heap before
{Heap before GC invocations=37 (full 0):
 garbage-first heap   total reserved 2076672K, committed 176128K, used 150016K [0x0000000081400000, 0x0000000100000000)
  region size 1024K, 36 young (36864K), 7 survivors (7168K)
 Metaspace       used 71466K, committed 72000K, reserved 1114112K
  class space    used 8605K, committed 8832K, reserved 1048576K
}
Event: 24.362 GC heap after
{Heap after GC invocations=38 (full 0):
 garbage-first heap   total reserved 2076672K, committed 176128K, used 130560K [0x0000000081400000, 0x0000000100000000)
  region size 1024K, 5 young (5120K), 5 survivors (5120K)
 Metaspace       used 71466K, committed 72000K, reserved 1114112K
  class space    used 8605K, committed 8832K, reserved 1048576K
}
Event: 24.461 GC heap before
{Heap before GC invocations=38 (full 0):
 garbage-first heap   total reserved 2076672K, committed 176128K, used 154112K [0x0000000081400000, 0x0000000100000000)
  region size 1024K, 28 young (28672K), 5 survivors (5120K)
 Metaspace       used 71466K, committed 72000K, reserved 1114112K
  class space    used 8605K, committed 8832K, reserved 1048576K
}

Dll operation events (10 events):
Event: 0.093 Loaded shared library C:\Program Files\Java\jdk-24\bin\java.dll
Event: 1.744 Loaded shared library C:\Program Files\Java\jdk-24\bin\jimage.dll
Event: 1.777 Loaded shared library C:\Program Files\Java\jdk-24\bin\net.dll
Event: 1.784 Loaded shared library C:\Program Files\Java\jdk-24\bin\nio.dll
Event: 1.794 Loaded shared library C:\Program Files\Java\jdk-24\bin\zip.dll
Event: 2.119 Loaded shared library C:\Program Files\Java\jdk-24\bin\management.dll
Event: 2.159 Loaded shared library C:\Program Files\Java\jdk-24\bin\management_ext.dll
Event: 3.670 Loaded shared library C:\Program Files\Java\jdk-24\bin\extnet.dll
Event: 8.037 Loaded shared library C:\Program Files\Java\jdk-24\bin\sunmscapi.dll
Event: 14.563 Loaded shared library C:\Program Files\Java\jdk-24\bin\verify.dll

Deoptimization events (2 events):
Event: 9.358 Thread 0x00000206686d36f0 DEOPT PACKING pc=0x0000020671611b9c sp=0x000000cbcc8febd0
Event: 9.358 Thread 0x00000206686d36f0 DEOPT UNPACKING pc=0x0000020670fc5722 sp=0x000000cbcc8fe080 mode 0

Classes loaded (20 events):
Event: 21.725 Loading class java/lang/Character$UnicodeBlock
Event: 21.727 Loading class java/lang/Character$Subset
Event: 21.727 Loading class java/lang/Character$Subset done
Event: 21.729 Loading class java/lang/Character$UnicodeBlock done
Event: 21.959 Loading class javax/crypto/SecretKey
Event: 21.959 Loading class javax/crypto/SecretKey done
Event: 21.994 Loading class java/util/stream/SortedOps$SizedRefSortingSink
Event: 21.994 Loading class java/util/stream/SortedOps$SizedRefSortingSink done
Event: 22.024 Loading class java/nio/channels/CompletionHandler
Event: 22.024 Loading class java/nio/channels/CompletionHandler done
Event: 22.051 Loading class java/text/StringBufFactory$StringBufferImpl
Event: 22.052 Loading class java/text/StringBufFactory$StringBufferImpl done
Event: 22.987 Loading class java/lang/invoke/MethodHandleImpl$CountingWrapper$1
Event: 22.987 Loading class java/lang/invoke/MethodHandleImpl$CountingWrapper$1 done
Event: 23.267 Loading class java/util/stream/Streams$RangeIntSpliterator
Event: 23.268 Loading class java/util/stream/Streams$RangeIntSpliterator done
Event: 23.268 Loading class java/util/stream/IntPipeline$1
Event: 23.268 Loading class java/util/stream/IntPipeline$1 done
Event: 23.269 Loading class java/util/stream/IntPipeline$1$1
Event: 23.269 Loading class java/util/stream/IntPipeline$1$1 done

Classes unloaded (0 events):
No events

Classes redefined (0 events):
No events

Internal exceptions (20 events):
Event: 19.982 Thread 0x00000206686d36f0 Exception <a 'java/io/IOException'{0x0000000085b15460}> (0x0000000085b15460) 
thrown [s\open\src\hotspot\share\prims\jni.cpp, line 518]
Event: 19.983 Thread 0x00000206686d36f0 Exception <a 'java/io/IOException'{0x0000000085b23ac0}> (0x0000000085b23ac0) 
thrown [s\open\src\hotspot\share\prims\jni.cpp, line 518]
Event: 19.985 Thread 0x00000206686d36f0 Exception <a 'java/io/IOException'{0x0000000085b32268}> (0x0000000085b32268) 
thrown [s\open\src\hotspot\share\prims\jni.cpp, line 518]
Event: 19.986 Thread 0x00000206686d36f0 Exception <a 'java/io/IOException'{0x0000000085b40c50}> (0x0000000085b40c50) 
thrown [s\open\src\hotspot\share\prims\jni.cpp, line 518]
Event: 19.987 Thread 0x00000206686d36f0 Exception <a 'java/io/IOException'{0x0000000085b4f7e0}> (0x0000000085b4f7e0) 
thrown [s\open\src\hotspot\share\prims\jni.cpp, line 518]
Event: 19.989 Thread 0x00000206686d36f0 Exception <a 'java/io/IOException'{0x0000000085b5f320}> (0x0000000085b5f320) 
thrown [s\open\src\hotspot\share\prims\jni.cpp, line 518]
Event: 19.990 Thread 0x00000206686d36f0 Exception <a 'java/io/IOException'{0x0000000085b6eba8}> (0x0000000085b6eba8) 
thrown [s\open\src\hotspot\share\prims\jni.cpp, line 518]
Event: 19.992 Thread 0x00000206686d36f0 Exception <a 'java/io/IOException'{0x0000000085b7f428}> (0x0000000085b7f428) 
thrown [s\open\src\hotspot\share\prims\jni.cpp, line 518]
Event: 19.995 Thread 0x00000206686d36f0 Exception <a 'java/io/IOException'{0x0000000085b915e8}> (0x0000000085b915e8) 
thrown [s\open\src\hotspot\share\prims\jni.cpp, line 518]
Event: 20.074 Thread 0x00000206686d36f0 Exception <a 'java/lang/IncompatibleClassChangeError'{0x000000008568aeb8}: Found class java.lang.Object, but interface was expected> (0x000000008568aeb8) 
thrown [s\open\src\hotspot\share\interpreter\linkResolver.cpp, line 872]
Event: 20.132 Thread 0x00000206686d36f0 Exception <a 'java/lang/IncompatibleClassChangeError'{0x000000008548f2a0}: Found class java.lang.Object, but interface was expected> (0x000000008548f2a0) 
thrown [s\open\src\hotspot\share\interpreter\linkResolver.cpp, line 872]
Event: 20.140 Thread 0x00000206686d36f0 Exception <a 'java/lang/NoSuchMethodError'{0x00000000853176f0}: 'java.lang.Object java.lang.invoke.DirectMethodHandle$Holder.invokeSpecialIFC(java.lang.Object, java.lang.Object, java.lang.Object)'> (0x00000000853176f0) 
thrown [s\open\src\hotspot\share\interpreter\linkResolver.cpp, line 805]
Event: 20.559 Thread 0x00000206686d36f0 Exception <a 'java/lang/IncompatibleClassChangeError'{0x00000000874971e0}: Found class java.lang.Object, but interface was expected> (0x00000000874971e0) 
thrown [s\open\src\hotspot\share\interpreter\linkResolver.cpp, line 872]
Event: 20.659 Thread 0x00000206686d36f0 Exception <a 'java/io/IOException'{0x00000000869754a8}> (0x00000000869754a8) 
thrown [s\open\src\hotspot\share\prims\jni.cpp, line 518]
Event: 21.752 Thread 0x00000206686d36f0 Exception <a 'java/lang/IncompatibleClassChangeError'{0x0000000085b3ede0}: Found class java.lang.Object, but interface was expected> (0x0000000085b3ede0) 
thrown [s\open\src\hotspot\share\interpreter\linkResolver.cpp, line 872]
Event: 22.024 Thread 0x00000206686d36f0 Exception <a 'java/lang/NoSuchMethodError'{0x0000000086d1b6f0}: 'long java.lang.invoke.DirectMethodHandle$Holder.invokeVirtual(java.lang.Object, java.lang.Object)'> (0x0000000086d1b6f0) 
thrown [s\open\src\hotspot\share\interpreter\linkResolver.cpp, line 805]
Event: 22.062 Thread 0x00000206686d36f0 Exception <a 'java/lang/NoSuchMethodError'{0x0000000086cc8830}: 'void java.lang.invoke.Invokers$Holder.invokeExact_MT(java.lang.Object, java.lang.Object, int, java.lang.Object)'> (0x0000000086cc8830) 
thrown [s\open\src\hotspot\share\interpreter\linkResolver.cpp, line 805]
Event: 22.274 Thread 0x00000206686d36f0 Exception <a 'java/lang/NoSuchMethodError'{0x0000000085aac4a8}: 'java.lang.Object java.lang.invoke.DirectMethodHandle$Holder.invokeSpecial(java.lang.Object, java.lang.Object, java.lang.Object, java.lang.Object, java.lang.Object, int)'> (0x0000000085aac4a8) 
thrown [s\open\src\hotspot\share\interpreter\linkResolver.cpp, line 805]
Event: 22.274 Thread 0x00000206686d36f0 Exception <a 'java/lang/NoSuchMethodError'{0x0000000085ab4890}: 'java.lang.Object java.lang.invoke.Invokers$Holder.linkToTargetMethod(java.lang.Object, java.lang.Object, java.lang.Object, int, java.lang.Object)'> (0x0000000085ab4890) 
thrown [s\open\src\hotspot\share\interpreter\linkResolver.cpp, line 805]
Event: 23.268 Thread 0x00000206686d36f0 Exception <a 'java/lang/NoSuchMethodError'{0x000000008796aff8}: 'java.lang.Object java.lang.invoke.DirectMethodHandle$Holder.invokeInterface(java.lang.Object, java.lang.Object, int)'> (0x000000008796aff8) 
thrown [s\open\src\hotspot\share\interpreter\linkResolver.cpp, line 805]

VM Operations (20 events):
Event: 22.937 Executing VM operation: G1PauseCleanup done
Event: 23.081 Executing VM operation: G1CollectForAllocation (G1 Evacuation Pause)
Event: 23.090 Executing VM operation: G1CollectForAllocation (G1 Evacuation Pause) done
Event: 23.397 Executing VM operation: G1CollectForAllocation (G1 Evacuation Pause)
Event: 23.420 Executing VM operation: G1CollectForAllocation (G1 Evacuation Pause) done
Event: 23.482 Executing VM operation: G1TryInitiateConcMark (G1 Humongous Allocation)
Event: 23.505 Executing VM operation: G1TryInitiateConcMark (G1 Humongous Allocation) done
Event: 23.778 Executing VM operation: G1CollectForAllocation (G1 Evacuation Pause)
Event: 23.803 Executing VM operation: G1CollectForAllocation (G1 Evacuation Pause) done
Event: 23.884 Executing VM operation: G1TryInitiateConcMark (G1 Humongous Allocation)
Event: 23.912 Executing VM operation: G1TryInitiateConcMark (G1 Humongous Allocation) done
Event: 24.142 Executing VM operation: G1PauseRemark
Event: 24.148 Executing VM operation: G1PauseRemark done
Event: 24.154 Executing VM operation: G1CollectForAllocation (G1 Evacuation Pause)
Event: 24.201 Executing VM operation: G1CollectForAllocation (G1 Evacuation Pause) done
Event: 24.288 Executing VM operation: G1PauseCleanup
Event: 24.288 Executing VM operation: G1PauseCleanup done
Event: 24.337 Executing VM operation: G1CollectForAllocation (G1 Evacuation Pause)
Event: 24.362 Executing VM operation: G1CollectForAllocation (G1 Evacuation Pause) done
Event: 24.461 Executing VM operation: G1CollectForAllocation (G1 Evacuation Pause)

Memory protections (0 events):
No events

Nmethod flushes (20 events):
Event: 22.888 Thread 0x0000020678accee0 flushing  nmethod 0x0000020671567f08
Event: 22.888 Thread 0x0000020678accee0 flushing  nmethod 0x0000020671568208
Event: 22.888 Thread 0x0000020678accee0 flushing  nmethod 0x0000020671568508
Event: 22.888 Thread 0x0000020678accee0 flushing  nmethod 0x0000020671568808
Event: 22.888 Thread 0x0000020678accee0 flushing  nmethod 0x0000020671574588
Event: 22.888 Thread 0x0000020678accee0 flushing  nmethod 0x0000020671575088
Event: 22.888 Thread 0x0000020678accee0 flushing  nmethod 0x0000020671581008
Event: 22.888 Thread 0x0000020678accee0 flushing  nmethod 0x0000020671597708
Event: 22.888 Thread 0x0000020678accee0 flushing  nmethod 0x0000020671598708
Event: 22.888 Thread 0x0000020678accee0 flushing  nmethod 0x0000020671599608
Event: 22.888 Thread 0x0000020678accee0 flushing  nmethod 0x0000020671599f08
Event: 22.888 Thread 0x0000020678accee0 flushing  nmethod 0x00000206715a6e08
Event: 22.888 Thread 0x0000020678accee0 flushing  nmethod 0x00000206715a7508
Event: 22.888 Thread 0x0000020678accee0 flushing  nmethod 0x00000206715bc588
Event: 22.888 Thread 0x0000020678accee0 flushing  nmethod 0x00000206715bc908
Event: 24.146 Thread 0x0000020678accee0 flushing  nmethod 0x00000206715f9508
Event: 24.146 Thread 0x0000020678accee0 flushing  nmethod 0x000002067160e188
Event: 24.146 Thread 0x0000020678accee0 flushing  nmethod 0x0000020671613988
Event: 24.146 Thread 0x0000020678accee0 flushing  nmethod 0x0000020671630008
Event: 24.146 Thread 0x0000020678accee0 flushing  nmethod 0x0000020671704d08

Events (20 events):
Event: 2.012 Thread 0x0000020678aeb5e0 Thread added: 0x00000206453e4640
Event: 3.678 Thread 0x00000206686d36f0 Thread added: 0x00000206460ae5b0
Event: 3.817 Thread 0x00000206686d36f0 Thread added: 0x0000020645d38d10
Event: 3.912 Thread 0x00000206686d36f0 Thread added: 0x0000020645d40ed0
Event: 4.323 Thread 0x0000020645d38d10 Thread added: 0x000002064611cf40
Event: 4.546 Thread 0x000002064611cf40 Thread added: 0x000002064611e8a0
Event: 4.550 Thread 0x00000206460ae5b0 Thread added: 0x0000020646137010
Event: 4.638 Thread 0x0000020646137010 Thread added: 0x00000206461574f0
Event: 7.235 Thread 0x00000206686d36f0 Thread added: 0x00000206463791f0
Event: 7.419 Thread 0x00000206686d36f0 Thread added: 0x000002064637c520
Event: 7.646 Thread 0x000002064637c520 Thread exited: 0x000002064637c520
Event: 8.045 Thread 0x00000206463791f0 Thread exited: 0x00000206463791f0
Event: 8.743 Thread 0x00000206686d36f0 Thread added: 0x000002064637bdd0
Event: 8.824 Thread 0x000002064637bdd0 Thread exited: 0x000002064637bdd0
Event: 15.018 Thread 0x00000206686d36f0 Thread added: 0x000002064637b680
Event: 15.121 Thread 0x000002064637b680 Thread added: 0x000002064637bdd0
Event: 20.455 Thread 0x000002064637bdd0 Thread exited: 0x000002064637bdd0
Event: 22.042 Thread 0x00000206686d36f0 Thread added: 0x000002064637bdd0
Event: 22.043 Thread 0x000002064637bdd0 Thread added: 0x0000020646379940
Event: 22.052 Thread 0x00000206686d36f0 Thread added: 0x000002064637c520


Dynamic libraries:
0x00007ff7ed730000 - 0x00007ff7ed740000 	C:\Program Files\Java\jdk-24\bin\javaw.exe
0x00007ffbe2270000 - 0x00007ffbe2469000 	C:\Windows\SYSTEM32\ntdll.dll
0x00007ffbe09a0000 - 0x00007ffbe0a62000 	C:\Windows\System32\KERNEL32.DLL
0x00007ffbdfa10000 - 0x00007ffbdfd07000 	C:\Windows\System32\KERNELBASE.dll
0x00007ffbe0120000 - 0x00007ffbe0220000 	C:\Windows\System32\ucrtbase.dll
0x00007ffbd53f0000 - 0x00007ffbd540b000 	C:\Program Files\Java\jdk-24\bin\VCRUNTIME140.dll
0x00007ffbd4cb0000 - 0x00007ffbd4cc6000 	C:\Program Files\Java\jdk-24\bin\jli.dll
0x00007ffbe0ce0000 - 0x00007ffbe0e7d000 	C:\Windows\System32\USER32.dll
0x00007ffbe0070000 - 0x00007ffbe0092000 	C:\Windows\System32\win32u.dll
0x00007ffbe0970000 - 0x00007ffbe099b000 	C:\Windows\System32\GDI32.dll
0x00007ffbdff50000 - 0x00007ffbe006a000 	C:\Windows\System32\gdi32full.dll
0x00007ffbdf970000 - 0x00007ffbdfa0d000 	C:\Windows\System32\msvcp_win.dll
0x00007ffbcf480000 - 0x00007ffbcf71b000 	C:\Windows\WinSxS\amd64_microsoft.windows.common-controls_6595b64144ccf1df_6.0.19041.6926_none_60b5a53971f8f7e6\COMCTL32.dll
0x00007ffbe08d0000 - 0x00007ffbe096e000 	C:\Windows\System32\msvcrt.dll
0x00007ffbe13f0000 - 0x00007ffbe141f000 	C:\Windows\System32\IMM32.DLL
0x00007ffbdc330000 - 0x00007ffbdc33c000 	C:\Program Files\Java\jdk-24\bin\vcruntime140_1.dll
0x00007ffbbbaa0000 - 0x00007ffbbbb2e000 	C:\Program Files\Java\jdk-24\bin\msvcp140.dll
0x00007ffb96430000 - 0x00007ffb971d1000 	C:\Program Files\Java\jdk-24\bin\server\jvm.dll
0x00007ffbe07f0000 - 0x00007ffbe08a1000 	C:\Windows\System32\ADVAPI32.dll
0x00007ffbe1710000 - 0x00007ffbe17af000 	C:\Windows\System32\sechost.dll
0x00007ffbe0a70000 - 0x00007ffbe0b96000 	C:\Windows\System32\RPCRT4.dll
0x00007ffbdfd10000 - 0x00007ffbdfd37000 	C:\Windows\System32\bcrypt.dll
0x00007ffbe0c70000 - 0x00007ffbe0cdb000 	C:\Windows\System32\WS2_32.dll
0x00007ffbdeda0000 - 0x00007ffbdedeb000 	C:\Windows\SYSTEM32\POWRPROF.dll
0x00007ffbcfcb0000 - 0x00007ffbcfcd7000 	C:\Windows\SYSTEM32\WINMM.dll
0x00007ffbd25d0000 - 0x00007ffbd25da000 	C:\Windows\SYSTEM32\VERSION.dll
0x00007ffbdec60000 - 0x00007ffbdec72000 	C:\Windows\SYSTEM32\UMPDC.dll
0x00007ffbdd710000 - 0x00007ffbdd722000 	C:\Windows\SYSTEM32\kernel.appcore.dll
0x00007ffbd7dc0000 - 0x00007ffbd7dca000 	C:\Program Files\Java\jdk-24\bin\jimage.dll
0x00007ffbd6220000 - 0x00007ffbd6421000 	C:\Windows\SYSTEM32\DBGHELP.DLL
0x00007ffbd65d0000 - 0x00007ffbd6604000 	C:\Windows\SYSTEM32\dbgcore.DLL
0x00007ffbdf8e0000 - 0x00007ffbdf962000 	C:\Windows\System32\bcryptPrimitives.dll
0x00007ffbcadf0000 - 0x00007ffbcae0e000 	C:\Program Files\Java\jdk-24\bin\java.dll
0x00007ffbe1500000 - 0x00007ffbe162b000 	C:\Windows\System32\ole32.dll
0x00007ffbe0270000 - 0x00007ffbe05c3000 	C:\Windows\System32\combase.dll
0x00007ffbe1980000 - 0x00007ffbe20f1000 	C:\Windows\System32\SHELL32.dll
0x00007ffbdd910000 - 0x00007ffbde0b6000 	C:\Windows\SYSTEM32\windows.storage.dll
0x00007ffbdf220000 - 0x00007ffbdf24b000 	C:\Windows\SYSTEM32\Wldp.dll
0x00007ffbe1630000 - 0x00007ffbe1706000 	C:\Windows\System32\OLEAUT32.dll
0x00007ffbe2180000 - 0x00007ffbe222d000 	C:\Windows\System32\SHCORE.dll
0x00007ffbe0ba0000 - 0x00007ffbe0bfb000 	C:\Windows\System32\shlwapi.dll
0x00007ffbdf800000 - 0x00007ffbdf824000 	C:\Windows\SYSTEM32\profapi.dll
0x00007ffbd7240000 - 0x00007ffbd7250000 	C:\Program Files\Java\jdk-24\bin\net.dll
0x00007ffbdefd0000 - 0x00007ffbdf03a000 	C:\Windows\system32\mswsock.dll
0x00007ffbc4150000 - 0x00007ffbc4166000 	C:\Program Files\Java\jdk-24\bin\nio.dll
0x00007ffbb9b70000 - 0x00007ffbb9b87000 	C:\Program Files\Java\jdk-24\bin\zip.dll
0x00007ffbb8c50000 - 0x00007ffbb8c5a000 	C:\Program Files\Java\jdk-24\bin\management.dll
0x00007ffbb88f0000 - 0x00007ffbb88fb000 	C:\Program Files\Java\jdk-24\bin\management_ext.dll
0x00007ffbe0c00000 - 0x00007ffbe0c08000 	C:\Windows\System32\PSAPI.DLL
0x00007ffbc89f0000 - 0x00007ffbc8a07000 	C:\Windows\system32\napinsp.dll
0x00007ffbc8550000 - 0x00007ffbc856b000 	C:\Windows\system32\pnrpnsp.dll
0x00007ffbd9b00000 - 0x00007ffbd9b1d000 	C:\Windows\system32\wshbth.dll
0x00007ffbd9330000 - 0x00007ffbd934d000 	C:\Windows\system32\NLAapi.dll
0x00007ffbdec80000 - 0x00007ffbdecbb000 	C:\Windows\SYSTEM32\IPHLPAPI.DLL
0x00007ffbdecd0000 - 0x00007ffbded9b000 	C:\Windows\SYSTEM32\DNSAPI.dll
0x00007ffbe0630000 - 0x00007ffbe0638000 	C:\Windows\System32\NSI.dll
0x00007ffbc7c40000 - 0x00007ffbc7c52000 	C:\Windows\System32\winrnr.dll
0x00007ffbd6110000 - 0x00007ffbd611a000 	C:\Windows\System32\rasadhlp.dll
0x00007ffbd7e10000 - 0x00007ffbd7e90000 	C:\Windows\System32\fwpuclnt.dll
0x00007ffbdf590000 - 0x00007ffbdf5a8000 	C:\Windows\SYSTEM32\CRYPTSP.dll
0x00007ffbde8a0000 - 0x00007ffbde8d8000 	C:\Windows\system32\rsaenh.dll
0x00007ffbdf7c0000 - 0x00007ffbdf7ee000 	C:\Windows\SYSTEM32\USERENV.dll
0x00007ffbdf190000 - 0x00007ffbdf19c000 	C:\Windows\SYSTEM32\CRYPTBASE.dll
0x00007ffbcf2d0000 - 0x00007ffbcf2d9000 	C:\Program Files\Java\jdk-24\bin\extnet.dll
0x00007ffbd4b40000 - 0x00007ffbd4b4e000 	C:\Program Files\Java\jdk-24\bin\sunmscapi.dll
0x00007ffbdfd40000 - 0x00007ffbdfe9d000 	C:\Windows\System32\CRYPT32.dll
0x00007ffbdf290000 - 0x00007ffbdf2b7000 	C:\Windows\SYSTEM32\ncrypt.dll
0x00007ffbdf250000 - 0x00007ffbdf28b000 	C:\Windows\SYSTEM32\NTASN1.dll
0x00007ffbbb6c0000 - 0x00007ffbbb6d0000 	C:\Program Files\Java\jdk-24\bin\verify.dll

JVMTI agents: none

dbghelp: loaded successfully - version: 4.0.5 - missing functions: none
symbol engine: initialized successfully - sym options: 0x614 - pdb path: .;C:\Program Files\Java\jdk-24\bin;C:\Windows\SYSTEM32;C:\Windows\WinSxS\amd64_microsoft.windows.common-controls_6595b64144ccf1df_6.0.19041.6926_none_60b5a53971f8f7e6;C:\Program Files\Java\jdk-24\bin\server

VM Arguments:
jvm_args: -Dcom.sun.management.jmxremote -Dcom.sun.management.jmxremote.port=56794 -Dcom.sun.management.jmxremote.authenticate=false -Dcom.sun.management.jmxremote.ssl=false -Djava.rmi.server.hostname=localhost -Dspring.jmx.enabled=true -Dmanagement.endpoints.jmx.exposure.include=* -Dspring.application.admin.enabled=true -Dspring.output.ansi.enabled=always -XX:TieredStopAtLevel=1 -Dspring.boot.project.name=repromarket-server -Dfile.encoding=UTF-8 -Dstdout.encoding=UTF-8 -Dstderr.encoding=UTF-8 -XX:+ShowCodeDetailsInExceptionMessages 
java_command: org.code_studio.main.MainApplication
java_class_path (initial): C:\Users\Srba\Documents\workspace-spring-tools-for-eclipse-5.1.1.RELEASE\Repromarket\repromarket-source-code\repromarket-source-code\server\target\classes;C:\Users\Srba\.m2\repository\org\springframework\boot\spring-boot-starter-data-rest\3.4.4\spring-boot-starter-data-rest-3.4.4.jar;C:\Users\Srba\.m2\repository\org\springframework\data\spring-data-rest-webmvc\4.4.4\spring-data-rest-webmvc-4.4.4.jar;C:\Users\Srba\.m2\repository\org\springframework\data\spring-data-rest-core\4.4.4\spring-data-rest-core-4.4.4.jar;C:\Users\Srba\.m2\repository\org\springframework\hateoas\spring-hateoas\2.4.1\spring-hateoas-2.4.1.jar;C:\Users\Srba\.m2\repository\com\jayway\jsonpath\json-path\2.9.0\json-path-2.9.0.jar;C:\Users\Srba\.m2\repository\net\minidev\json-smart\2.5.2\json-smart-2.5.2.jar;C:\Users\Srba\.m2\repository\net\minidev\accessors-smart\2.5.2\accessors-smart-2.5.2.jar;C:\Users\Srba\.m2\repository\org\ow2\asm\asm\9.7.1\asm-9.7.1.jar;C:\Users\Srba\.m2\repository\org\springframework\plugin\spring-plugin-core\3.0.0\spring-plugin-core-3.0.0.jar;C:\Users\Srba\.m2\repository\org\atteo\evo-inflector\1.3\evo-inflector-1.3.jar;C:\Users\Srba\.m2\repository\org\slf4j\slf4j-api\2.0.17\slf4j-api-2.0.17.jar;C:\Users\Srba\.m2\repository\org\springframework\boot\spring-boot-starter-web\3.4.4\spring-boot-starter-web-3.4.4.jar;C:\Users\Srba\.m2\repository\org\springframework\boot\spring-boot-starter\3.4.4\spring-boot-starter-3.4.4.jar;C:\Users\Srba\.m2\repository\org\springframework\boot\spring-boot\3.4.4\spring-boot-3.4.4.jar;C:\Users\Srba\.m2\repository\org\springframework\boot\spring-boot-autoconfigure\3.4.4\spring-boot-autoconfigure-3.4.4.jar;C:\Users\Srba\.m2\repository\org\springframework\boot\spring-boot-starter-logging\3.4.4\spring-boot-starter-logging-3.4.4.jar;C:\Users\Srba\.m2\repository\ch\qos\logback\logback-classic\1.5.18\logback-classic-1.5.18.jar;C:\Users\Srba\.m2\repository\ch\qos\logback\logback-core\1.5.18\logback-core-1.5.18.jar;C:\Users\Srba\.m2\repository\org\apache\logging\log4j\log4j-to-slf4j\2.24.3\log4j-to-slf4j-2.24.3.jar;C:\Users\Srba\.m2\repository\org\slf4j\jul-to-slf4j\2.0.17\jul-to-slf4j-2.0.17.jar;C:\Users\Srba\.m2\repository\jakarta\annotation\jakarta.annotation-api\2.1.1\jakarta.annotation-api-2.1.1.jar;C:\Users\Srba\.m2\repository\org\springframework\spring-core\6.2.5\spring-core-6.2.5.jar;C:\Users\Srba\.m2\repository\org\springframework\spring-jcl\6.2.5\spring-jcl-6.2.5.jar;C:\Users\Srba\.m2\repository\org\yaml\snakeyaml\2.3\snakeyaml-2.3.jar;C:\Users\Srba\.m2\repository\org\springframework\boot\spring-boot-starter-json\3.4.4\spring-boot-starter-json-3.4.4.jar;C:\Users\Srba\.m2\repository\com\fasterxml\jackson\datatype\jackson-datatype-jdk8\2.18.3\jackson-datatype-jdk8-2.18.3.jar;C:\Users\Srba\.m2\repository\com\fasterxml\jackson\datatype\jackson-datatype-jsr310\2.18.3\jackson-datatype-jsr310-2.18.3.jar;C:\Users\Srba\.m2\repository\com\fasterxml\jackson\module\jackson-module-parameter-names\2.18.3\jackson-module-parameter-names-2.18.3.jar;C:\Users\Srba\.m2\repository\org\springframework\boot\spring-boot-starter-tomcat\3.4.4\spring-boot-starter-tomcat-3.4.4.jar;C:\Users\Srba\.m2\repository\org\apache\tomcat\embed\tomcat-embed-core\10.1.39\tomcat-embed-core-10.1.39.jar;C:\Users\Srba\.m2\repository\org\apache\tomcat\embed\tomcat-embed-el\10.1.39\tomcat-embed-el-10.1.39.jar;C:\Users\Srba\.m2\repository\org\apache\tomcat\embed\tomcat-embed-websocket\10.1.39\tomcat-embed-websocket-10.1.39.jar;C:\Users\Srba\.m2\repository\org\springframework\spring-web\6.2.5\spring-web-6.2.5.jar;C:\Users\Srba\.m2\repository\org\springframework\spring-beans\6.2.5\spring-beans-6.2.5.jar;C:\Users\Srba\.m2\repository\io\micrometer\micrometer-observation\1.14.5\micrometer-observation-1.14.5.jar;C:\Users\Srba\.m2\repository\io\micrometer\micrometer-commons\1.14.5\micrometer-commons-1.14.5.jar;C:\Users\Srba\.m2\repository\org\springframework\spring-webmvc\6.2.5\spring-webmvc-6.2.5.jar;C:\Users\Srba\.m2\repository\org\springframework\spring-context\6.2.5\spring-context-6.2.5.jar;C:\Users\Srba\.m2\repository\org\springframework\spring-expression\6.2.5\spring-expression-6.2.5.jar;C:\Users\Srba\.m2\repository\org\springframework\boot\spring-boot-starter-security\3.4.4\spring-boot-starter-security-3.4.4.jar;C:\Users\Srba\.m2\repository\org\springframework\spring-aop\6.2.5\spring-aop-6.2.5.jar;C:\Users\Srba\.m2\repository\org\springframework\security\spring-security-config\6.4.4\spring-security-config-6.4.4.jar;C:\Users\Srba\.m2\repository\org\springframework\security\spring-security-core\6.4.4\spring-security-core-6.4.4.jar;C:\Users\Srba\.m2\repository\org\springframework\security\spring-security-crypto\6.4.4\spring-security-crypto-6.4.4.jar;C:\Users\Srba\.m2\repository\org\springframework\security\spring-security-web\6.4.4\spring-security-web-6.4.4.jar;C:\Users\Srba\.m2\repository\io\jsonwebtoken\jjwt-api\0.12.6\jjwt-api-0.12.6.jar;C:\Users\Srba\.m2\repository\io\jsonwebtoken\jjwt-impl\0.12.6\jjwt-impl-0.12.6.jar;C:\Users\Srba\.m2\repository\io\jsonwebtoken\jjwt-jackson\0.12.6\jjwt-jackson-0.12.6.jar;C:\Users\Srba\.m2\repository\com\fasterxml\jackson\core\jackson-databind\2.18.3\jackson-databind-2.18.3.jar;C:\Users\Srba\.m2\repository\com\fasterxml\jackson\core\jackson-core\2.18.3\jackson-core-2.18.3.jar;C:\Users\Srba\.m2\repository\org\mariadb\jdbc\mariadb-java-client\3.4.1\mariadb-java-client-3.4.1.jar;C:\Users\Srba\.m2\repository\com\github\waffle\waffle-jna\3.3.0\waffle-jna-3.3.0.jar;C:\Users\Srba\.m2\repository\net\java\dev\jna\jna\5.13.0\jna-5.13.0.jar;C:\Users\Srba\.m2\repository\net\java\dev\jna\jna-platform\5.13.0\jna-platform-5.13.0.jar;C:\Users\Srba\.m2\repository\org\slf4j\jcl-over-slf4j\2.0.17\jcl-over-slf4j-2.0.17.jar;C:\Users\Srba\.m2\repository\com\github\ben-manes\caffeine\caffeine\3.1.8\caffeine-3.1.8.jar;C:\Users\Srba\.m2\repository\com\google\errorprone\error_prone_annotations\2.21.1\error_prone_annotations-2.21.1.jar;C:\Users\Srba\.m2\repository\org\checkerframework\checker-qual\3.32.0\checker-qual-3.32.0.jar;C:\Users\Srba\.m2\repository\org\springframework\boot\spring-boot-starter-data-jpa\3.4.4\spring-boot-starter-data-jpa-3.4.4.jar;C:\Users\Srba\.m2\repository\org\springframework\boot\spring-boot-starter-jdbc\3.4.4\spring-boot-starter-jdbc-3.4.4.jar;C:\Users\Srba\.m2\repository\com\zaxxer\HikariCP\5.1.0\HikariCP-5.1.0.jar;C:\Users\Srba\.m2\repository\org\springframework\spring-jdbc\6.2.5\spring-jdbc-6.2.5.jar;C:\Users\Srba\.m2\repository\org\hibernate\orm\hibernate-core\6.6.11.Final\hibernate-core-6.6.11.Final.jar;C:\Users\Srba\.m2\repository\jakarta\transaction\jakarta.transaction-api\2.0.1\jakarta.transaction-api-2.0.1.jar;C:\Users\Srba\.m2\repository\org\jboss\logging\jboss-logging\3.6.1.Final\jboss-logging-3.6.1.Final.jar;C:\Users\Srba\.m2\repository\org\hibernate\common\hibernate-commons-annotations\7.0.3.Final\hibernate-commons-annotations-7.0.3.Final.jar;C:\Users\Srba\.m2\repository\io\smallrye\jandex\3.2.0\jandex-3.2.0.jar;C:\Users\Srba\.m2\repository\com\fasterxml\classmate\1.7.0\classmate-1.7.0.jar;C:\Users\Srba\.m2\repository\net\bytebuddy\byte-buddy\1.15.11\byte-buddy-1.15.11.jar;C:\Users\Srba\.m2\repository\jakarta\xml\bind\jakarta.xml.bind-api\4.0.2\jakarta.xml.bind-api-4.0.2.jar;C:\Users\Srba\.m2\repository\jakarta\activation\jakarta.activation-api\2.1.3\jakarta.activation-api-2.1.3.jar;C:\Users\Srba\.m2\repository\org\glassfish\jaxb\jaxb-runtime\4.0.5\jaxb-runtime-4.0.5.jar;C:\Users\Srba\.m2\repository\org\glassfish\jaxb\jaxb-core\4.0.5\jaxb-core-4.0.5.jar;C:\Users\Srba\.m2\repository\org\eclipse\angus\angus-activation\2.0.2\angus-activation-2.0.2.jar;C:\Users\Srba\.m2\repository\org\glassfish\jaxb\txw2\4.0.5\txw2-4.0.5.jar;C:\Users\Srba\.m2\repository\com\sun\istack\istack-commons-runtime\4.1.2\istack-commons-runtime-4.1.2.jar;C:\Users\Srba\.m2\repository\jakarta\inject\jakarta.inject-api\2.0.1\jakarta.inject-api-2.0.1.jar;C:\Users\Srba\.m2\repository\org\antlr\antlr4-runtime\4.13.0\antlr4-runtime-4.13.0.jar;C:\Users\Srba\.m2\repository\org\springframework\data\spring-data-jpa\3.4.4\spring-data-jpa-3.4.4.jar;C:\Users\Srba\.m2\repository\org\springframework\data\spring-data-commons\3.4.4\spring-data-commons-3.4.4.jar;C:\Users\Srba\.m2\repository\org\springframework\spring-orm\6.2.5\spring-orm-6.2.5.jar;C:\Users\Srba\.m2\repository\org\springframework\spring-tx\6.2.5\spring-tx-6.2.5.jar;C:\Users\Srba\.m2\repository\org\springframework\spring-aspects\6.2.5\spring-aspects-6.2.5.jar;C:\Users\Srba\.m2\repository\org\aspectj\aspectjweaver\1.9.23\aspectjweaver-1.9.23.jar;C:\Users\Srba\.m2\repository\org\apache\poi\poi\5.2.5\poi-5.2.5.jar;C:\Users\Srba\.m2\repository\commons-codec\commons-codec\1.17.2\commons-codec-1.17.2.jar;C:\Users\Srba\.m2\repository\org\apache\commons\commons-collections4\4.4\commons-collections4-4.4.jar;C:\Users\Srba\.m2\repository\org\apache\commons\commons-math3\3.6.1\commons-math3-3.6.1.jar;C:\Users\Srba\.m2\repository\commons-io\commons-io\2.15.0\commons-io-2.15.0.jar;C:\Users\Srba\.m2\repository\com\zaxxer\SparseBitSet\1.3\SparseBitSet-1.3.jar;C:\Users\Srba\.m2\repository\org\apache\logging\log4j\log4j-api\2.24.3\log4j-api-2.24.3.jar;C:\Users\Srba\.m2\repository\org\apache\poi\poi-ooxml\5.2.5\poi-ooxml-5.2.5.jar;C:\Users\Srba\.m2\repository\org\apache\poi\poi-ooxml-lite\5.2.5\poi-ooxml-lite-5.2.5.jar;C:\Users\Srba\.m2\repository\org\apache\xmlbeans\xmlbeans\5.2.0\xmlbeans-5.2.0.jar;C:\Users\Srba\.m2\repository\org\apache\commons\commons-compress\1.25.0\commons-compress-1.25.0.jar;C:\Users\Srba\.m2\repository\com\github\virtuald\curvesapi\1.08\curvesapi-1.08.jar;C:\Users\Srba\Documents\workspace-spring-tools-for-eclipse-5.1.1.RELEASE\Repromarket\repromarket-source-code\repromarket-source-code\database\target\classes;C:\Users\Srba\.m2\repository\jakarta\persistence\jakarta.persistence-api\3.1.0\jakarta.persistence-api-3.1.0.jar;C:\Users\Srba\.m2\repository\com\fasterxml\jackson\core\jackson-annotations\2.18.3\jackson-annotations-2.18.3.jar;C:\Users\Srba\.m2\repository\com\opencsv\opencsv\5.9\opencsv-5.9.jar;C:\Users\Srba\.m2\repository\org\apache\commons\commons-lang3\3.17.0\commons-lang3-3.17.0.jar;C:\Users\Srba\.m2\repository\org\apache\commons\commons-text\1.11.0\commons-text-1.11.0.jar;C:\Users\Srba\.m2\repository\commons-beanutils\commons-beanutils\1.9.4\commons-beanutils-1.9.4.jar;C:\Users\Srba\.m2\repository\commons-logging\commons-logging\1.2\commons-logging-1.2.jar;C:\Users\Srba\.m2\repository\commons-collections\commons-collections\3.2.2\commons-collections-3.2.2.jar;C:\Users\Srba\.m2\repository\org\springdoc\springdoc-openapi-starter-webmvc-ui\2.7.0\springdoc-openapi-starter-webmvc-ui-2.7.0.jar;C:\Users\Srba\.m2\repository\org\springdoc\springdoc-openapi-starter-webmvc-api\2.7.0\springdoc-openapi-starter-webmvc-api-2.7.0.jar;C:\Users\Srba\.m2\repository\org\springdoc\springdoc-openapi-starter-common\2.7.0\springdoc-openapi-starter-common-2.7.0.jar;C:\Users\Srba\.m2\repository\io\swagger\core\v3\swagger-core-jakarta\2.2.25\swagger-core-jakarta-2.2.25.jar;C:\Users\Srba\.m2\repository\io\swagger\core\v3\swagger-annotations-jakarta\2.2.25\swagger-annotations-jakarta-2.2.25.jar;C:\Users\Srba\.m2\repository\io\swagger\core\v3\swagger-models-jakarta\2.2.25\swagger-models-jakarta-2.2.25.jar;C:\Users\Srba\.m2\repository\jakarta\validation\jakarta.validation-api\3.0.2\jakarta.validation-api-3.0.2.jar;C:\Users\Srba\.m2\repository\com\fasterxml\jackson\dataformat\jackson-dataformat-yaml\2.18.3\jackson-dataformat-yaml-2.18.3.jar;C:\Users\Srba\.m2\repository\org\webjars\swagger-ui\5.18.2\swagger-ui-5.18.2.jar;C:\Users\Srba\.m2\repository\org\webjars\webjars-locator-lite\1.0.1\webjars-locator-lite-1.0.1.jar;C:\Users\Srba\.m2\repository\org\jspecify\jspecify\1.0.0\jspecify-1.0.0.jar
Launcher Type: SUN_STANDARD

[Global flags]
     intx CICompilerCount                          = 3                                         {product} {ergonomic}
     uint ConcGCThreads                            = 1                                         {product} {ergonomic}
     uint G1ConcRefinementThreads                  = 4                                         {product} {ergonomic}
   size_t G1HeapRegionSize                         = 1048576                                   {product} {ergonomic}
   size_t InitialHeapSize                          = 134217728                                 {product} {ergonomic}
     bool ManagementServer                         = true                                      {product} {command line}
   size_t MarkStackSize                            = 4194304                                   {product} {ergonomic}
   size_t MarkStackSizeMax                         = 536870912                                 {product} {ergonomic}
   size_t MaxHeapSize                              = 2126512128                                {product} {ergonomic}
   size_t MaxNewSize                               = 1275068416                                {product} {ergonomic}
   size_t MinHeapDeltaBytes                        = 1048576                                   {product} {ergonomic}
   size_t MinHeapSize                              = 8388608                                   {product} {ergonomic}
    uintx NonNMethodCodeHeapSize                   = 4096                                   {pd product} {ergonomic}
    uintx NonProfiledCodeHeapSize                  = 0                                      {pd product} {ergonomic}
     bool ProfileInterpreter                       = false                                  {pd product} {command line}
    uintx ProfiledCodeHeapSize                     = 0                                      {pd product} {ergonomic}
     bool ShowCodeDetailsInExceptionMessages       = true                                   {manageable} {command line}
   size_t SoftMaxHeapSize                          = 2126512128                             {manageable} {ergonomic}
     intx TieredStopAtLevel                        = 1                                         {product} {command line}
     bool UseCompressedOops                        = true                           {product lp64_product} {ergonomic}
     bool UseG1GC                                  = true                                      {product} {ergonomic}
     bool UseLargePagesIndividualAllocation        = false                                  {pd product} {ergonomic}

Logging:
Log output configuration:
 #0: stdout all=warning uptime,level,tags foldmultilines=false
 #1: stderr all=off uptime,level,tags foldmultilines=false

Environment Variables:
JAVA_HOME=C:\Program Files\Java\jdk-21
PATH=C:/Users/Srba/Documents/Instalacije/sts-5.1.1.RELEASE//plugins/org.eclipse.justj.openjdk.hotspot.jre.full.win32.x86_64_25.0.2.v20260203-1141/jre/bin/server;C:/Users/Srba/Documents/Instalacije/sts-5.1.1.RELEASE//plugins/org.eclipse.justj.openjdk.hotspot.jre.full.win32.x86_64_25.0.2.v20260203-1141/jre/bin;C:\Users\Srba\.jdks\semeru-17.0.9\bin;C:\Users\Srba\Documents\Instalacije\WINDOWS.X64_193000_db_home\bin;C:\Program Files\Common Files\Oracle\Java\javapath;C:\Windows\system32;C:\Windows;C:\Windows\System32\Wbem;C:\Windows\System32\WindowsPowerShell\v1.0\;C:\Windows\System32\OpenSSH\;C:\Users\Srba\Documents\Instalacije\sqlite-tools-win-x64-3450200;C:\Users\Srba\AppData\Roaming\nvm;C:\Program Files\nodejs;C:\Users\Srba\.m2\wrapper\dists\apache-maven-3.9.5-bin\2adeog8mj13csp1uusqnc1f2mo\apache-maven-3.9.5\bin;C:\Users\Srba\.m2\wrapper\dists\apache-maven-3.9.5-bin\2adeog8mj13csp1uusqnc1f2mo\apache-maven-3.9.5\bin;C:\Program Files (x86)\Microsoft SQL Server\160\Tools\Binn\;C:\Program Files\Microsoft SQL Server\160\Tools\Binn\;C:\Program Files\Microsoft SQL Server\Client SDK\ODBC\170\Tools\Binn\;C:\Program Files\Microsoft SQL Server\160\DTS\Binn\;C:\Program Files (x86)\Microsoft SQL Server\160\DTS\Binn\;C:\Program Files\Azure Data Studio\bin;C:\Program Files\Docker\Docker\resources\bin;C:\Program Files\Git\cmd;C:\Users\Srba\AppData\Local\Microsoft\WindowsApps;C:\Users\Srba\AppData\Roaming\nvm;C:\Program Files\nodejs;C:\Users\Srba\AppData\Local\Programs\Microsoft VS Code\bin;C:\Program Files\JetBrains\IntelliJ IDEA Community Edition 2024.1\bin;;C:\Program Files\Azure Data Studio\bin;C:\Users\Srba\AppData\Local\GitHubDesktop\bin;C:\Users\Srba\Documents\Instalacije\sts-5.1.1.RELEASE;
USERNAME=Srba
OS=Windows_NT
PROCESSOR_IDENTIFIER=Intel64 Family 6 Model 61 Stepping 4, GenuineIntel
TMP=C:\Users\Srba\AppData\Local\Temp
TEMP=C:\Users\Srba\AppData\Local\Temp




Periodic native trim disabled

---------------  S Y S T E M  ---------------

OS:
 Windows 10 , 64 bit Build 19041 (10.0.19041.7291)
OS uptime: 4 days 17:50 hours
Hyper-V role detected

CPU: total 4 (initial active 4) (2 cores per cpu, 2 threads per core) family 6 model 61 stepping 4 microcode 0x2d, cx8, cmov, fxsr, ht, mmx, 3dnowpref, sse, sse2, sse3, ssse3, sse4.1, sse4.2, popcnt, lzcnt, tsc, tscinvbit, avx, avx2, aes, erms, clmul, bmi1, bmi2, adx, fma, vzeroupper, clflush, hv, rdtscp, f16c
Processor Information for the first 4 processors :
  Max Mhz: 2401, Current Mhz: 2401, Mhz Limit: 2401

Memory: 4k page, system-wide physical 8111M (351M free)
TotalPageFile size 32687M (AvailPageFile size 66M)
current process WorkingSet (physical memory assigned to process): 327M, peak: 330M
current process commit charge ("private bytes"): 361M, peak: 586M

vm_info: Java HotSpot(TM) 64-Bit Server VM (24.0.2+12-54) for windows-amd64 JRE (24.0.2+12-54), built on 2025-07-08T12:10:27Z with MS VC++ 17.6 (VS2022)

END.
