2026-08-28 00:19:02.294 INFO  org.code_studio.rest.CSRestService - 404: http://localhost:33377/api/v1/palette/allPageableByDocumentId/9/0
2026-08-28 00:19:07.673 INFO  org.code_studio.rest.CSRestService - 404: http://localhost:33377/api/v1/palette/allPageableByDocumentId/9/0
2026-08-28 00:19:21.176 ERROR org.code_studio.rest.CSRestService - 400: http://localhost:33377/api/v1/item/allByClientIdPageable/0/50008
2026-08-28 00:21:07.381 DEBUG o.code_studio.rest.CSRestService$1 - 404: http://localhost:33377/api/v1/craneQueue/allInputByClientId/50008
2026-08-28 00:21:07.870 INFO  org.code_studio.rest.CSRestService - 404: http://localhost:33377/api/v1/paletteItem/allPageableByPaletteId/308/0
2026-08-28 00:21:44.072 ERROR org.code_studio.rest.CSRestService - 400: http://localhost:33377/api/v1/item/allByClientIdPageable/0/50008
2026-08-28 09:29:39.759 INFO  org.code_studio.rest.CSRestService - 404: http://localhost:33377/api/v1/paletteItem/allPageableByPaletteId/310/0
2026-08-28 10:41:07.038 DEBUG o.code_studio.rest.CSRestService$1 - 404: http://localhost:33377/api/v1/craneQueue/allInputByClientId/50008
2026-08-28 10:41:07.829 INFO  org.code_studio.rest.CSRestService - 404: http://localhost:33377/api/v1/paletteItem/allPageableByPaletteId/310/0
2026-08-28 11:06:19.338 DEBUG o.code_studio.rest.CSRestService$1 - 404: http://localhost:33377/api/v1/craneQueue/allInputByClientId/50008
2026-08-28 11:06:19.967 INFO  org.code_studio.rest.CSRestService - 404: http://localhost:33377/api/v1/paletteItem/allPageableByPaletteId/311/0
2026-08-28 11:06:50.358 INFO  org.code_studio.rest.CSRestService - 404: http://localhost:33377/api/v1/paletteItem/allPageableByPaletteId/312/0
2026-08-28 11:06:50.557 INFO  org.code_studio.rest.CSRestService - 404: http://localhost:33377/api/v1/item/allPageableByNameAndClientId/sr/50008/0
2026-08-28 11:07:14.053 ERROR org.code_studio.rest.CSRestService - 400: http://localhost:33377/api/v1/item/allByClientIdPageable/0/50008
2026-08-28 11:07:22.022 INFO  org.code_studio.rest.CSRestService - 404: http://localhost:33377/api/v1/paletteItem/allPageableByPaletteId/307/0
2026-08-28 11:07:23.150 INFO  org.code_studio.rest.CSRestService - 404: http://localhost:33377/api/v1/paletteItem/allPageableByPaletteId/312/0
2026-08-28 11:07:29.216 ERROR org.code_studio.rest.CSRestService - 400: http://localhost:33377/api/v1/item/allByClientIdPageable/0/50008
2026-08-28 14:58:21.891 DEBUG o.code_studio.rest.CSRestService$1 - 404: http://localhost:33377/api/v1/craneQueue/allInputByClientId/50008
2026-08-28 14:58:22.547 INFO  org.code_studio.rest.CSRestService - 404: http://localhost:33377/api/v1/paletteItem/allPageableByPaletteId/312/0
2026-08-28 14:58:38.603 ERROR org.code_studio.rest.CSRestService - 400: http://localhost:33377/api/v1/item/allByClientIdPageable/0/50008
2026-08-28 14:58:41.806 ERROR org.code_studio.rest.CSRestService - 400: http://localhost:33377/api/v1/item/allByClientIdPageable/0/50008
2026-08-28 14:58:57.443 ERROR org.code_studio.rest.CSRestService - 400: http://localhost:33377/api/v1/item/allByClientIdPageable/0/50008
2026-08-28 14:59:13.797 INFO  org.code_studio.rest.CSRestService - 404: http://localhost:33377/api/v1/paletteItem/allPageableByPaletteId/313/0
2026-08-28 14:59:14.194 ERROR org.code_studio.rest.CSRestService - {}
org.springframework.web.client.HttpServerErrorException$InternalServerError: 500  on GET request for "http://localhost:33377/api/v1/item/allPageableByNameAndClientId/sr/50008/0": "{"timestamp":"2026-08-28T12:59:14.102+00:00","status":500,"error":"Internal Server Error","path":"/api/v1/item/allPageableByNameAndClientId/sr/50008/0"}"
	at org.springframework.web.client.HttpServerErrorException.create(HttpServerErrorException.java:102)
	at org.springframework.web.client.DefaultResponseErrorHandler.handleError(DefaultResponseErrorHandler.java:189)
	at org.springframework.web.client.DefaultResponseErrorHandler.handleError(DefaultResponseErrorHandler.java:147)
	at org.springframework.web.client.RestTemplate.handleResponse(RestTemplate.java:953)
	at org.springframework.web.client.RestTemplate.doExecute(RestTemplate.java:902)
	at org.springframework.web.client.RestTemplate.execute(RestTemplate.java:801)
	at org.springframework.web.client.RestTemplate.exchange(RestTemplate.java:712)
	at org.code_studio.rest.CSRestService.fetch(CSRestService.java:145)
	at org.code_studio.controller.Dobanovci_PaletteGroupAddEditController.lambda$3(Dobanovci_PaletteGroupAddEditController.java:197)
	at com.sun.javafx.event.CompositeEventHandler.dispatchBubblingEvent(CompositeEventHandler.java:86)
	at com.sun.javafx.event.EventHandlerManager.dispatchBubblingEvent(EventHandlerManager.java:232)
	at com.sun.javafx.event.EventHandlerManager.dispatchBubblingEvent(EventHandlerManager.java:189)
	at com.sun.javafx.event.CompositeEventDispatcher.dispatchBubblingEvent(CompositeEventDispatcher.java:59)
	at com.sun.javafx.event.BasicEventDispatcher.dispatchEvent(BasicEventDispatcher.java:58)
	at com.sun.javafx.event.EventDispatchChainImpl.dispatchEvent(EventDispatchChainImpl.java:114)
	at com.sun.javafx.event.BasicEventDispatcher.dispatchEvent(BasicEventDispatcher.java:56)
	at com.sun.javafx.event.EventDispatchChainImpl.dispatchEvent(EventDispatchChainImpl.java:114)
	at com.sun.javafx.event.BasicEventDispatcher.dispatchEvent(BasicEventDispatcher.java:56)
	at com.sun.javafx.event.EventDispatchChainImpl.dispatchEvent(EventDispatchChainImpl.java:114)
	at com.sun.javafx.event.EventUtil.fireEventImpl(EventUtil.java:74)
	at com.sun.javafx.event.EventUtil.fireEvent(EventUtil.java:49)
	at javafx.event.Event.fireEvent(Event.java:199)
	at javafx.scene.Node.fireEvent(Node.java:9005)
	at javafx.scene.control.Button.fire(Button.java:203)
	at com.sun.javafx.scene.control.behavior.ButtonBehavior.mouseReleased(ButtonBehavior.java:207)
	at com.sun.javafx.scene.control.inputmap.InputMap.handle(InputMap.java:274)
	at com.sun.javafx.event.CompositeEventHandler$NormalEventHandlerRecord.handleBubblingEvent(CompositeEventHandler.java:247)
	at com.sun.javafx.event.CompositeEventHandler.dispatchBubblingEvent(CompositeEventHandler.java:80)
	at com.sun.javafx.event.EventHandlerManager.dispatchBubblingEvent(EventHandlerManager.java:232)
	at com.sun.javafx.event.EventHandlerManager.dispatchBubblingEvent(EventHandlerManager.java:189)
	at com.sun.javafx.event.CompositeEventDispatcher.dispatchBubblingEvent(CompositeEventDispatcher.java:59)
	at com.sun.javafx.event.BasicEventDispatcher.dispatchEvent(BasicEventDispatcher.java:58)
	at com.sun.javafx.event.EventDispatchChainImpl.dispatchEvent(EventDispatchChainImpl.java:114)
	at com.sun.javafx.event.BasicEventDispatcher.dispatchEvent(BasicEventDispatcher.java:56)
	at com.sun.javafx.event.EventDispatchChainImpl.dispatchEvent(EventDispatchChainImpl.java:114)
	at com.sun.javafx.event.BasicEventDispatcher.dispatchEvent(BasicEventDispatcher.java:56)
	at com.sun.javafx.event.EventDispatchChainImpl.dispatchEvent(EventDispatchChainImpl.java:114)
	at com.sun.javafx.event.EventUtil.fireEventImpl(EventUtil.java:74)
	at com.sun.javafx.event.EventUtil.fireEvent(EventUtil.java:49)
	at javafx.event.Event.fireEvent(Event.java:199)
	at javafx.scene.Scene$MouseHandler.process(Scene.java:4005)
	at javafx.scene.Scene.processMouseEvent(Scene.java:1934)
	at javafx.scene.Scene$ScenePeerListener.mouseEvent(Scene.java:2763)
	at com.sun.javafx.tk.quantum.GlassViewEventHandler$MouseEventNotification.get(GlassViewEventHandler.java:352)
	at com.sun.javafx.tk.quantum.GlassViewEventHandler$MouseEventNotification.get(GlassViewEventHandler.java:254)
	at com.sun.javafx.tk.quantum.QuantumToolkit.runWithoutRenderLock(QuantumToolkit.java:424)
	at com.sun.javafx.tk.quantum.GlassViewEventHandler.handleMouseEvent(GlassViewEventHandler.java:386)
	at com.sun.glass.ui.View.handleMouseEvent(View.java:560)
	at com.sun.glass.ui.View.notifyMouse(View.java:946)
	at com.sun.glass.ui.win.WinApplication._enterNestedEventLoopImpl(Native Method)
	at com.sun.glass.ui.win.WinApplication._enterNestedEventLoop(WinApplication.java:195)
	at com.sun.glass.ui.Application.enterNestedEventLoop(Application.java:510)
	at com.sun.glass.ui.EventLoop.enter(EventLoop.java:107)
	at com.sun.javafx.tk.quantum.QuantumToolkit.enterNestedEventLoop(QuantumToolkit.java:649)
	at javafx.stage.Stage.showAndWait(Stage.java:429)
	at org.code_studio.main.Common.displayForm(Common.java:211)
	at org.code_studio.controller.Dobanovci_GoodsInController.lambda$14(Dobanovci_GoodsInController.java:342)
	at com.sun.javafx.event.CompositeEventHandler.dispatchBubblingEvent(CompositeEventHandler.java:86)
	at com.sun.javafx.event.EventHandlerManager.dispatchBubblingEvent(EventHandlerManager.java:232)
	at com.sun.javafx.event.EventHandlerManager.dispatchBubblingEvent(EventHandlerManager.java:189)
	at com.sun.javafx.event.CompositeEventDispatcher.dispatchBubblingEvent(CompositeEventDispatcher.java:59)
	at com.sun.javafx.event.BasicEventDispatcher.dispatchEvent(BasicEventDispatcher.java:58)
	at com.sun.javafx.event.EventDispatchChainImpl.dispatchEvent(EventDispatchChainImpl.java:114)
	at com.sun.javafx.event.BasicEventDispatcher.dispatchEvent(BasicEventDispatcher.java:56)
	at com.sun.javafx.event.EventDispatchChainImpl.dispatchEvent(EventDispatchChainImpl.java:114)
	at com.sun.javafx.event.BasicEventDispatcher.dispatchEvent(BasicEventDispatcher.java:56)
	at com.sun.javafx.event.EventDispatchChainImpl.dispatchEvent(EventDispatchChainImpl.java:114)
	at com.sun.javafx.event.BasicEventDispatcher.dispatchEvent(BasicEventDispatcher.java:56)
	at com.sun.javafx.event.EventDispatchChainImpl.dispatchEvent(EventDispatchChainImpl.java:114)
	at com.sun.javafx.event.EventUtil.fireEventImpl(EventUtil.java:74)
	at com.sun.javafx.event.EventUtil.fireEvent(EventUtil.java:49)
	at javafx.event.Event.fireEvent(Event.java:199)
	at javafx.scene.Node.fireEvent(Node.java:9005)
	at javafx.scene.control.Button.fire(Button.java:203)
	at com.sun.javafx.scene.control.behavior.ButtonBehavior.mouseReleased(ButtonBehavior.java:207)
	at com.sun.javafx.scene.control.inputmap.InputMap.handle(InputMap.java:274)
	at com.sun.javafx.event.CompositeEventHandler$NormalEventHandlerRecord.handleBubblingEvent(CompositeEventHandler.java:247)
	at com.sun.javafx.event.CompositeEventHandler.dispatchBubblingEvent(CompositeEventHandler.java:80)
	at com.sun.javafx.event.EventHandlerManager.dispatchBubblingEvent(EventHandlerManager.java:232)
	at com.sun.javafx.event.EventHandlerManager.dispatchBubblingEvent(EventHandlerManager.java:189)
	at com.sun.javafx.event.CompositeEventDispatcher.dispatchBubblingEvent(CompositeEventDispatcher.java:59)
	at com.sun.javafx.event.BasicEventDispatcher.dispatchEvent(BasicEventDispatcher.java:58)
	at com.sun.javafx.event.EventDispatchChainImpl.dispatchEvent(EventDispatchChainImpl.java:114)
	at com.sun.javafx.event.BasicEventDispatcher.dispatchEvent(BasicEventDispatcher.java:56)
	at com.sun.javafx.event.EventDispatchChainImpl.dispatchEvent(EventDispatchChainImpl.java:114)
	at com.sun.javafx.event.BasicEventDispatcher.dispatchEvent(BasicEventDispatcher.java:56)
	at com.sun.javafx.event.EventDispatchChainImpl.dispatchEvent(EventDispatchChainImpl.java:114)
	at com.sun.javafx.event.BasicEventDispatcher.dispatchEvent(BasicEventDispatcher.java:56)
	at com.sun.javafx.event.EventDispatchChainImpl.dispatchEvent(EventDispatchChainImpl.java:114)
	at com.sun.javafx.event.EventUtil.fireEventImpl(EventUtil.java:74)
	at com.sun.javafx.event.EventUtil.fireEvent(EventUtil.java:54)
	at javafx.event.Event.fireEvent(Event.java:199)
	at javafx.scene.Scene$MouseHandler.process(Scene.java:4005)
	at javafx.scene.Scene.processMouseEvent(Scene.java:1934)
	at javafx.scene.Scene$ScenePeerListener.mouseEvent(Scene.java:2763)
	at com.sun.javafx.tk.quantum.GlassViewEventHandler$MouseEventNotification.get(GlassViewEventHandler.java:352)
	at com.sun.javafx.tk.quantum.GlassViewEventHandler$MouseEventNotification.get(GlassViewEventHandler.java:254)
	at com.sun.javafx.tk.quantum.QuantumToolkit.runWithoutRenderLock(QuantumToolkit.java:424)
	at com.sun.javafx.tk.quantum.GlassViewEventHandler.handleMouseEvent(GlassViewEventHandler.java:386)
	at com.sun.glass.ui.View.handleMouseEvent(View.java:560)
	at com.sun.glass.ui.View.notifyMouse(View.java:946)
	at com.sun.glass.ui.win.WinApplication._runLoop(Native Method)
	at com.sun.glass.ui.win.WinApplication.lambda$runLoop$0(WinApplication.java:168)
	at java.base/java.lang.Thread.run(Thread.java:1447)
2026-08-28 14:59:14.718 INFO  org.code_studio.rest.CSRestService - 404: http://localhost:33377/api/v1/paletteItem/allPageableByPaletteId/314/0
2026-08-28 14:59:14.852 ERROR org.code_studio.rest.CSRestService - {}
org.springframework.web.client.HttpServerErrorException$InternalServerError: 500  on GET request for "http://localhost:33377/api/v1/item/allPageableByNameAndClientId/sr/50008/0": "{"timestamp":"2026-08-28T12:59:14.818+00:00","status":500,"error":"Internal Server Error","path":"/api/v1/item/allPageableByNameAndClientId/sr/50008/0"}"
	at org.springframework.web.client.HttpServerErrorException.create(HttpServerErrorException.java:102)
	at org.springframework.web.client.DefaultResponseErrorHandler.handleError(DefaultResponseErrorHandler.java:189)
	at org.springframework.web.client.DefaultResponseErrorHandler.handleError(DefaultResponseErrorHandler.java:147)
	at org.springframework.web.client.RestTemplate.handleResponse(RestTemplate.java:953)
	at org.springframework.web.client.RestTemplate.doExecute(RestTemplate.java:902)
	at org.springframework.web.client.RestTemplate.execute(RestTemplate.java:801)
	at org.springframework.web.client.RestTemplate.exchange(RestTemplate.java:712)
	at org.code_studio.rest.CSRestService.fetch(CSRestService.java:145)
	at org.code_studio.controller.Dobanovci_PaletteGroupAddEditController.lambda$3(Dobanovci_PaletteGroupAddEditController.java:197)
	at com.sun.javafx.event.CompositeEventHandler.dispatchBubblingEvent(CompositeEventHandler.java:86)
	at com.sun.javafx.event.EventHandlerManager.dispatchBubblingEvent(EventHandlerManager.java:232)
	at com.sun.javafx.event.EventHandlerManager.dispatchBubblingEvent(EventHandlerManager.java:189)
	at com.sun.javafx.event.CompositeEventDispatcher.dispatchBubblingEvent(CompositeEventDispatcher.java:59)
	at com.sun.javafx.event.BasicEventDispatcher.dispatchEvent(BasicEventDispatcher.java:58)
	at com.sun.javafx.event.EventDispatchChainImpl.dispatchEvent(EventDispatchChainImpl.java:114)
	at com.sun.javafx.event.BasicEventDispatcher.dispatchEvent(BasicEventDispatcher.java:56)
	at com.sun.javafx.event.EventDispatchChainImpl.dispatchEvent(EventDispatchChainImpl.java:114)
	at com.sun.javafx.event.BasicEventDispatcher.dispatchEvent(BasicEventDispatcher.java:56)
	at com.sun.javafx.event.EventDispatchChainImpl.dispatchEvent(EventDispatchChainImpl.java:114)
	at com.sun.javafx.event.EventUtil.fireEventImpl(EventUtil.java:74)
	at com.sun.javafx.event.EventUtil.fireEvent(EventUtil.java:49)
	at javafx.event.Event.fireEvent(Event.java:199)
	at javafx.scene.Node.fireEvent(Node.java:9005)
	at javafx.scene.control.Button.fire(Button.java:203)
	at com.sun.javafx.scene.control.behavior.ButtonBehavior.mouseReleased(ButtonBehavior.java:207)
	at com.sun.javafx.scene.control.inputmap.InputMap.handle(InputMap.java:274)
	at com.sun.javafx.event.CompositeEventHandler$NormalEventHandlerRecord.handleBubblingEvent(CompositeEventHandler.java:247)
	at com.sun.javafx.event.CompositeEventHandler.dispatchBubblingEvent(CompositeEventHandler.java:80)
	at com.sun.javafx.event.EventHandlerManager.dispatchBubblingEvent(EventHandlerManager.java:232)
	at com.sun.javafx.event.EventHandlerManager.dispatchBubblingEvent(EventHandlerManager.java:189)
	at com.sun.javafx.event.CompositeEventDispatcher.dispatchBubblingEvent(CompositeEventDispatcher.java:59)
	at com.sun.javafx.event.BasicEventDispatcher.dispatchEvent(BasicEventDispatcher.java:58)
	at com.sun.javafx.event.EventDispatchChainImpl.dispatchEvent(EventDispatchChainImpl.java:114)
	at com.sun.javafx.event.BasicEventDispatcher.dispatchEvent(BasicEventDispatcher.java:56)
	at com.sun.javafx.event.EventDispatchChainImpl.dispatchEvent(EventDispatchChainImpl.java:114)
	at com.sun.javafx.event.BasicEventDispatcher.dispatchEvent(BasicEventDispatcher.java:56)
	at com.sun.javafx.event.EventDispatchChainImpl.dispatchEvent(EventDispatchChainImpl.java:114)
	at com.sun.javafx.event.EventUtil.fireEventImpl(EventUtil.java:74)
	at com.sun.javafx.event.EventUtil.fireEvent(EventUtil.java:49)
	at javafx.event.Event.fireEvent(Event.java:199)
	at javafx.scene.Scene$MouseHandler.process(Scene.java:4005)
	at javafx.scene.Scene.processMouseEvent(Scene.java:1934)
	at javafx.scene.Scene$ScenePeerListener.mouseEvent(Scene.java:2763)
	at com.sun.javafx.tk.quantum.GlassViewEventHandler$MouseEventNotification.get(GlassViewEventHandler.java:352)
	at com.sun.javafx.tk.quantum.GlassViewEventHandler$MouseEventNotification.get(GlassViewEventHandler.java:254)
	at com.sun.javafx.tk.quantum.QuantumToolkit.runWithoutRenderLock(QuantumToolkit.java:424)
	at com.sun.javafx.tk.quantum.GlassViewEventHandler.handleMouseEvent(GlassViewEventHandler.java:386)
	at com.sun.glass.ui.View.handleMouseEvent(View.java:560)
	at com.sun.glass.ui.View.notifyMouse(View.java:946)
	at com.sun.glass.ui.win.WinApplication._enterNestedEventLoopImpl(Native Method)
	at com.sun.glass.ui.win.WinApplication._enterNestedEventLoop(WinApplication.java:195)
	at com.sun.glass.ui.Application.enterNestedEventLoop(Application.java:510)
	at com.sun.glass.ui.EventLoop.enter(EventLoop.java:107)
	at com.sun.javafx.tk.quantum.QuantumToolkit.enterNestedEventLoop(QuantumToolkit.java:649)
	at javafx.stage.Stage.showAndWait(Stage.java:429)
	at org.code_studio.main.Common.displayForm(Common.java:211)
	at org.code_studio.controller.Dobanovci_GoodsInController.lambda$14(Dobanovci_GoodsInController.java:342)
	at com.sun.javafx.event.CompositeEventHandler.dispatchBubblingEvent(CompositeEventHandler.java:86)
	at com.sun.javafx.event.EventHandlerManager.dispatchBubblingEvent(EventHandlerManager.java:232)
	at com.sun.javafx.event.EventHandlerManager.dispatchBubblingEvent(EventHandlerManager.java:189)
	at com.sun.javafx.event.CompositeEventDispatcher.dispatchBubblingEvent(CompositeEventDispatcher.java:59)
	at com.sun.javafx.event.BasicEventDispatcher.dispatchEvent(BasicEventDispatcher.java:58)
	at com.sun.javafx.event.EventDispatchChainImpl.dispatchEvent(EventDispatchChainImpl.java:114)
	at com.sun.javafx.event.BasicEventDispatcher.dispatchEvent(BasicEventDispatcher.java:56)
	at com.sun.javafx.event.EventDispatchChainImpl.dispatchEvent(EventDispatchChainImpl.java:114)
	at com.sun.javafx.event.BasicEventDispatcher.dispatchEvent(BasicEventDispatcher.java:56)
	at com.sun.javafx.event.EventDispatchChainImpl.dispatchEvent(EventDispatchChainImpl.java:114)
	at com.sun.javafx.event.BasicEventDispatcher.dispatchEvent(BasicEventDispatcher.java:56)
	at com.sun.javafx.event.EventDispatchChainImpl.dispatchEvent(EventDispatchChainImpl.java:114)
	at com.sun.javafx.event.EventUtil.fireEventImpl(EventUtil.java:74)
	at com.sun.javafx.event.EventUtil.fireEvent(EventUtil.java:49)
	at javafx.event.Event.fireEvent(Event.java:199)
	at javafx.scene.Node.fireEvent(Node.java:9005)
	at javafx.scene.control.Button.fire(Button.java:203)
	at com.sun.javafx.scene.control.behavior.ButtonBehavior.mouseReleased(ButtonBehavior.java:207)
	at com.sun.javafx.scene.control.inputmap.InputMap.handle(InputMap.java:274)
	at com.sun.javafx.event.CompositeEventHandler$NormalEventHandlerRecord.handleBubblingEvent(CompositeEventHandler.java:247)
	at com.sun.javafx.event.CompositeEventHandler.dispatchBubblingEvent(CompositeEventHandler.java:80)
	at com.sun.javafx.event.EventHandlerManager.dispatchBubblingEvent(EventHandlerManager.java:232)
	at com.sun.javafx.event.EventHandlerManager.dispatchBubblingEvent(EventHandlerManager.java:189)
	at com.sun.javafx.event.CompositeEventDispatcher.dispatchBubblingEvent(CompositeEventDispatcher.java:59)
	at com.sun.javafx.event.BasicEventDispatcher.dispatchEvent(BasicEventDispatcher.java:58)
	at com.sun.javafx.event.EventDispatchChainImpl.dispatchEvent(EventDispatchChainImpl.java:114)
	at com.sun.javafx.event.BasicEventDispatcher.dispatchEvent(BasicEventDispatcher.java:56)
	at com.sun.javafx.event.EventDispatchChainImpl.dispatchEvent(EventDispatchChainImpl.java:114)
	at com.sun.javafx.event.BasicEventDispatcher.dispatchEvent(BasicEventDispatcher.java:56)
	at com.sun.javafx.event.EventDispatchChainImpl.dispatchEvent(EventDispatchChainImpl.java:114)
	at com.sun.javafx.event.BasicEventDispatcher.dispatchEvent(BasicEventDispatcher.java:56)
	at com.sun.javafx.event.EventDispatchChainImpl.dispatchEvent(EventDispatchChainImpl.java:114)
	at com.sun.javafx.event.EventUtil.fireEventImpl(EventUtil.java:74)
	at com.sun.javafx.event.EventUtil.fireEvent(EventUtil.java:54)
	at javafx.event.Event.fireEvent(Event.java:199)
	at javafx.scene.Scene$MouseHandler.process(Scene.java:4005)
	at javafx.scene.Scene.processMouseEvent(Scene.java:1934)
	at javafx.scene.Scene$ScenePeerListener.mouseEvent(Scene.java:2763)
	at com.sun.javafx.tk.quantum.GlassViewEventHandler$MouseEventNotification.get(GlassViewEventHandler.java:352)
	at com.sun.javafx.tk.quantum.GlassViewEventHandler$MouseEventNotification.get(GlassViewEventHandler.java:254)
	at com.sun.javafx.tk.quantum.QuantumToolkit.runWithoutRenderLock(QuantumToolkit.java:424)
	at com.sun.javafx.tk.quantum.GlassViewEventHandler.handleMouseEvent(GlassViewEventHandler.java:386)
	at com.sun.glass.ui.View.handleMouseEvent(View.java:560)
	at com.sun.glass.ui.View.notifyMouse(View.java:946)
	at com.sun.glass.ui.win.WinApplication._runLoop(Native Method)
	at com.sun.glass.ui.win.WinApplication.lambda$runLoop$0(WinApplication.java:168)
	at java.base/java.lang.Thread.run(Thread.java:1447)
2026-08-28 14:59:14.964 INFO  org.code_studio.rest.CSRestService - 404: http://localhost:33377/api/v1/paletteItem/allPageableByPaletteId/312/0
2026-08-28 15:01:13.286 ERROR org.code_studio.rest.CSRestService - 400: http://localhost:33377/api/v1/item/allByClientIdPageable/0/50008
2026-08-28 15:26:12.399 INFO  org.code_studio.rest.CSRestService - 404: http://localhost:33377/api/v1/paletteItem/allPageableByPaletteId/315/0
2026-08-28 15:26:12.482 INFO  org.code_studio.rest.CSRestService - 404: http://localhost:33377/api/v1/item/allPageableByNameAndClientId/as/50008/0
2026-08-28 15:26:12.754 INFO  org.code_studio.rest.CSRestService - 404: http://localhost:33377/api/v1/paletteItem/allPageableByPaletteId/316/0
2026-08-28 15:26:13.248 INFO  org.code_studio.rest.CSRestService - 404: http://localhost:33377/api/v1/paletteItem/allPageableByPaletteId/312/0
2026-08-28 15:28:30.635 INFO  org.code_studio.rest.CSRestService - 404: http://localhost:33377/api/v1/paletteItem/allPageableByPaletteId/317/0
2026-08-28 15:30:37.861 INFO  org.code_studio.rest.CSRestService - 404: http://localhost:33377/api/v1/paletteItem/allPageableByPaletteId/318/0
