2026-08-26 17:20:50.158 DEBUG o.code_studio.rest.CSRestService$1 - 404: http://localhost:33377/api/v1/craneQueue/allOutputByClientId/50001
2026-08-26 17:20:50.292 INFO  org.code_studio.rest.CSRestService - 404: http://localhost:33377/api/v1/paletteDocument/allPageableByClientIdAndStatusIdAndTypeIdOrderByIdDesc/50001/1/2/0
2026-08-26 17:20:50.444 INFO  org.code_studio.rest.CSRestService - 404: http://localhost:33377/api/v1/palette/allPageableStoredByClientId/50001/0
2026-08-26 17:20:52.010 INFO  org.code_studio.rest.CSRestService - 404: http://localhost:33377/api/v1/paletteItem/allPageableByClientId/50001/0
2026-08-26 17:21:00.777 DEBUG o.code_studio.rest.CSRestService$1 - 404: http://localhost:33377/api/v1/craneQueue/allOutputByClientId/50008
2026-08-26 17:21:00.913 INFO  org.code_studio.rest.CSRestService - 404: http://localhost:33377/api/v1/palette/allPageableByDocumentId/4/0
2026-08-26 17:21:00.964 INFO  org.code_studio.rest.CSRestService - 404: http://localhost:33377/api/v1/palette/allPageableStoredByClientId/50008/0
2026-08-26 17:21:01.011 INFO  org.code_studio.rest.CSRestService - 404: http://localhost:33377/api/v1/paletteItem/allPageableByClientId/50008/0
2026-08-26 17:22:06.917 DEBUG o.code_studio.rest.CSRestService$1 - 404: http://localhost:33377/api/v1/craneQueue/allInputByClientId/50008
2026-08-26 17:22:07.431 INFO  org.code_studio.rest.CSRestService - 404: http://localhost:33377/api/v1/paletteItem/allPageableByPaletteId/262/0
2026-08-26 18:19:19.763 INFO  org.code_studio.rest.CSRestService - 404: http://localhost:33377/api/v1/paletteItem/allPageableByPaletteId/198/0
2026-08-26 18:19:20.714 INFO  org.code_studio.rest.CSRestService - 404: http://localhost:33377/api/v1/paletteItem/allPageableByPaletteId/291/0
2026-08-26 18:19:21.936 INFO  org.code_studio.rest.CSRestService - 404: http://localhost:33377/api/v1/paletteItem/allPageableByPaletteId/198/0
2026-08-26 18:22:58.783 ERROR org.code_studio.rest.CSRestService - 400: http://localhost:33377/api/v1/item/allByClientIdPageable/0/50008
2026-08-26 18:23:08.533 ERROR org.code_studio.rest.CSRestService - 400: http://localhost:33377/api/v1/item/allByClientIdPageable/0/50008
2026-08-26 18:23:17.967 ERROR org.code_studio.rest.CSRestService - 400: http://localhost:33377/api/v1/item/allByClientIdPageable/0/50008
2026-08-26 18:23:50.428 ERROR org.code_studio.rest.CSRestService - 400: http://localhost:33377/api/v1/item/allByClientIdPageable/0/50008
2026-08-26 18:23:56.849 ERROR org.code_studio.rest.CSRestService - 400: http://localhost:33377/api/v1/item/allByClientIdPageable/0/50008
2026-08-26 21:57:56.274 DEBUG o.code_studio.rest.CSRestService$1 - 404: http://localhost:33377/api/v1/craneQueue/allInputByClientId/50008
2026-08-26 21:57:57.122 INFO  org.code_studio.rest.CSRestService - 404: http://localhost:33377/api/v1/paletteItem/allPageableByPaletteId/297/0
2026-08-26 21:58:04.109 INFO  org.code_studio.rest.CSRestService - 404: http://localhost:33377/api/v1/paletteItem/allPageableByPaletteId/294/0
2026-08-26 21:58:16.048 ERROR org.code_studio.rest.CSRestService - 400: http://localhost:33377/api/v1/item/allByClientIdPageable/0/50008
2026-08-26 23:17:54.299 DEBUG o.code_studio.rest.CSRestService$1 - 404: http://localhost:33377/api/v1/craneQueue/allOutputByClientId/50001
2026-08-26 23:17:54.374 INFO  org.code_studio.rest.CSRestService - 404: http://localhost:33377/api/v1/paletteDocument/allPageableByClientIdAndStatusIdAndTypeIdOrderByIdDesc/50001/1/2/0
2026-08-26 23:17:54.489 INFO  org.code_studio.rest.CSRestService - 404: http://localhost:33377/api/v1/palette/allPageableStoredByClientId/50001/0
2026-08-26 23:17:54.781 INFO  org.code_studio.rest.CSRestService - 404: http://localhost:33377/api/v1/paletteItem/allPageableByClientId/50001/0
2026-08-26 23:17:59.571 DEBUG o.code_studio.rest.CSRestService$1 - 404: http://localhost:33377/api/v1/craneQueue/allInputByClientId/50008
2026-08-26 23:18:00.267 INFO  org.code_studio.rest.CSRestService - 404: http://localhost:33377/api/v1/paletteItem/allPageableByPaletteId/297/0
2026-08-26 23:18:23.009 ERROR org.code_studio.rest.CSRestService - 400: http://localhost:33377/api/v1/item/allByClientIdPageable/0/50008
2026-08-26 23:22:00.314 DEBUG o.code_studio.rest.CSRestService$1 - 404: http://localhost:33377/api/v1/craneQueue/allInputByClientId/50008
2026-08-26 23:22:01.132 INFO  org.code_studio.rest.CSRestService - 404: http://localhost:33377/api/v1/paletteItem/allPageableByPaletteId/300/0
2026-08-26 23:22:45.427 ERROR org.code_studio.rest.CSRestService - 400: http://localhost:33377/api/v1/item/allByClientIdPageable/0/50008
