2026-09-01 12:13:03.569 DEBUG o.code_studio.rest.CSRestService$1 - 404: http://localhost:33377/api/v1/craneQueue/allOutputByClientId/50001
2026-09-01 12:13:03.719 INFO  org.code_studio.rest.CSRestService - 404: http://localhost:33377/api/v1/paletteDocument/allPageableByClientIdAndStatusIdAndTypeIdOrderByIdDesc/50001/1/2/0
2026-09-01 12:13:03.828 INFO  org.code_studio.rest.CSRestService - 404: http://localhost:33377/api/v1/palette/allPageableStoredByClientId/50001/0
2026-09-01 12:13:03.900 INFO  org.code_studio.rest.CSRestService - 404: http://localhost:33377/api/v1/paletteItem/allPageableByClientId/50001/0
2026-09-01 12:13:08.390 DEBUG o.code_studio.rest.CSRestService$1 - 404: http://localhost:33377/api/v1/craneQueue/allOutputByClientId/50008
2026-09-01 12:13:08.504 INFO  org.code_studio.rest.CSRestService - 404: http://localhost:33377/api/v1/palette/allPageableByDocumentId/4/0
2026-09-01 12:13:08.540 INFO  org.code_studio.rest.CSRestService - 404: http://localhost:33377/api/v1/palette/allPageableStoredByClientId/50008/0
2026-09-01 12:13:08.551 INFO  org.code_studio.rest.CSRestService - 404: http://localhost:33377/api/v1/paletteItem/allPageableByClientId/50008/0
2026-09-01 12:13:12.906 INFO  org.code_studio.rest.CSRestService - 404: http://localhost:33377/api/v1/palette/allPageableByDocumentId/4/0
2026-09-01 12:13:21.455 INFO  org.code_studio.rest.CSRestService - 404: http://localhost:33377/api/v1/paletteDocument/allPageableByClientIdAndStatusIdAndTypeIdOrderByIdDesc/50001/0/2/0
2026-09-01 12:13:21.456 DEBUG o.code_studio.rest.CSRestService$1 - 404: http://localhost:33377/api/v1/craneQueue/allOutputByClientId/50001
2026-09-01 12:13:21.489 INFO  org.code_studio.rest.CSRestService - 404: http://localhost:33377/api/v1/palette/allPageableStoredByClientId/50001/0
2026-09-01 12:13:21.499 INFO  org.code_studio.rest.CSRestService - 404: http://localhost:33377/api/v1/paletteItem/allPageableByClientId/50001/0
2026-09-01 12:13:24.590 DEBUG o.code_studio.rest.CSRestService$1 - 404: http://localhost:33377/api/v1/craneQueue/allOutputByClientId/50008
2026-09-01 12:13:24.652 INFO  org.code_studio.rest.CSRestService - 404: http://localhost:33377/api/v1/palette/allPageableByDocumentId/4/0
2026-09-01 12:13:24.672 INFO  org.code_studio.rest.CSRestService - 404: http://localhost:33377/api/v1/palette/allPageableStoredByClientId/50008/0
2026-09-01 12:13:24.683 INFO  org.code_studio.rest.CSRestService - 404: http://localhost:33377/api/v1/paletteItem/allPageableByClientId/50008/0
2026-09-01 12:19:49.567 DEBUG o.code_studio.rest.CSRestService$1 - 404: http://localhost:33377/api/v1/craneQueue/allInputByClientId/50008
2026-09-01 12:21:11.910 INFO  org.code_studio.rest.CSRestService - 404: http://localhost:33377/api/v1/paletteItem/allPageableByPaletteId/318/0
2026-09-01 12:21:12.581 INFO  org.code_studio.rest.CSRestService - 404: http://localhost:33377/api/v1/paletteItem/allPageableByPaletteId/307/0
2026-09-01 12:21:13.944 INFO  org.code_studio.rest.CSRestService - 404: http://localhost:33377/api/v1/paletteItem/allPageableByPaletteId/301/0
2026-09-01 12:21:15.509 INFO  org.code_studio.rest.CSRestService - 404: http://localhost:33377/api/v1/paletteItem/allPageableByPaletteId/303/0
2026-09-01 12:22:34.358 INFO  org.code_studio.rest.CSRestService - 404: http://localhost:33377/api/v1/paletteItem/allPageableByPaletteId/355/0
2026-09-01 12:22:34.726 INFO  org.code_studio.rest.CSRestService - 404: http://localhost:33377/api/v1/paletteItem/allPageableByPaletteId/356/0
2026-09-01 13:46:48.973 DEBUG o.code_studio.rest.CSRestService$1 - 404: http://localhost:33377/api/v1/craneQueue/allInputByClientId/50008
2026-09-01 13:46:49.496 INFO  org.code_studio.rest.CSRestService - 404: http://localhost:33377/api/v1/palette/allPageableByDocumentId/11/0
2026-09-01 13:46:59.177 INFO  org.code_studio.rest.CSRestService - 404: http://localhost:33377/api/v1/palette/allPageableByDocumentId/10/0
2026-09-01 13:47:00.394 INFO  org.code_studio.rest.CSRestService - 404: http://localhost:33377/api/v1/palette/allPageableByDocumentId/9/0
2026-09-01 13:47:01.581 INFO  org.code_studio.rest.CSRestService - 404: http://localhost:33377/api/v1/palette/allPageableByDocumentId/11/0
2026-09-01 13:47:04.865 INFO  org.code_studio.rest.CSRestService - 404: http://localhost:33377/api/v1/palette/allPageableByDocumentId/10/0
2026-09-01 13:47:05.688 INFO  org.code_studio.rest.CSRestService - 404: http://localhost:33377/api/v1/palette/allPageableByDocumentId/9/0
2026-09-01 13:47:08.940 INFO  org.code_studio.rest.CSRestService - 404: http://localhost:33377/api/v1/palette/allPageableByDocumentId/11/0
2026-09-01 13:47:13.167 INFO  org.code_studio.rest.CSRestService - 404: http://localhost:33377/api/v1/palette/allPageableByDocumentId/5/0
2026-09-01 13:47:19.159 INFO  org.code_studio.rest.CSRestService - 404: http://localhost:33377/api/v1/palette/allPageableByDocumentId/11/0
2026-09-01 13:48:43.364 INFO  org.code_studio.rest.CSRestService - 404: http://localhost:33377/api/v1/palette/allPageableByDocumentId/10/0
2026-09-01 13:48:49.338 INFO  org.code_studio.rest.CSRestService - 404: http://localhost:33377/api/v1/palette/allPageableByDocumentId/9/0
2026-09-01 13:48:53.133 INFO  org.code_studio.rest.CSRestService - 404: http://localhost:33377/api/v1/palette/allPageableByDocumentId/8/0
2026-09-01 13:48:58.658 INFO  org.code_studio.rest.CSRestService - 404: http://localhost:33377/api/v1/palette/allPageableByDocumentId/7/0
2026-09-01 13:49:01.603 INFO  org.code_studio.rest.CSRestService - 404: http://localhost:33377/api/v1/palette/allPageableByDocumentId/5/0
2026-09-01 13:49:11.373 DEBUG o.code_studio.rest.CSRestService$1 - 404: http://localhost:33377/api/v1/craneQueue/allOutputByClientId/50001
2026-09-01 13:49:11.389 INFO  org.code_studio.rest.CSRestService - 404: http://localhost:33377/api/v1/paletteDocument/allPageableByClientIdAndStatusIdAndTypeIdOrderByIdDesc/50001/1/2/0
2026-09-01 13:49:11.438 INFO  org.code_studio.rest.CSRestService - 404: http://localhost:33377/api/v1/palette/allPageableStoredByClientId/50001/0
2026-09-01 13:49:11.562 INFO  org.code_studio.rest.CSRestService - 404: http://localhost:33377/api/v1/paletteItem/allPageableByClientId/50001/0
2026-09-01 13:49:14.019 DEBUG o.code_studio.rest.CSRestService$1 - 404: http://localhost:33377/api/v1/craneQueue/allOutputByClientId/50008
2026-09-01 13:49:14.070 INFO  org.code_studio.rest.CSRestService - 404: http://localhost:33377/api/v1/palette/allPageableByDocumentId/4/0
2026-09-01 13:49:14.093 INFO  org.code_studio.rest.CSRestService - 404: http://localhost:33377/api/v1/palette/allPageableStoredByClientId/50008/0
2026-09-01 13:49:14.100 INFO  org.code_studio.rest.CSRestService - 404: http://localhost:33377/api/v1/paletteItem/allPageableByClientId/50008/0
2026-09-01 13:49:22.597 DEBUG o.code_studio.rest.CSRestService$1 - 404: http://localhost:33377/api/v1/craneQueue/allOutputByClientId/50001
2026-09-01 13:49:22.599 INFO  org.code_studio.rest.CSRestService - 404: http://localhost:33377/api/v1/paletteDocument/allPageableByClientIdAndStatusIdAndTypeIdOrderByIdDesc/50001/1/2/0
2026-09-01 13:49:22.619 INFO  org.code_studio.rest.CSRestService - 404: http://localhost:33377/api/v1/palette/allPageableStoredByClientId/50001/0
2026-09-01 13:49:22.625 INFO  org.code_studio.rest.CSRestService - 404: http://localhost:33377/api/v1/paletteItem/allPageableByClientId/50001/0
2026-09-01 13:49:25.691 INFO  org.code_studio.rest.CSRestService - 404: http://localhost:33377/api/v1/paletteDocument/allPageableByClientIdAndStatusIdAndTypeIdOrderByIdDesc/50001/0/2/0
2026-09-01 13:49:27.248 DEBUG o.code_studio.rest.CSRestService$1 - 404: http://localhost:33377/api/v1/craneQueue/allOutputByClientId/50008
2026-09-01 13:49:27.297 INFO  org.code_studio.rest.CSRestService - 404: http://localhost:33377/api/v1/palette/allPageableByDocumentId/4/0
2026-09-01 13:49:27.310 INFO  org.code_studio.rest.CSRestService - 404: http://localhost:33377/api/v1/palette/allPageableStoredByClientId/50008/0
2026-09-01 13:49:27.317 INFO  org.code_studio.rest.CSRestService - 404: http://localhost:33377/api/v1/paletteItem/allPageableByClientId/50008/0
